Archive member included to satisfy reference by file (symbol)

/usr/lib/gcc/arm-none-eabi/13.2.1/../../../arm-none-eabi/lib/thumb/v7e-m/nofp/libc_nano.a(libc_a-vsnprintf.o)
                              build/slave/uart_debug.o (vsnprintf)
/usr/lib/gcc/arm-none-eabi/13.2.1/../../../arm-none-eabi/lib/thumb/v7e-m/nofp/libc_nano.a(libc_a-impure.o)
                              /usr/lib/gcc/arm-none-eabi/13.2.1/../../../arm-none-eabi/lib/thumb/v7e-m/nofp/libc_nano.a(libc_a-vsnprintf.o) (_impure_ptr)
/usr/lib/gcc/arm-none-eabi/13.2.1/../../../arm-none-eabi/lib/thumb/v7e-m/nofp/libc_nano.a(libc_a-nano-svfprintf.o)
                              /usr/lib/gcc/arm-none-eabi/13.2.1/../../../arm-none-eabi/lib/thumb/v7e-m/nofp/libc_nano.a(libc_a-vsnprintf.o) (_svfprintf_r)
/usr/lib/gcc/arm-none-eabi/13.2.1/../../../arm-none-eabi/lib/thumb/v7e-m/nofp/libc_nano.a(libc_a-init.o)
                              /usr/lib/gcc/arm-none-eabi/13.2.1/../../../arm-none-eabi/lib/thumb/v7e-m/nofp/crt0.o (__libc_init_array)
/usr/lib/gcc/arm-none-eabi/13.2.1/../../../arm-none-eabi/lib/thumb/v7e-m/nofp/libc_nano.a(libc_a-memset.o)
                              /usr/lib/gcc/arm-none-eabi/13.2.1/../../../arm-none-eabi/lib/thumb/v7e-m/nofp/crt0.o (memset)
/usr/lib/gcc/arm-none-eabi/13.2.1/../../../arm-none-eabi/lib/thumb/v7e-m/nofp/libc_nano.a(libc_a-mallocr.o)
                              /usr/lib/gcc/arm-none-eabi/13.2.1/../../../arm-none-eabi/lib/thumb/v7e-m/nofp/libc_nano.a(libc_a-nano-svfprintf.o) (_malloc_r)
/usr/lib/gcc/arm-none-eabi/13.2.1/../../../arm-none-eabi/lib/thumb/v7e-m/nofp/libc_nano.a(libc_a-freer.o)
                              /usr/lib/gcc/arm-none-eabi/13.2.1/../../../arm-none-eabi/lib/thumb/v7e-m/nofp/libc_nano.a(libc_a-nano-svfprintf.o) (_free_r)
/usr/lib/gcc/arm-none-eabi/13.2.1/../../../arm-none-eabi/lib/thumb/v7e-m/nofp/libc_nano.a(libc_a-memmove.o)
                              /usr/lib/gcc/arm-none-eabi/13.2.1/../../../arm-none-eabi/lib/thumb/v7e-m/nofp/libc_nano.a(libc_a-nano-svfprintf.o) (memmove)
/usr/lib/gcc/arm-none-eabi/13.2.1/../../../arm-none-eabi/lib/thumb/v7e-m/nofp/libc_nano.a(libc_a-memchr.o)
                              /usr/lib/gcc/arm-none-eabi/13.2.1/../../../arm-none-eabi/lib/thumb/v7e-m/nofp/libc_nano.a(libc_a-nano-svfprintf.o) (memchr)
/usr/lib/gcc/arm-none-eabi/13.2.1/../../../arm-none-eabi/lib/thumb/v7e-m/nofp/libc_nano.a(libc_a-memcpy.o)
                              build/slave/uart_debug.o (memcpy)
/usr/lib/gcc/arm-none-eabi/13.2.1/../../../arm-none-eabi/lib/thumb/v7e-m/nofp/libc_nano.a(libc_a-reallocr.o)
                              /usr/lib/gcc/arm-none-eabi/13.2.1/../../../arm-none-eabi/lib/thumb/v7e-m/nofp/libc_nano.a(libc_a-nano-svfprintf.o) (_realloc_r)
/usr/lib/gcc/arm-none-eabi/13.2.1/../../../arm-none-eabi/lib/thumb/v7e-m/nofp/libc_nano.a(libc_a-nano-vfprintf_i.o)
                              /usr/lib/gcc/arm-none-eabi/13.2.1/../../../arm-none-eabi/lib/thumb/v7e-m/nofp/libc_nano.a(libc_a-nano-svfprintf.o) (_printf_i)
/usr/lib/gcc/arm-none-eabi/13.2.1/../../../arm-none-eabi/lib/thumb/v7e-m/nofp/libc_nano.a(libc_a-mlock.o)
                              /usr/lib/gcc/arm-none-eabi/13.2.1/../../../arm-none-eabi/lib/thumb/v7e-m/nofp/libc_nano.a(libc_a-mallocr.o) (__malloc_lock)
/usr/lib/gcc/arm-none-eabi/13.2.1/../../../arm-none-eabi/lib/thumb/v7e-m/nofp/libc_nano.a(libc_a-strncmp.o)
                              build/slave/main_slave.o (strncmp)
/usr/lib/gcc/arm-none-eabi/13.2.1/../../../arm-none-eabi/lib/thumb/v7e-m/nofp/libc_nano.a(libc_a-exit.o)
                              /usr/lib/gcc/arm-none-eabi/13.2.1/../../../arm-none-eabi/lib/thumb/v7e-m/nofp/crt0.o (exit)
/usr/lib/gcc/arm-none-eabi/13.2.1/../../../arm-none-eabi/lib/thumb/v7e-m/nofp/libc_nano.a(libc_a-atexit.o)
                              /usr/lib/gcc/arm-none-eabi/13.2.1/../../../arm-none-eabi/lib/thumb/v7e-m/nofp/crt0.o (atexit)
/usr/lib/gcc/arm-none-eabi/13.2.1/../../../arm-none-eabi/lib/thumb/v7e-m/nofp/libc_nano.a(libc_a-fini.o)
                              /usr/lib/gcc/arm-none-eabi/13.2.1/../../../arm-none-eabi/lib/thumb/v7e-m/nofp/crt0.o (__libc_fini_array)
/usr/lib/gcc/arm-none-eabi/13.2.1/../../../arm-none-eabi/lib/thumb/v7e-m/nofp/libc_nano.a(libc_a-sbrkr.o)
                              /usr/lib/gcc/arm-none-eabi/13.2.1/../../../arm-none-eabi/lib/thumb/v7e-m/nofp/libc_nano.a(libc_a-mallocr.o) (_sbrk_r)
/usr/lib/gcc/arm-none-eabi/13.2.1/../../../arm-none-eabi/lib/thumb/v7e-m/nofp/libc_nano.a(libc_a-msizer.o)
                              /usr/lib/gcc/arm-none-eabi/13.2.1/../../../arm-none-eabi/lib/thumb/v7e-m/nofp/libc_nano.a(libc_a-reallocr.o) (_malloc_usable_size_r)
/usr/lib/gcc/arm-none-eabi/13.2.1/../../../arm-none-eabi/lib/thumb/v7e-m/nofp/libc_nano.a(libc_a-findfp.o)
                              /usr/lib/gcc/arm-none-eabi/13.2.1/../../../arm-none-eabi/lib/thumb/v7e-m/nofp/libc_nano.a(libc_a-exit.o) (__stdio_exit_handler)
[...]
Memory Configuration

Name             Origin             Length             Attributes
ROM              0x08000000         0x00040000         xr
RAM1             0x20000000         0x00008000         xrw
RAM2             0x20008000         0x00008000         xrw
*default*        0x00000000         0xffffffff

Linker script and memory map

LOAD /usr/lib/gcc/arm-none-eabi/13.2.1/thumb/v7e-m/nofp/crti.o
LOAD /usr/lib/gcc/arm-none-eabi/13.2.1/thumb/v7e-m/nofp/crtbegin.o
LOAD /usr/lib/gcc/arm-none-eabi/13.2.1/../../../arm-none-eabi/lib/thumb/v7e-m/nofp/crt0.o
LOAD build/slave/system_stm32wlxx.o
LOAD build/slave/stm32wlxx_hal.o
LOAD build/slave/stm32wlxx_hal_cortex.o
LOAD build/slave/stm32wlxx_hal_rcc.o
LOAD build/slave/stm32wlxx_hal_rcc_ex.o
LOAD build/slave/stm32wlxx_hal_gpio.o
LOAD build/slave/stm32wlxx_hal_uart.o
LOAD build/slave/stm32wlxx_hal_uart_ex.o
LOAD build/slave/stm32wlxx_hal_subghz.o
LOAD build/slave/stm32wlxx_hal_pwr.o
LOAD build/slave/stm32wlxx_hal_pwr_ex.o
LOAD build/slave/stm32wlxx_hal_dma.o
LOAD build/slave/stm32wlxx_hal_flash.o
LOAD build/slave/stm32wlxx_hal_flash_ex.o
LOAD build/slave/hw_init.o
LOAD build/slave/lora_p2p.o
LOAD build/slave/uart_debug.o
LOAD build/slave/main_slave.o
LOAD build/slave/startup_stm32wle5xx.o
LOAD /usr/lib/gcc/arm-none-eabi/13.2.1/../../../arm-none-eabi/lib/thumb/v7e-m/nofp/libc_nano.a
LOAD /usr/lib/gcc/arm-none-eabi/13.2.1/../../../arm-none-eabi/lib/thumb/v7e-m/nofp/libm.a
LOAD /usr/lib/gcc/arm-none-eabi/13.2.1/../../../arm-none-eabi/lib/thumb/v7e-m/nofp/libnosys.a
START GROUP
LOAD /usr/lib/gcc/arm-none-eabi/13.2.1/thumb/v7e-m/nofp/libgcc.a
LOAD /usr/lib/gcc/arm-none-eabi/13.2.1/../../../arm-none-eabi/lib/thumb/v7e-m/nofp/libc_nano.a
END GROUP
START GROUP
LOAD /usr/lib/gcc/arm-none-eabi/13.2.1/thumb/v7e-m/nofp/libgcc.a
LOAD /usr/lib/gcc/arm-none-eabi/13.2.1/../../../arm-none-eabi/lib/thumb/v7e-m/nofp/libc_nano.a
LOAD /usr/lib/gcc/arm-none-eabi/13.2.1/../../../arm-none-eabi/lib/thumb/v7e-m/nofp/libnosys.a
END GROUP
START GROUP
LOAD /usr/lib/gcc/arm-none-eabi/13.2.1/thumb/v7e-m/nofp/libgcc.a
LOAD /usr/lib/gcc/arm-none-eabi/13.2.1/../../../arm-none-eabi/lib/thumb/v7e-m/nofp/libc_nano.a
LOAD /usr/lib/gcc/arm-none-eabi/13.2.1/../../../arm-none-eabi/lib/thumb/v7e-m/nofp/libnosys.a
END GROUP
LOAD /usr/lib/gcc/arm-none-eabi/13.2.1/thumb/v7e-m/nofp/crtend.o
LOAD /usr/lib/gcc/arm-none-eabi/13.2.1/thumb/v7e-m/nofp/crtn.o
                0x20008000                        _estack = (ORIGIN (RAM1) + LENGTH (RAM1))
                0x00000200                        _Min_Heap_Size = 0x200
                0x00000400                        _Min_Stack_Size = 0x400

.isr_vector     0x08000000      0x138
                0x08000000                        . = ALIGN (0x8)
 *(.isr_vector)
 .isr_vector    0x08000000      0x138 build/slave/startup_stm32wle5xx.o
                0x08000000                g_pfnVectors
                0x08000138                        . = ALIGN (0x8)

.text           0x08000140     0x30e0
                0x08000140                        . = ALIGN (0x8)
 *(.text)
 .text          0x08000140       0x88 /usr/lib/gcc/arm-none-eabi/13.2.1/thumb/v7e-m/nofp/crtbegin.o
 .text          0x080001c8       0xec /usr/lib/gcc/arm-none-eabi/13.2.1/../../../arm-none-eabi/lib/thumb/v7e-m/nofp/libc_nano.a(libc_a-vsnprintf.o)
                0x080001c8                vsnprintf
                0x080001c8                vsniprintf
                0x08000240                _vsnprintf_r
                0x08000240                _vsniprintf_r
 .text          0x080002b4      0x400 /usr/lib/gcc/arm-none-eabi/13.2.1/../../../arm-none-eabi/lib/thumb/v7e-m/nofp/libc_nano.a(libc_a-nano-svfprintf.o)
                0x080002b4                __ssputs_r
                0x08000374                __ssprint_r
                0x0800047c                _svfprintf_r
                0x0800047c                _svfiprintf_r
 .text          0x080006b4       0x50 /usr/lib/gcc/arm-none-eabi/13.2.1/../../../arm-none-eabi/lib/thumb/v7e-m/nofp/libc_nano.a(libc_a-init.o)
                0x080006b4                __libc_init_array
 .text          0x08000704       0xa4 /usr/lib/gcc/arm-none-eabi/13.2.1/../../../arm-none-eabi/lib/thumb/v7e-m/nofp/libc_nano.a(libc_a-memset.o)
                0x08000704                memset
 .text          0x080007a8      0x148 /usr/lib/gcc/arm-none-eabi/13.2.1/../../../arm-none-eabi/lib/thumb/v7e-m/nofp/libc_nano.a(libc_a-mallocr.o)
                0x080007f0                _malloc_r
 .text          0x080008f0       0xbc /usr/lib/gcc/arm-none-eabi/13.2.1/../../../arm-none-eabi/lib/thumb/v7e-m/nofp/libc_nano.a(libc_a-freer.o)
                0x080008f0                _free_r
 .text          0x080009ac      0x100 /usr/lib/gcc/arm-none-eabi/13.2.1/../../../arm-none-eabi/lib/thumb/v7e-m/nofp/libc_nano.a(libc_a-memmove.o)
                0x080009ac                memmove
 *fill*         0x08000aac        0x4 
 .text          0x08000ab0       0xa0 /usr/lib/gcc/arm-none-eabi/13.2.1/../../../arm-none-eabi/lib/thumb/v7e-m/nofp/libc_nano.a(libc_a-memchr.o)
                0x08000ab0                memchr
 .text          0x08000b50      0x134 /usr/lib/gcc/arm-none-eabi/13.2.1/../../../arm-none-eabi/lib/thumb/v7e-m/nofp/libc_nano.a(libc_a-memcpy.o)
                0x08000b50                memcpy
 .text          0x08000c84       0x64 /usr/lib/gcc/arm-none-eabi/13.2.1/../../../arm-none-eabi/lib/thumb/v7e-m/nofp/libc_nano.a(libc_a-reallocr.o)
                0x08000c84                _realloc_r
 .text          0x08000ce8      0x3a8 /usr/lib/gcc/arm-none-eabi/13.2.1/../../../arm-none-eabi/lib/thumb/v7e-m/nofp/libc_nano.a(libc_a-nano-vfprintf_i.o)
                0x08000ce8                _printf_common
                0x08000e0c                _printf_i
 .text          0x08001090        0x8 /usr/lib/gcc/arm-none-eabi/13.2.1/../../../arm-none-eabi/lib/thumb/v7e-m/nofp/libc_nano.a(libc_a-mlock.o)
                0x08001090                __malloc_lock
                0x08001094                __malloc_unlock
 .text          0x08001098       0x8c /usr/lib/gcc/arm-none-eabi/13.2.1/../../../arm-none-eabi/lib/thumb/v7e-m/nofp/libc_nano.a(libc_a-strncmp.o)
                0x08001098                strncmp
 .text          0x08001124       0x24 /usr/lib/gcc/arm-none-eabi/13.2.1/../../../arm-none-eabi/lib/thumb/v7e-m/nofp/libc_nano.a(libc_a-sbrkr.o)
                0x08001124                _sbrk_r
 .text          0x08001148       0x10 /usr/lib/gcc/arm-none-eabi/13.2.1/../../../arm-none-eabi/lib/thumb/v7e-m/nofp/libc_nano.a(libc_a-msizer.o)
                0x08001148                _malloc_usable_size_r
 .text          0x08001158       0x1c /usr/lib/gcc/arm-none-eabi/13.2.1/../../../arm-none-eabi/lib/thumb/v7e-m/nofp/libnosys.a(sbrk.o)
                0x08001158                _sbrk
 .text          0x08001174       0x30 /usr/lib/gcc/arm-none-eabi/13.2.1/thumb/v7e-m/nofp/libgcc.a(_aeabi_uldivmod.o)
                0x08001174                __aeabi_uldivmod
 .text          0x080011a4      0x2bc /usr/lib/gcc/arm-none-eabi/13.2.1/thumb/v7e-m/nofp/libgcc.a(_udivmoddi4.o)
                0x080011a4                __udivmoddi4
 .text          0x08001460        0x4 /usr/lib/gcc/arm-none-eabi/13.2.1/thumb/v7e-m/nofp/libgcc.a(_dvmd_tls.o)
                0x08001460                __aeabi_ldiv0
                0x08001460                __aeabi_idiv0
 *(.text*)
 .text.SystemInit
                0x08001464        0x2 build/slave/system_stm32wlxx.o
                0x08001464                SystemInit
 .text.HAL_MspInit
                0x08001466        0x2 build/slave/stm32wlxx_hal.o
                0x08001466                HAL_MspInit
 .text.HAL_InitTick
                0x08001468       0x4c build/slave/stm32wlxx_hal.o
                0x08001468                HAL_InitTick
 .text.HAL_Init
                0x080014b4       0x2c build/slave/stm32wlxx_hal.o
                0x080014b4                HAL_Init
 .text.HAL_GetTick
                0x080014e0        0xc build/slave/stm32wlxx_hal.o
                0x080014e0                HAL_GetTick
 .text.HAL_Delay
                0x080014ec       0x28 build/slave/stm32wlxx_hal.o
                0x080014ec                HAL_Delay
 .text.HAL_NVIC_SetPriorityGrouping
                0x08001514       0x24 build/slave/stm32wlxx_hal_cortex.o
                0x08001514                HAL_NVIC_SetPriorityGrouping
 .text.HAL_NVIC_SetPriority
                0x08001538       0x64 build/slave/stm32wlxx_hal_cortex.o
                0x08001538                HAL_NVIC_SetPriority
 .text.HAL_NVIC_EnableIRQ
                0x0800159c       0x1c build/slave/stm32wlxx_hal_cortex.o
                0x0800159c                HAL_NVIC_EnableIRQ
 .text.HAL_SYSTICK_Config
                0x080015b8       0x28 build/slave/stm32wlxx_hal_cortex.o
                0x080015b8                HAL_SYSTICK_Config
 .text.LL_RCC_HSE_IsReady
                0x080015e0        0xc build/slave/stm32wlxx_hal_rcc.o
 .text.LL_RCC_MSI_IsReady
                0x080015ec        0xc build/slave/stm32wlxx_hal_rcc.o
 .text.LL_RCC_MSI_SetCalibTrimming
                0x080015f8       0x12 build/slave/stm32wlxx_hal_rcc.o
 .text.LL_RCC_PLL_IsReady
                0x0800160a        0xc build/slave/stm32wlxx_hal_rcc.o
 *fill*         0x08001616        0x2 
 .text.RCC_SetFlashLatencyFromMSIRange
                0x08001618       0xd4 build/slave/stm32wlxx_hal_rcc.o
 .text.HAL_RCC_GetSysClockFreq
                0x080016ec       0xdc build/slave/stm32wlxx_hal_rcc.o
                0x080016ec                HAL_RCC_GetSysClockFreq
 .text.HAL_RCC_GetHCLKFreq
                0x080017c8       0x20 build/slave/stm32wlxx_hal_rcc.o
                0x080017c8                HAL_RCC_GetHCLKFreq
 .text.HAL_RCC_OscConfig
                0x080017e8      0x534 build/slave/stm32wlxx_hal_rcc.o
                0x080017e8                HAL_RCC_OscConfig
 .text.HAL_RCC_ClockConfig
                0x08001d1c      0x1c0 build/slave/stm32wlxx_hal_rcc.o
                0x08001d1c                HAL_RCC_ClockConfig
 .text.HAL_RCC_GetPCLK1Freq
                0x08001edc       0x20 build/slave/stm32wlxx_hal_rcc.o
                0x08001edc                HAL_RCC_GetPCLK1Freq
 .text.HAL_RCC_GetPCLK2Freq
                0x08001efc       0x20 build/slave/stm32wlxx_hal_rcc.o
                0x08001efc                HAL_RCC_GetPCLK2Freq
 .text.HAL_GPIO_Init
                0x08001f1c      0x158 build/slave/stm32wlxx_hal_gpio.o
                0x08001f1c                HAL_GPIO_Init
 .text.UART_EndRxTransfer
                0x08002074       0x58 build/slave/stm32wlxx_hal_uart.o
 .text.HAL_UART_MspInit
                0x080020cc        0x2 build/slave/stm32wlxx_hal_uart.o
                0x080020cc                HAL_UART_MspInit
 *fill*         0x080020ce        0x2 
 .text.UART_SetConfig
                0x080020d0      0x214 build/slave/stm32wlxx_hal_uart.o
                0x080020d0                UART_SetConfig
 .text.UART_AdvFeatureConfig
                0x080022e4       0xa8 build/slave/stm32wlxx_hal_uart.o
                0x080022e4                UART_AdvFeatureConfig
 .text.UART_WaitOnFlagUntilTimeout
                0x0800238c       0x90 build/slave/stm32wlxx_hal_uart.o
                0x0800238c                UART_WaitOnFlagUntilTimeout
 .text.HAL_UART_Transmit
                0x0800241c       0xb6 build/slave/stm32wlxx_hal_uart.o
                0x0800241c                HAL_UART_Transmit
 .text.UART_CheckIdleState
                0x080024d2       0xb6 build/slave/stm32wlxx_hal_uart.o
                0x080024d2                UART_CheckIdleState
 .text.HAL_UART_Init
                0x08002588       0x60 build/slave/stm32wlxx_hal_uart.o
                0x08002588                HAL_UART_Init
 .text.LL_PWR_UnselectSUBGHZSPI_NSS
                0x080025e8       0x14 build/slave/stm32wlxx_hal_subghz.o
 .text.LL_PWR_SelectSUBGHZSPI_NSS
                0x080025fc       0x14 build/slave/stm32wlxx_hal_subghz.o
 .text.HAL_SUBGHZ_MspInit
                0x08002610        0x2 build/slave/stm32wlxx_hal_subghz.o
                0x08002610                HAL_SUBGHZ_MspInit
 *fill*         0x08002612        0x2 
 .text.SUBGHZSPI_Init
                0x08002614       0x24 build/slave/stm32wlxx_hal_subghz.o
                0x08002614                SUBGHZSPI_Init
 .text.HAL_SUBGHZ_Init
                0x08002638       0xb8 build/slave/stm32wlxx_hal_subghz.o
                0x08002638                HAL_SUBGHZ_Init
 .text.SUBGHZSPI_Transmit
                0x080026f0       0x68 build/slave/stm32wlxx_hal_subghz.o
                0x080026f0                SUBGHZSPI_Transmit
 .text.SUBGHZSPI_Receive
                0x08002758       0x6c build/slave/stm32wlxx_hal_subghz.o
                0x08002758                SUBGHZSPI_Receive
 .text.SUBGHZ_WaitOnBusy
                0x080027c4       0x44 build/slave/stm32wlxx_hal_subghz.o
                0x080027c4                SUBGHZ_WaitOnBusy
 .text.SUBGHZ_CheckDeviceReady
                0x08002808       0x30 build/slave/stm32wlxx_hal_subghz.o
                0x08002808                SUBGHZ_CheckDeviceReady
 .text.HAL_SUBGHZ_ExecSetCmd
                0x08002838       0x70 build/slave/stm32wlxx_hal_subghz.o
                0x08002838                HAL_SUBGHZ_ExecSetCmd
 .text.HAL_SUBGHZ_ExecGetCmd
                0x080028a8       0x66 build/slave/stm32wlxx_hal_subghz.o
                0x080028a8                HAL_SUBGHZ_ExecGetCmd
 .text.HAL_SUBGHZ_WriteBuffer
                0x0800290e       0x66 build/slave/stm32wlxx_hal_subghz.o
                0x0800290e                HAL_SUBGHZ_WriteBuffer
 .text.HAL_SUBGHZ_ReadBuffer
                0x08002974       0x6e build/slave/stm32wlxx_hal_subghz.o
                0x08002974                HAL_SUBGHZ_ReadBuffer
 *fill*         0x080029e2        0x2 
 .text.HAL_PWR_EnableBkUpAccess
                0x080029e4       0x10 build/slave/stm32wlxx_hal_pwr.o
                0x080029e4                HAL_PWR_EnableBkUpAccess
 .text.HAL_PWREx_GetVoltageRange
                0x080029f4       0x10 build/slave/stm32wlxx_hal_pwr_ex.o
                0x080029f4                HAL_PWREx_GetVoltageRange
 .text.LL_AHB2_GRP1_EnableClock
                0x08002a04       0x18 build/slave/hw_init.o
 .text.hw_init  0x08002a1c       0xb4 build/slave/hw_init.o
                0x08002a1c                hw_init
 .text.sx_cmd1  0x08002ad0       0x20 build/slave/lora_p2p.o
 .text.sx_set_pkt_params
                0x08002af0       0x38 build/slave/lora_p2p.o
 .text.lora_p2p_init
                0x08002b28      0x1b0 build/slave/lora_p2p.o
                0x08002b28                lora_p2p_init
 .text.lora_p2p_register_rx_callback
                0x08002cd8        0xc build/slave/lora_p2p.o
                0x08002cd8                lora_p2p_register_rx_callback
 .text.lora_p2p_register_tx_callback
                0x08002ce4        0xc build/slave/lora_p2p.o
                0x08002ce4                lora_p2p_register_tx_callback
 .text.lora_p2p_register_rx_timeout_callback
                0x08002cf0        0xc build/slave/lora_p2p.o
                0x08002cf0                lora_p2p_register_rx_timeout_callback
 .text.lora_p2p_receive
                0x08002cfc       0x44 build/slave/lora_p2p.o
                0x08002cfc                lora_p2p_receive
 .text.lora_p2p_standby
                0x08002d40        0xe build/slave/lora_p2p.o
                0x08002d40                lora_p2p_standby
 *fill*         0x08002d4e        0x2 
 .text.lora_p2p_send
                0x08002d50       0x4c build/slave/lora_p2p.o
                0x08002d50                lora_p2p_send
 .text.lora_p2p_irq_process
                0x08002d9c      0x100 build/slave/lora_p2p.o
                0x08002d9c                lora_p2p_irq_process
 .text.debug_printf
                0x08002e9c       0x38 build/slave/uart_debug.o
                0x08002e9c                debug_printf
 .text.debug_println
                0x08002ed4       0x44 build/slave/uart_debug.o
                0x08002ed4                debug_println
 .text.on_rx_timeout
                0x08002f18       0x18 build/slave/main_slave.o
 .text.on_tx_done
                0x08002f30       0x2c build/slave/main_slave.o
 .text.on_rx    0x08002f5c       0xf0 build/slave/main_slave.o
 .text.startup.main
                0x0800304c      0x160 build/slave/main_slave.o
                0x0800304c                main
 .text.SUBGHZ_Radio_IRQHandler
                0x080031ac        0x4 build/slave/main_slave.o
                0x080031ac                SUBGHZ_Radio_IRQHandler
 .text.Reset_Handler
                0x080031b0       0x50 build/slave/startup_stm32wle5xx.o
                0x080031b0                Reset_Handler
 .text.Default_Handler
                0x08003200        0x2 build/slave/startup_stm32wle5xx.o
                0x08003200                RTC_Alarm_IRQHandler
                0x08003200                EXTI2_IRQHandler
                0x08003200                DebugMon_Handler
                0x08003200                TIM1_CC_IRQHandler
                0x08003200                HardFault_Handler
                0x08003200                SysTick_Handler
                0x08003200                PendSV_Handler
                0x08003200                NMI_Handler
                0x08003200                EXTI3_IRQHandler
                0x08003200                LPTIM2_IRQHandler
                0x08003200                I2C3_ER_IRQHandler
                0x08003200                LPTIM3_IRQHandler
                0x08003200                EXTI0_IRQHandler
                0x08003200                I2C2_EV_IRQHandler
                0x08003200                UsageFault_Handler
                0x08003200                TAMP_STAMP_LSECSS_SSRU_IRQHandler
                0x08003200                SPI1_IRQHandler
                0x08003200                DMA2_Channel2_IRQHandler
                0x08003200                DMA1_Channel4_IRQHandler
                0x08003200                PKA_IRQHandler
                0x08003200                TIM17_IRQHandler
                0x08003200                DMA1_Channel7_IRQHandler
                0x08003200                SUBGHZSPI_IRQHandler
                0x08003200                DMA2_Channel1_IRQHandler
                0x08003200                I2C1_EV_IRQHandler
                0x08003200                DMAMUX1_OVR_IRQHandler
                0x08003200                DMA1_Channel6_IRQHandler
                0x08003200                TIM16_IRQHandler
                0x08003200                DMA2_Channel4_IRQHandler
                0x08003200                RCC_IRQHandler
                0x08003200                TIM1_TRG_COM_IRQHandler
                0x08003200                DMA1_Channel1_IRQHandler
                0x08003200                Default_Handler
                0x08003200                DMA2_Channel7_IRQHandler
                0x08003200                EXTI15_10_IRQHandler
                0x08003200                ADC_IRQHandler
                0x08003200                I2C3_EV_IRQHandler
                0x08003200                EXTI9_5_IRQHandler
                0x08003200                RTC_WKUP_IRQHandler
                0x08003200                PVD_PVM_IRQHandler
                0x08003200                SPI2_IRQHandler
                0x08003200                MemManage_Handler
                0x08003200                SVC_Handler
                0x08003200                DMA2_Channel5_IRQHandler
                0x08003200                DMA1_Channel5_IRQHandler
                0x08003200                EXTI4_IRQHandler
                0x08003200                RNG_IRQHandler
                0x08003200                DMA1_Channel3_IRQHandler
                0x08003200                COMP_IRQHandler
                0x08003200                HSEM_IRQHandler
                0x08003200                TIM1_UP_IRQHandler
                0x08003200                WWDG_IRQHandler
                0x08003200                LPUART1_IRQHandler
                0x08003200                DMA2_Channel6_IRQHandler
                0x08003200                TIM2_IRQHandler
                0x08003200                TIM1_BRK_IRQHandler
                0x08003200                DAC_IRQHandler
                0x08003200                EXTI1_IRQHandler
                0x08003200                AES_IRQHandler
                0x08003200                USART2_IRQHandler
                0x08003200                I2C2_ER_IRQHandler
                0x08003200                DMA1_Channel2_IRQHandler
                0x08003200                FLASH_IRQHandler
                0x08003200                BusFault_Handler
                0x08003200                USART1_IRQHandler
                0x08003200                I2C1_ER_IRQHandler
                0x08003200                LPTIM1_IRQHandler
                0x08003200                DMA2_Channel3_IRQHandler
 *(.glue_7)
 .glue_7        0x08003202        0x0 linker stubs
 *(.glue_7t)
 .glue_7t       0x08003202        0x0 linker stubs
 *(.eh_frame)
 *fill*         0x08003202        0x2 
 .eh_frame      0x08003204        0x0 /usr/lib/gcc/arm-none-eabi/13.2.1/thumb/v7e-m/nofp/crtbegin.o
 *(.init)
 .init          0x08003204        0x4 /usr/lib/gcc/arm-none-eabi/13.2.1/thumb/v7e-m/nofp/crti.o
                0x08003204                _init
 .init          0x08003208        0x8 /usr/lib/gcc/arm-none-eabi/13.2.1/thumb/v7e-m/nofp/crtn.o
 *(.fini)
 .fini          0x08003210        0x4 /usr/lib/gcc/arm-none-eabi/13.2.1/thumb/v7e-m/nofp/crti.o
                0x08003210                _fini
 .fini          0x08003214        0x8 /usr/lib/gcc/arm-none-eabi/13.2.1/thumb/v7e-m/nofp/crtn.o
                0x08003220                        . = ALIGN (0x8)
 *fill*         0x0800321c        0x4 
                0x08003220                        _etext = .

.vfp11_veneer   0x08003220        0x0
 .vfp11_veneer  0x08003220        0x0 linker stubs

.v4_bx          0x08003220        0x0
 .v4_bx         0x08003220        0x0 linker stubs

.iplt           0x08003220        0x0
 .iplt          0x08003220        0x0 /usr/lib/gcc/arm-none-eabi/13.2.1/thumb/v7e-m/nofp/crtbegin.o

.rodata         0x08003220      0x3b0
                0x08003220                        . = ALIGN (0x8)
 *(.rodata)
 .rodata        0x08003220        0xc build/slave/stm32wlxx_hal_rcc.o
 *(.rodata*)
 .rodata.MSIRangeTable
                0x0800322c       0x40 build/slave/system_stm32wlxx.o
                0x0800322c                MSIRangeTable
 .rodata.APBPrescTable
                0x0800326c       0x20 build/slave/system_stm32wlxx.o
                0x0800326c                APBPrescTable
 .rodata.AHBPrescTable
                0x0800328c       0x40 build/slave/system_stm32wlxx.o
                0x0800328c                AHBPrescTable
 .rodata.UARTPrescTable
                0x080032cc       0x18 build/slave/stm32wlxx_hal_uart.o
                0x080032cc                UARTPrescTable
 .rodata.lora_p2p_send.str1.1
                0x080032e4      0x287 build/slave/lora_p2p.o
                                  0x3 (size before relaxing)
 .rodata.on_rx_timeout.str1.1
                0x0800356b       0x1d build/slave/main_slave.o
 .rodata.on_tx_done.str1.1
                0x0800356b       0x22 build/slave/main_slave.o
 .rodata.on_rx.str1.1
                0x0800356b       0xb9 build/slave/main_slave.o
 .rodata.main.str1.1
                0x0800356b      0x195 build/slave/main_slave.o
 .rodata.resp_not_me.0
                0x0800356b        0xc build/slave/main_slave.o
 .rodata.resp_me.1
                0x08003577        0x8 build/slave/main_slave.o
 *fill*         0x0800357f        0x1 
 .rodata.slave_cfg
                0x08003580        0xc build/slave/main_slave.o
 .rodata.serial_number
                0x0800358c        0x7 build/slave/main_slave.o
 *fill*         0x08003593        0x1 
 .rodata.str1.4
                0x08003594       0x39 /usr/lib/gcc/arm-none-eabi/13.2.1/../../../arm-none-eabi/lib/thumb/v7e-m/nofp/libc_nano.a(libc_a-nano-svfprintf.o)
                                 0x13 (size before relaxing)
 .rodata.str1.4
                0x080035cd       0x25 /usr/lib/gcc/arm-none-eabi/13.2.1/../../../arm-none-eabi/lib/thumb/v7e-m/nofp/libc_nano.a(libc_a-nano-vfprintf_i.o)
                0x080035f8                        . = ALIGN (0x8)
 *fill*         0x080035cd        0x3 

.ARM.extab      0x080035d0        0x0
                0x080035d0                        . = ALIGN (0x8)
 *(.ARM.extab* .gnu.linkonce.armextab.*)
                0x080035d0                        . = ALIGN (0x8)

.ARM            0x080035d0        0x8
                0x080035d0                        . = ALIGN (0x8)
                0x080035d0                        __exidx_start = .
 *(.ARM.exidx*)
 .ARM.exidx     0x080035d0        0x8 /usr/lib/gcc/arm-none-eabi/13.2.1/../../../arm-none-eabi/lib/thumb/v7e-m/nofp/libc_nano.a(libc_a-memchr.o)
 .ARM.exidx     0x080035d8        0x0 /usr/lib/gcc/arm-none-eabi/13.2.1/../../../arm-none-eabi/lib/thumb/v7e-m/nofp/libc_nano.a(libc_a-memcpy.o)
                                  0x8 (size before relaxing)
 .ARM.exidx     0x080035d8        0x0 /usr/lib/gcc/arm-none-eabi/13.2.1/thumb/v7e-m/nofp/libgcc.a(_udivmoddi4.o)
                                  0x8 (size before relaxing)
                0x080035d8                        __exidx_end = .
                0x080035d8                        . = ALIGN (0x8)

.rel.dyn        0x080035d8        0x0
 .rel.iplt      0x080035d8        0x0 /usr/lib/gcc/arm-none-eabi/13.2.1/thumb/v7e-m/nofp/crtbegin.o

.preinit_array  0x080035d8        0x0
                0x080035d8                        . = ALIGN (0x8)
                0x080035d8                        PROVIDE (__preinit_array_start = .)
 *(.preinit_array*)
                0x080035d8                        PROVIDE (__preinit_array_end = .)
                0x080035d8                        . = ALIGN (0x8)

.init_array     0x080035d8        0x8
                0x080035d8                        . = ALIGN (0x8)
                0x080035d8                        PROVIDE (__init_array_start = .)
 *(SORT_BY_NAME(.init_array.*))
 *(.init_array*)
 .init_array    0x080035d8        0x4 /usr/lib/gcc/arm-none-eabi/13.2.1/thumb/v7e-m/nofp/crtbegin.o
                0x080035dc                        PROVIDE (__init_array_end = .)
                0x080035e0                        . = ALIGN (0x8)
 *fill*         0x080035dc        0x4 

.fini_array     0x080035e0        0x8
                0x080035e0                        . = ALIGN (0x8)
                0x080035e0                        PROVIDE (__fini_array_start = .)
 *(SORT_BY_NAME(.fini_array.*))
 *(.fini_array*)
 .fini_array    0x080035e0        0x4 /usr/lib/gcc/arm-none-eabi/13.2.1/thumb/v7e-m/nofp/crtbegin.o
                0x080035e4                        PROVIDE (__fini_array_end = .)
                0x080035e8                        . = ALIGN (0x8)
 *fill*         0x080035e4        0x4 
                0x080035e8                        _sidata = LOADADDR (.data)

.data           0x20000000       0x60 load address 0x080035e8
                0x20000000                        . = ALIGN (0x8)
                0x20000000                        _sdata = .
 *(.data)
 .data          0x20000000       0x50 /usr/lib/gcc/arm-none-eabi/13.2.1/../../../arm-none-eabi/lib/thumb/v7e-m/nofp/libc_nano.a(libc_a-impure.o)
                0x20000000                _impure_ptr
                0x20000004                _impure_data
 *(.data*)
 .data.SystemCoreClock
                0x20000050        0x4 build/slave/system_stm32wlxx.o
                0x20000050                SystemCoreClock
 .data.uwTickFreq
                0x20000054        0x1 build/slave/stm32wlxx_hal.o
                0x20000054                uwTickFreq
 *fill*         0x20000055        0x3 
 .data.uwTickPrio
                0x20000058        0x4 build/slave/stm32wlxx_hal.o
                0x20000058                uwTickPrio
                0x20000060                        . = ALIGN (0x8)
 *fill*         0x2000005c        0x4 
                0x20000060                        _edata = .

.tm_clone_table
                0x20000060        0x0 load address 0x08003648
 .tm_clone_table
                0x20000060        0x0 /usr/lib/gcc/arm-none-eabi/13.2.1/thumb/v7e-m/nofp/crtbegin.o
 .tm_clone_table
                0x20000060        0x0 /usr/lib/gcc/arm-none-eabi/13.2.1/thumb/v7e-m/nofp/crtend.o

.igot.plt       0x20000060        0x0 load address 0x08003648
 .igot.plt      0x20000060        0x0 /usr/lib/gcc/arm-none-eabi/13.2.1/thumb/v7e-m/nofp/crtbegin.o
                0x20000060                        . = ALIGN (0x8)

.bss            0x20000060      0x330 load address 0x08003648
                0x20000060                        _sbss = .
                0x20000060                        __bss_start__ = _sbss
 *(.bss)
 .bss           0x20000060       0x1c /usr/lib/gcc/arm-none-eabi/13.2.1/thumb/v7e-m/nofp/crtbegin.o
 .bss           0x2000007c        0x8 /usr/lib/gcc/arm-none-eabi/13.2.1/../../../arm-none-eabi/lib/thumb/v7e-m/nofp/libc_nano.a(libc_a-mallocr.o)
                0x2000007c                __malloc_sbrk_start
                0x20000080                __malloc_free_list
 .bss           0x20000084      0x13c /usr/lib/gcc/arm-none-eabi/13.2.1/../../../arm-none-eabi/lib/thumb/v7e-m/nofp/libc_nano.a(libc_a-findfp.o)
                0x20000084                __sf
                0x200001bc                __stdio_exit_handler
 .bss           0x200001c0        0x4 /usr/lib/gcc/arm-none-eabi/13.2.1/../../../arm-none-eabi/lib/thumb/v7e-m/nofp/libc_nano.a(libc_a-reent.o)
                0x200001c0                errno
 .bss           0x200001c4        0x4 /usr/lib/gcc/arm-none-eabi/13.2.1/../../../arm-none-eabi/lib/thumb/v7e-m/nofp/libnosys.a(sbrk.o)
 *(.bss*)
 .bss.uwTick    0x200001c8        0x4 build/slave/stm32wlxx_hal.o
                0x200001c8                uwTick
 .bss.huart2    0x200001cc       0x94 build/slave/hw_init.o
                0x200001cc                huart2
 .bss.s_rx_buf  0x20000260      0x100 build/slave/lora_p2p.o
 .bss.s_irq_pending
                0x20000360        0x1 build/slave/lora_p2p.o
 *fill*         0x20000361        0x3 
 .bss.s_rx_error_cb
                0x20000364        0x4 build/slave/lora_p2p.o
 .bss.s_rx_timeout_cb
                0x20000368        0x4 build/slave/lora_p2p.o
 .bss.s_tx_cb   0x2000036c        0x4 build/slave/lora_p2p.o
 .bss.s_rx_cb   0x20000370        0x4 build/slave/lora_p2p.o
 .bss.s_cfg     0x20000374        0xc build/slave/lora_p2p.o
 .bss.s_hsubghz
                0x20000380        0xc build/slave/lora_p2p.o
 .bss.this_is_me
                0x2000038c        0x1 build/slave/main_slave.o
 .bss.rx_done   0x2000038d        0x1 build/slave/main_slave.o
 *(COMMON)
                0x20000390                        . = ALIGN (0x8)
 *fill*         0x2000038e        0x2 
                0x20000390                        _ebss = .
                0x20000390                        __bss_end__ = _ebss
                0x20000390                        . = ALIGN (0x8)

RAM1_region     0x20000390        0x0 load address 0x08003648
                0x20000390                        _sRAM1_region = .
 *(.RAM1_region)
                0x20000390                        . = ALIGN (0x8)
                0x20000390                        _eRAM1_region = .
                0x20000390                        . = ALIGN (0x8)

RAM2_region     0x20008000        0x0
                0x20008000                        _sRAM2_region = .
 *(.RAM2_region)
                0x20008000                        . = ALIGN (0x8)
                0x20008000                        _eRAM2_region = .

._user_heap_stack
                0x20000390      0x600
                0x20000390                        . = ALIGN (0x8)
                0x20000390                        PROVIDE (end = .)
                [!provide]                        PROVIDE (_end = .)
                0x20000590                        . = (. + _Min_Heap_Size)
 *fill*         0x20000390      0x200 
                0x20000990                        . = (. + _Min_Stack_Size)
 *fill*         0x20000590      0x400 
                0x20000990                        . = ALIGN (0x8)

/DISCARD/
 libc.a(*)
 libm.a(*)
 libgcc.a(*)

.ARM.attributes
                0x00000000       0x2a
 *(.ARM.attributes)
 .ARM.attributes
                0x00000000       0x1e /usr/lib/gcc/arm-none-eabi/13.2.1/thumb/v7e-m/nofp/crti.o
 .ARM.attributes
                0x0000001e       0x2e /usr/lib/gcc/arm-none-eabi/13.2.1/thumb/v7e-m/nofp/crtbegin.o
 .ARM.attributes
                0x0000004c       0x2e build/slave/system_stm32wlxx.o
 .ARM.attributes
                0x0000007a       0x2e build/slave/stm32wlxx_hal.o
 .ARM.attributes
                0x000000a8       0x2e build/slave/stm32wlxx_hal_cortex.o
 .ARM.attributes
                0x000000d6       0x2e build/slave/stm32wlxx_hal_rcc.o
 .ARM.attributes
                0x00000104       0x2e build/slave/stm32wlxx_hal_gpio.o
 .ARM.attributes
                0x00000132       0x2e build/slave/stm32wlxx_hal_uart.o
 .ARM.attributes
                0x00000160       0x2e build/slave/stm32wlxx_hal_subghz.o
 .ARM.attributes
                0x0000018e       0x2e build/slave/stm32wlxx_hal_pwr.o
 .ARM.attributes
                0x000001bc       0x2e build/slave/stm32wlxx_hal_pwr_ex.o
 .ARM.attributes
                0x000001ea       0x2e build/slave/hw_init.o
 .ARM.attributes
                0x00000218       0x2e build/slave/lora_p2p.o
 .ARM.attributes
                0x00000246       0x2e build/slave/uart_debug.o
 .ARM.attributes
                0x00000274       0x2e build/slave/main_slave.o
 .ARM.attributes
                0x000002a2       0x21 build/slave/startup_stm32wle5xx.o
 .ARM.attributes
                0x000002c3       0x2e /usr/lib/gcc/arm-none-eabi/13.2.1/../../../arm-none-eabi/lib/thumb/v7e-m/nofp/libc_nano.a(libc_a-vsnprintf.o)
 .ARM.attributes
                0x000002f1       0x2e /usr/lib/gcc/arm-none-eabi/13.2.1/../../../arm-none-eabi/lib/thumb/v7e-m/nofp/libc_nano.a(libc_a-impure.o)
 .ARM.attributes
                0x0000031f       0x2e /usr/lib/gcc/arm-none-eabi/13.2.1/../../../arm-none-eabi/lib/thumb/v7e-m/nofp/libc_nano.a(libc_a-nano-svfprintf.o)
 .ARM.attributes
                0x0000034d       0x2e /usr/lib/gcc/arm-none-eabi/13.2.1/../../../arm-none-eabi/lib/thumb/v7e-m/nofp/libc_nano.a(libc_a-init.o)
 .ARM.attributes
                0x0000037b       0x2e /usr/lib/gcc/arm-none-eabi/13.2.1/../../../arm-none-eabi/lib/thumb/v7e-m/nofp/libc_nano.a(libc_a-memset.o)
 .ARM.attributes
                0x000003a9       0x2e /usr/lib/gcc/arm-none-eabi/13.2.1/../../../arm-none-eabi/lib/thumb/v7e-m/nofp/libc_nano.a(libc_a-mallocr.o)
 .ARM.attributes
                0x000003d7       0x2e /usr/lib/gcc/arm-none-eabi/13.2.1/../../../arm-none-eabi/lib/thumb/v7e-m/nofp/libc_nano.a(libc_a-freer.o)
 .ARM.attributes
                0x00000405       0x2e /usr/lib/gcc/arm-none-eabi/13.2.1/../../../arm-none-eabi/lib/thumb/v7e-m/nofp/libc_nano.a(libc_a-memmove.o)
 .ARM.attributes
                0x00000433       0x1c /usr/lib/gcc/arm-none-eabi/13.2.1/../../../arm-none-eabi/lib/thumb/v7e-m/nofp/libc_nano.a(libc_a-memchr.o)
 .ARM.attributes
                0x0000044f       0x1c /usr/lib/gcc/arm-none-eabi/13.2.1/../../../arm-none-eabi/lib/thumb/v7e-m/nofp/libc_nano.a(libc_a-memcpy.o)
 .ARM.attributes
                0x0000046b       0x2e /usr/lib/gcc/arm-none-eabi/13.2.1/../../../arm-none-eabi/lib/thumb/v7e-m/nofp/libc_nano.a(libc_a-reallocr.o)
 .ARM.attributes
                0x00000499       0x2e /usr/lib/gcc/arm-none-eabi/13.2.1/../../../arm-none-eabi/lib/thumb/v7e-m/nofp/libc_nano.a(libc_a-nano-vfprintf_i.o)
 .ARM.attributes
                0x000004c7       0x2e /usr/lib/gcc/arm-none-eabi/13.2.1/../../../arm-none-eabi/lib/thumb/v7e-m/nofp/libc_nano.a(libc_a-mlock.o)
 .ARM.attributes
                0x000004f5       0x2e /usr/lib/gcc/arm-none-eabi/13.2.1/../../../arm-none-eabi/lib/thumb/v7e-m/nofp/libc_nano.a(libc_a-strncmp.o)
 .ARM.attributes
                0x00000523       0x2e /usr/lib/gcc/arm-none-eabi/13.2.1/../../../arm-none-eabi/lib/thumb/v7e-m/nofp/libc_nano.a(libc_a-sbrkr.o)
 .ARM.attributes
                0x00000551       0x2e /usr/lib/gcc/arm-none-eabi/13.2.1/../../../arm-none-eabi/lib/thumb/v7e-m/nofp/libc_nano.a(libc_a-msizer.o)
 .ARM.attributes
                0x0000057f       0x2e /usr/lib/gcc/arm-none-eabi/13.2.1/../../../arm-none-eabi/lib/thumb/v7e-m/nofp/libc_nano.a(libc_a-findfp.o)
 .ARM.attributes
                0x000005ad       0x2e /usr/lib/gcc/arm-none-eabi/13.2.1/../../../arm-none-eabi/lib/thumb/v7e-m/nofp/libc_nano.a(libc_a-reent.o)
 .ARM.attributes
                0x000005db       0x2e /usr/lib/gcc/arm-none-eabi/13.2.1/../../../arm-none-eabi/lib/thumb/v7e-m/nofp/libnosys.a(sbrk.o)
 .ARM.attributes
                0x00000609       0x1e /usr/lib/gcc/arm-none-eabi/13.2.1/thumb/v7e-m/nofp/libgcc.a(_aeabi_uldivmod.o)
 .ARM.attributes
                0x00000627       0x2e /usr/lib/gcc/arm-none-eabi/13.2.1/thumb/v7e-m/nofp/libgcc.a(_udivmoddi4.o)
 .ARM.attributes
                0x00000655       0x1e /usr/lib/gcc/arm-none-eabi/13.2.1/thumb/v7e-m/nofp/libgcc.a(_dvmd_tls.o)
 .ARM.attributes
                0x00000673       0x2e /usr/lib/gcc/arm-none-eabi/13.2.1/thumb/v7e-m/nofp/crtend.o
 .ARM.attributes
                0x000006a1       0x1e /usr/lib/gcc/arm-none-eabi/13.2.1/thumb/v7e-m/nofp/crtn.o
OUTPUT(build/slave/slave_firmware.elf elf32-littlearm)
LOAD linker stubs
LOAD /usr/lib/gcc/arm-none-eabi/13.2.1/../../../arm-none-eabi/lib/thumb/v7e-m/nofp/libc.a
LOAD /usr/lib/gcc/arm-none-eabi/13.2.1/../../../arm-none-eabi/lib/thumb/v7e-m/nofp/libm.a
LOAD /usr/lib/gcc/arm-none-eabi/13.2.1/thumb/v7e-m/nofp/libgcc.a

.comment        0x00000000       0x26
 .comment       0x00000000       0x26 /usr/lib/gcc/arm-none-eabi/13.2.1/thumb/v7e-m/nofp/crtbegin.o
                                 0x27 (size before relaxing)
 .comment       0x00000026       0x27 build/slave/system_stm32wlxx.o
 .comment       0x00000026       0x27 build/slave/stm32wlxx_hal.o
 .comment       0x00000026       0x27 build/slave/stm32wlxx_hal_cortex.o
 .comment       0x00000026       0x27 build/slave/stm32wlxx_hal_rcc.o
 .comment       0x00000026       0x27 build/slave/stm32wlxx_hal_gpio.o
 .comment       0x00000026       0x27 build/slave/stm32wlxx_hal_uart.o
 .comment       0x00000026       0x27 build/slave/stm32wlxx_hal_subghz.o
 .comment       0x00000026       0x27 build/slave/stm32wlxx_hal_pwr.o
 .comment       0x00000026       0x27 build/slave/stm32wlxx_hal_pwr_ex.o
 .comment       0x00000026       0x27 build/slave/hw_init.o
 .comment       0x00000026       0x27 build/slave/lora_p2p.o
 .comment       0x00000026       0x27 build/slave/uart_debug.o
 .comment       0x00000026       0x27 build/slave/main_slave.o
 .comment       0x00000026       0x27 /usr/lib/gcc/arm-none-eabi/13.2.1/../../../arm-none-eabi/lib/thumb/v7e-m/nofp/libc_nano.a(libc_a-vsnprintf.o)
 .comment       0x00000026       0x27 /usr/lib/gcc/arm-none-eabi/13.2.1/../../../arm-none-eabi/lib/thumb/v7e-m/nofp/libc_nano.a(libc_a-impure.o)
 .comment       0x00000026       0x27 /usr/lib/gcc/arm-none-eabi/13.2.1/../../../arm-none-eabi/lib/thumb/v7e-m/nofp/libc_nano.a(libc_a-nano-svfprintf.o)
 .comment       0x00000026       0x27 /usr/lib/gcc/arm-none-eabi/13.2.1/../../../arm-none-eabi/lib/thumb/v7e-m/nofp/libc_nano.a(libc_a-init.o)
 .comment       0x00000026       0x27 /usr/lib/gcc/arm-none-eabi/13.2.1/../../../arm-none-eabi/lib/thumb/v7e-m/nofp/libc_nano.a(libc_a-memset.o)
 .comment       0x00000026       0x27 /usr/lib/gcc/arm-none-eabi/13.2.1/../../../arm-none-eabi/lib/thumb/v7e-m/nofp/libc_nano.a(libc_a-mallocr.o)
 .comment       0x00000026       0x27 /usr/lib/gcc/arm-none-eabi/13.2.1/../../../arm-none-eabi/lib/thumb/v7e-m/nofp/libc_nano.a(libc_a-freer.o)
 .comment       0x00000026       0x27 /usr/lib/gcc/arm-none-eabi/13.2.1/../../../arm-none-eabi/lib/thumb/v7e-m/nofp/libc_nano.a(libc_a-memmove.o)
 .comment       0x00000026       0x27 /usr/lib/gcc/arm-none-eabi/13.2.1/../../../arm-none-eabi/lib/thumb/v7e-m/nofp/libc_nano.a(libc_a-reallocr.o)
 .comment       0x00000026       0x27 /usr/lib/gcc/arm-none-eabi/13.2.1/../../../arm-none-eabi/lib/thumb/v7e-m/nofp/libc_nano.a(libc_a-nano-vfprintf_i.o)
 .comment       0x00000026       0x27 /usr/lib/gcc/arm-none-eabi/13.2.1/../../../arm-none-eabi/lib/thumb/v7e-m/nofp/libc_nano.a(libc_a-mlock.o)
 .comment       0x00000026       0x27 /usr/lib/gcc/arm-none-eabi/13.2.1/../../../arm-none-eabi/lib/thumb/v7e-m/nofp/libc_nano.a(libc_a-strncmp.o)
 .comment       0x00000026       0x27 /usr/lib/gcc/arm-none-eabi/13.2.1/../../../arm-none-eabi/lib/thumb/v7e-m/nofp/libc_nano.a(libc_a-sbrkr.o)
 .comment       0x00000026       0x27 /usr/lib/gcc/arm-none-eabi/13.2.1/../../../arm-none-eabi/lib/thumb/v7e-m/nofp/libc_nano.a(libc_a-msizer.o)
 .comment       0x00000026       0x27 /usr/lib/gcc/arm-none-eabi/13.2.1/../../../arm-none-eabi/lib/thumb/v7e-m/nofp/libc_nano.a(libc_a-findfp.o)
 .comment       0x00000026       0x27 /usr/lib/gcc/arm-none-eabi/13.2.1/../../../arm-none-eabi/lib/thumb/v7e-m/nofp/libc_nano.a(libc_a-reent.o)
 .comment       0x00000026       0x27 /usr/lib/gcc/arm-none-eabi/13.2.1/../../../arm-none-eabi/lib/thumb/v7e-m/nofp/libnosys.a(sbrk.o)
 .comment       0x00000026       0x27 /usr/lib/gcc/arm-none-eabi/13.2.1/thumb/v7e-m/nofp/libgcc.a(_udivmoddi4.o)
 .comment       0x00000026       0x27 /usr/lib/gcc/arm-none-eabi/13.2.1/thumb/v7e-m/nofp/crtend.o

.debug_info     0x00000000    0x19b2d
 .debug_info    0x00000000      0x415 build/slave/system_stm32wlxx.o
 .debug_info    0x00000415     0x1241 build/slave/stm32wlxx_hal.o
 .debug_info    0x00001656      0xf7a build/slave/stm32wlxx_hal_cortex.o
 .debug_info    0x000025d0     0x1a8b build/slave/stm32wlxx_hal_rcc.o
 .debug_info    0x0000405b      0x68c build/slave/stm32wlxx_hal_gpio.o
 .debug_info    0x000046e7     0x62dd build/slave/stm32wlxx_hal_uart.o
 .debug_info    0x0000a9c4     0x1aa4 build/slave/stm32wlxx_hal_subghz.o
 .debug_info    0x0000c468      0x928 build/slave/stm32wlxx_hal_pwr.o
 .debug_info    0x0000cd90      0xe8e build/slave/stm32wlxx_hal_pwr_ex.o
 .debug_info    0x0000dc1e      0xfb2 build/slave/hw_init.o
 .debug_info    0x0000ebd0     0x1630 build/slave/lora_p2p.o
 .debug_info    0x00010200      0xbba build/slave/uart_debug.o
 .debug_info    0x00010dba      0x971 build/slave/main_slave.o
 .debug_info    0x0001172b      0x95a /usr/lib/gcc/arm-none-eabi/13.2.1/../../../arm-none-eabi/lib/thumb/v7e-m/nofp/libc_nano.a(libc_a-vsnprintf.o)
 .debug_info    0x00012085      0x70b /usr/lib/gcc/arm-none-eabi/13.2.1/../../../arm-none-eabi/lib/thumb/v7e-m/nofp/libc_nano.a(libc_a-impure.o)
 .debug_info    0x00012790     0x1092 /usr/lib/gcc/arm-none-eabi/13.2.1/../../../arm-none-eabi/lib/thumb/v7e-m/nofp/libc_nano.a(libc_a-nano-svfprintf.o)
 .debug_info    0x00013822      0x10b /usr/lib/gcc/arm-none-eabi/13.2.1/../../../arm-none-eabi/lib/thumb/v7e-m/nofp/libc_nano.a(libc_a-init.o)
 .debug_info    0x0001392d      0x135 /usr/lib/gcc/arm-none-eabi/13.2.1/../../../arm-none-eabi/lib/thumb/v7e-m/nofp/libc_nano.a(libc_a-memset.o)
 .debug_info    0x00013a62      0x9b6 /usr/lib/gcc/arm-none-eabi/13.2.1/../../../arm-none-eabi/lib/thumb/v7e-m/nofp/libc_nano.a(libc_a-mallocr.o)
 .debug_info    0x00014418      0x87f /usr/lib/gcc/arm-none-eabi/13.2.1/../../../arm-none-eabi/lib/thumb/v7e-m/nofp/libc_nano.a(libc_a-freer.o)
 .debug_info    0x00014c97      0x148 /usr/lib/gcc/arm-none-eabi/13.2.1/../../../arm-none-eabi/lib/thumb/v7e-m/nofp/libc_nano.a(libc_a-memmove.o)
 .debug_info    0x00014ddf       0x25 /usr/lib/gcc/arm-none-eabi/13.2.1/../../../arm-none-eabi/lib/thumb/v7e-m/nofp/libc_nano.a(libc_a-memchr.o)
 .debug_info    0x00014e04       0x33 /usr/lib/gcc/arm-none-eabi/13.2.1/../../../arm-none-eabi/lib/thumb/v7e-m/nofp/libc_nano.a(libc_a-memcpy.o)
 .debug_info    0x00014e37      0x8cd /usr/lib/gcc/arm-none-eabi/13.2.1/../../../arm-none-eabi/lib/thumb/v7e-m/nofp/libc_nano.a(libc_a-reallocr.o)
 .debug_info    0x00015704      0xdd7 /usr/lib/gcc/arm-none-eabi/13.2.1/../../../arm-none-eabi/lib/thumb/v7e-m/nofp/libc_nano.a(libc_a-nano-vfprintf_i.o)
 .debug_info    0x000164db      0x71c /usr/lib/gcc/arm-none-eabi/13.2.1/../../../arm-none-eabi/lib/thumb/v7e-m/nofp/libc_nano.a(libc_a-mlock.o)
 .debug_info    0x00016bf7      0x108 /usr/lib/gcc/arm-none-eabi/13.2.1/../../../arm-none-eabi/lib/thumb/v7e-m/nofp/libc_nano.a(libc_a-strncmp.o)
 .debug_info    0x00016cff      0x778 /usr/lib/gcc/arm-none-eabi/13.2.1/../../../arm-none-eabi/lib/thumb/v7e-m/nofp/libc_nano.a(libc_a-sbrkr.o)
 .debug_info    0x00017477      0x78a /usr/lib/gcc/arm-none-eabi/13.2.1/../../../arm-none-eabi/lib/thumb/v7e-m/nofp/libc_nano.a(libc_a-msizer.o)
 .debug_info    0x00017c01      0xe8c /usr/lib/gcc/arm-none-eabi/13.2.1/../../../arm-none-eabi/lib/thumb/v7e-m/nofp/libc_nano.a(libc_a-findfp.o)
 .debug_info    0x00018a8d      0x89f /usr/lib/gcc/arm-none-eabi/13.2.1/../../../arm-none-eabi/lib/thumb/v7e-m/nofp/libc_nano.a(libc_a-reent.o)
 .debug_info    0x0001932c       0xac /usr/lib/gcc/arm-none-eabi/13.2.1/../../../arm-none-eabi/lib/thumb/v7e-m/nofp/libnosys.a(sbrk.o)
 .debug_info    0x000193d8       0x24 /usr/lib/gcc/arm-none-eabi/13.2.1/thumb/v7e-m/nofp/libgcc.a(_aeabi_uldivmod.o)
 .debug_info    0x000193fc      0x6f5 /usr/lib/gcc/arm-none-eabi/13.2.1/thumb/v7e-m/nofp/libgcc.a(_udivmoddi4.o)
 .debug_info    0x00019af1       0x3c /usr/lib/gcc/arm-none-eabi/13.2.1/thumb/v7e-m/nofp/libgcc.a(_dvmd_tls.o)

.debug_abbrev   0x00000000     0x4aa6
 .debug_abbrev  0x00000000      0x142 build/slave/system_stm32wlxx.o
 .debug_abbrev  0x00000142      0x407 build/slave/stm32wlxx_hal.o
 .debug_abbrev  0x00000549      0x378 build/slave/stm32wlxx_hal_cortex.o
 .debug_abbrev  0x000008c1      0x459 build/slave/stm32wlxx_hal_rcc.o
 .debug_abbrev  0x00000d1a      0x21f build/slave/stm32wlxx_hal_gpio.o
 .debug_abbrev  0x00000f39      0x498 build/slave/stm32wlxx_hal_uart.o
 .debug_abbrev  0x000013d1      0x411 build/slave/stm32wlxx_hal_subghz.o
 .debug_abbrev  0x000017e2      0x25a build/slave/stm32wlxx_hal_pwr.o
 .debug_abbrev  0x00001a3c      0x35b build/slave/stm32wlxx_hal_pwr_ex.o
 .debug_abbrev  0x00001d97      0x2f4 build/slave/hw_init.o
 .debug_abbrev  0x0000208b      0x478 build/slave/lora_p2p.o
 .debug_abbrev  0x00002503      0x260 build/slave/uart_debug.o
 .debug_abbrev  0x00002763      0x2d9 build/slave/main_slave.o
 .debug_abbrev  0x00002a3c      0x281 /usr/lib/gcc/arm-none-eabi/13.2.1/../../../arm-none-eabi/lib/thumb/v7e-m/nofp/libc_nano.a(libc_a-vsnprintf.o)
 .debug_abbrev  0x00002cbd      0x149 /usr/lib/gcc/arm-none-eabi/13.2.1/../../../arm-none-eabi/lib/thumb/v7e-m/nofp/libc_nano.a(libc_a-impure.o)
 .debug_abbrev  0x00002e06      0x32f /usr/lib/gcc/arm-none-eabi/13.2.1/../../../arm-none-eabi/lib/thumb/v7e-m/nofp/libc_nano.a(libc_a-nano-svfprintf.o)
 .debug_abbrev  0x00003135       0xc9 /usr/lib/gcc/arm-none-eabi/13.2.1/../../../arm-none-eabi/lib/thumb/v7e-m/nofp/libc_nano.a(libc_a-init.o)
 .debug_abbrev  0x000031fe       0xb7 /usr/lib/gcc/arm-none-eabi/13.2.1/../../../arm-none-eabi/lib/thumb/v7e-m/nofp/libc_nano.a(libc_a-memset.o)
 .debug_abbrev  0x000032b5      0x24a /usr/lib/gcc/arm-none-eabi/13.2.1/../../../arm-none-eabi/lib/thumb/v7e-m/nofp/libc_nano.a(libc_a-mallocr.o)
 .debug_abbrev  0x000034ff      0x249 /usr/lib/gcc/arm-none-eabi/13.2.1/../../../arm-none-eabi/lib/thumb/v7e-m/nofp/libc_nano.a(libc_a-freer.o)
 .debug_abbrev  0x00003748       0xc3 /usr/lib/gcc/arm-none-eabi/13.2.1/../../../arm-none-eabi/lib/thumb/v7e-m/nofp/libc_nano.a(libc_a-memmove.o)
 .debug_abbrev  0x0000380b       0x14 /usr/lib/gcc/arm-none-eabi/13.2.1/../../../arm-none-eabi/lib/thumb/v7e-m/nofp/libc_nano.a(libc_a-memchr.o)
 .debug_abbrev  0x0000381f       0x28 /usr/lib/gcc/arm-none-eabi/13.2.1/../../../arm-none-eabi/lib/thumb/v7e-m/nofp/libc_nano.a(libc_a-memcpy.o)
 .debug_abbrev  0x00003847      0x20c /usr/lib/gcc/arm-none-eabi/13.2.1/../../../arm-none-eabi/lib/thumb/v7e-m/nofp/libc_nano.a(libc_a-reallocr.o)
 .debug_abbrev  0x00003a53      0x284 /usr/lib/gcc/arm-none-eabi/13.2.1/../../../arm-none-eabi/lib/thumb/v7e-m/nofp/libc_nano.a(libc_a-nano-vfprintf_i.o)
 .debug_abbrev  0x00003cd7      0x192 /usr/lib/gcc/arm-none-eabi/13.2.1/../../../arm-none-eabi/lib/thumb/v7e-m/nofp/libc_nano.a(libc_a-mlock.o)
 .debug_abbrev  0x00003e69       0x92 /usr/lib/gcc/arm-none-eabi/13.2.1/../../../arm-none-eabi/lib/thumb/v7e-m/nofp/libc_nano.a(libc_a-strncmp.o)
 .debug_abbrev  0x00003efb      0x1da /usr/lib/gcc/arm-none-eabi/13.2.1/../../../arm-none-eabi/lib/thumb/v7e-m/nofp/libc_nano.a(libc_a-sbrkr.o)
 .debug_abbrev  0x000040d5      0x196 /usr/lib/gcc/arm-none-eabi/13.2.1/../../../arm-none-eabi/lib/thumb/v7e-m/nofp/libc_nano.a(libc_a-msizer.o)
 .debug_abbrev  0x0000426b      0x408 /usr/lib/gcc/arm-none-eabi/13.2.1/../../../arm-none-eabi/lib/thumb/v7e-m/nofp/libc_nano.a(libc_a-findfp.o)
 .debug_abbrev  0x00004673      0x1ee /usr/lib/gcc/arm-none-eabi/13.2.1/../../../arm-none-eabi/lib/thumb/v7e-m/nofp/libc_nano.a(libc_a-reent.o)
 .debug_abbrev  0x00004861       0xa1 /usr/lib/gcc/arm-none-eabi/13.2.1/../../../arm-none-eabi/lib/thumb/v7e-m/nofp/libnosys.a(sbrk.o)
 .debug_abbrev  0x00004902       0x14 /usr/lib/gcc/arm-none-eabi/13.2.1/thumb/v7e-m/nofp/libgcc.a(_aeabi_uldivmod.o)
 .debug_abbrev  0x00004916      0x16a /usr/lib/gcc/arm-none-eabi/13.2.1/thumb/v7e-m/nofp/libgcc.a(_udivmoddi4.o)
 .debug_abbrev  0x00004a80       0x26 /usr/lib/gcc/arm-none-eabi/13.2.1/thumb/v7e-m/nofp/libgcc.a(_dvmd_tls.o)

.debug_loclists
                0x00000000     0x828a
 .debug_loclists
                0x00000000       0xad build/slave/system_stm32wlxx.o
 .debug_loclists
                0x000000ad      0x22a build/slave/stm32wlxx_hal.o
 .debug_loclists
                0x000002d7      0x406 build/slave/stm32wlxx_hal_cortex.o
 .debug_loclists
                0x000006dd      0x784 build/slave/stm32wlxx_hal_rcc.o
 .debug_loclists
                0x00000e61      0x237 build/slave/stm32wlxx_hal_gpio.o
 .debug_loclists
                0x00001098     0x37bd build/slave/stm32wlxx_hal_uart.o
 .debug_loclists
                0x00004855      0xbea build/slave/stm32wlxx_hal_subghz.o
 .debug_loclists
                0x0000543f      0x17c build/slave/stm32wlxx_hal_pwr.o
 .debug_loclists
                0x000055bb      0x3c4 build/slave/stm32wlxx_hal_pwr_ex.o
 .debug_loclists
                0x0000597f       0x1a build/slave/hw_init.o
 .debug_loclists
                0x00005999      0x2ce build/slave/lora_p2p.o
 .debug_loclists
                0x00005c67      0x166 build/slave/uart_debug.o
 .debug_loclists
                0x00005dcd       0xdb build/slave/main_slave.o
 .debug_loclists
                0x00005ea8      0x2c4 /usr/lib/gcc/arm-none-eabi/13.2.1/../../../arm-none-eabi/lib/thumb/v7e-m/nofp/libc_nano.a(libc_a-vsnprintf.o)
 .debug_loclists
                0x0000616c      0x56b /usr/lib/gcc/arm-none-eabi/13.2.1/../../../arm-none-eabi/lib/thumb/v7e-m/nofp/libc_nano.a(libc_a-nano-svfprintf.o)
 .debug_loclists
                0x000066d7       0x65 /usr/lib/gcc/arm-none-eabi/13.2.1/../../../arm-none-eabi/lib/thumb/v7e-m/nofp/libc_nano.a(libc_a-init.o)
 .debug_loclists
                0x0000673c      0x1c2 /usr/lib/gcc/arm-none-eabi/13.2.1/../../../arm-none-eabi/lib/thumb/v7e-m/nofp/libc_nano.a(libc_a-memset.o)
 .debug_loclists
                0x000068fe      0x263 /usr/lib/gcc/arm-none-eabi/13.2.1/../../../arm-none-eabi/lib/thumb/v7e-m/nofp/libc_nano.a(libc_a-mallocr.o)
 .debug_loclists
                0x00006b61      0x164 /usr/lib/gcc/arm-none-eabi/13.2.1/../../../arm-none-eabi/lib/thumb/v7e-m/nofp/libc_nano.a(libc_a-freer.o)
 .debug_loclists
                0x00006cc5      0x233 /usr/lib/gcc/arm-none-eabi/13.2.1/../../../arm-none-eabi/lib/thumb/v7e-m/nofp/libc_nano.a(libc_a-memmove.o)
 .debug_loclists
                0x00006ef8      0x102 /usr/lib/gcc/arm-none-eabi/13.2.1/../../../arm-none-eabi/lib/thumb/v7e-m/nofp/libc_nano.a(libc_a-reallocr.o)
 .debug_loclists
                0x00006ffa      0x44f /usr/lib/gcc/arm-none-eabi/13.2.1/../../../arm-none-eabi/lib/thumb/v7e-m/nofp/libc_nano.a(libc_a-nano-vfprintf_i.o)
 .debug_loclists
                0x00007449      0x139 /usr/lib/gcc/arm-none-eabi/13.2.1/../../../arm-none-eabi/lib/thumb/v7e-m/nofp/libc_nano.a(libc_a-strncmp.o)
 .debug_loclists
                0x00007582       0x4b /usr/lib/gcc/arm-none-eabi/13.2.1/../../../arm-none-eabi/lib/thumb/v7e-m/nofp/libc_nano.a(libc_a-sbrkr.o)
 .debug_loclists
                0x000075cd       0x59 /usr/lib/gcc/arm-none-eabi/13.2.1/../../../arm-none-eabi/lib/thumb/v7e-m/nofp/libc_nano.a(libc_a-msizer.o)
 .debug_loclists
                0x00007626      0x1d0 /usr/lib/gcc/arm-none-eabi/13.2.1/../../../arm-none-eabi/lib/thumb/v7e-m/nofp/libc_nano.a(libc_a-findfp.o)
 .debug_loclists
                0x000077f6       0x80 /usr/lib/gcc/arm-none-eabi/13.2.1/../../../arm-none-eabi/lib/thumb/v7e-m/nofp/libc_nano.a(libc_a-reent.o)
 .debug_loclists
                0x00007876       0x30 /usr/lib/gcc/arm-none-eabi/13.2.1/../../../arm-none-eabi/lib/thumb/v7e-m/nofp/libnosys.a(sbrk.o)
 .debug_loclists
                0x000078a6      0x9e4 /usr/lib/gcc/arm-none-eabi/13.2.1/thumb/v7e-m/nofp/libgcc.a(_udivmoddi4.o)

.debug_aranges  0x00000000      0xc28
 .debug_aranges
                0x00000000       0x28 build/slave/system_stm32wlxx.o
 .debug_aranges
                0x00000028      0x120 build/slave/stm32wlxx_hal.o
 .debug_aranges
                0x00000148       0xb8 build/slave/stm32wlxx_hal_cortex.o
 .debug_aranges
                0x00000200       0xb8 build/slave/stm32wlxx_hal_rcc.o
 .debug_aranges
                0x000002b8       0x60 build/slave/stm32wlxx_hal_gpio.o
 .debug_aranges
                0x00000318      0x248 build/slave/stm32wlxx_hal_uart.o
 .debug_aranges
                0x00000560      0x120 build/slave/stm32wlxx_hal_subghz.o
 .debug_aranges
                0x00000680       0x98 build/slave/stm32wlxx_hal_pwr.o
 .debug_aranges
                0x00000718      0x140 build/slave/stm32wlxx_hal_pwr_ex.o
 .debug_aranges
                0x00000858       0x28 build/slave/hw_init.o
 .debug_aranges
                0x00000880       0x70 build/slave/lora_p2p.o
 .debug_aranges
                0x000008f0       0x40 build/slave/uart_debug.o
 .debug_aranges
                0x00000930       0x40 build/slave/main_slave.o
 .debug_aranges
                0x00000970       0x20 /usr/lib/gcc/arm-none-eabi/13.2.1/../../../arm-none-eabi/lib/thumb/v7e-m/nofp/libc_nano.a(libc_a-vsnprintf.o)
 .debug_aranges
                0x00000990       0x18 /usr/lib/gcc/arm-none-eabi/13.2.1/../../../arm-none-eabi/lib/thumb/v7e-m/nofp/libc_nano.a(libc_a-impure.o)
 .debug_aranges
                0x000009a8       0x20 /usr/lib/gcc/arm-none-eabi/13.2.1/../../../arm-none-eabi/lib/thumb/v7e-m/nofp/libc_nano.a(libc_a-nano-svfprintf.o)
 .debug_aranges
                0x000009c8       0x20 /usr/lib/gcc/arm-none-eabi/13.2.1/../../../arm-none-eabi/lib/thumb/v7e-m/nofp/libc_nano.a(libc_a-init.o)
 .debug_aranges
                0x000009e8       0x20 /usr/lib/gcc/arm-none-eabi/13.2.1/../../../arm-none-eabi/lib/thumb/v7e-m/nofp/libc_nano.a(libc_a-memset.o)
 .debug_aranges
                0x00000a08       0x20 /usr/lib/gcc/arm-none-eabi/13.2.1/../../../arm-none-eabi/lib/thumb/v7e-m/nofp/libc_nano.a(libc_a-mallocr.o)
 .debug_aranges
                0x00000a28       0x20 /usr/lib/gcc/arm-none-eabi/13.2.1/../../../arm-none-eabi/lib/thumb/v7e-m/nofp/libc_nano.a(libc_a-freer.o)
 .debug_aranges
                0x00000a48       0x20 /usr/lib/gcc/arm-none-eabi/13.2.1/../../../arm-none-eabi/lib/thumb/v7e-m/nofp/libc_nano.a(libc_a-memmove.o)
 .debug_aranges
                0x00000a68       0x20 /usr/lib/gcc/arm-none-eabi/13.2.1/../../../arm-none-eabi/lib/thumb/v7e-m/nofp/libc_nano.a(libc_a-memchr.o)
 .debug_aranges
                0x00000a88       0x20 /usr/lib/gcc/arm-none-eabi/13.2.1/../../../arm-none-eabi/lib/thumb/v7e-m/nofp/libc_nano.a(libc_a-memcpy.o)
 .debug_aranges
                0x00000aa8       0x20 /usr/lib/gcc/arm-none-eabi/13.2.1/../../../arm-none-eabi/lib/thumb/v7e-m/nofp/libc_nano.a(libc_a-reallocr.o)
 .debug_aranges
                0x00000ac8       0x20 /usr/lib/gcc/arm-none-eabi/13.2.1/../../../arm-none-eabi/lib/thumb/v7e-m/nofp/libc_nano.a(libc_a-nano-vfprintf_i.o)
 .debug_aranges
                0x00000ae8       0x20 /usr/lib/gcc/arm-none-eabi/13.2.1/../../../arm-none-eabi/lib/thumb/v7e-m/nofp/libc_nano.a(libc_a-mlock.o)
 .debug_aranges
                0x00000b08       0x20 /usr/lib/gcc/arm-none-eabi/13.2.1/../../../arm-none-eabi/lib/thumb/v7e-m/nofp/libc_nano.a(libc_a-strncmp.o)
 .debug_aranges
                0x00000b28       0x20 /usr/lib/gcc/arm-none-eabi/13.2.1/../../../arm-none-eabi/lib/thumb/v7e-m/nofp/libc_nano.a(libc_a-sbrkr.o)
 .debug_aranges
                0x00000b48       0x20 /usr/lib/gcc/arm-none-eabi/13.2.1/../../../arm-none-eabi/lib/thumb/v7e-m/nofp/libc_nano.a(libc_a-msizer.o)
 .debug_aranges
                0x00000b68       0x20 /usr/lib/gcc/arm-none-eabi/13.2.1/../../../arm-none-eabi/lib/thumb/v7e-m/nofp/libc_nano.a(libc_a-findfp.o)
 .debug_aranges
                0x00000b88       0x20 /usr/lib/gcc/arm-none-eabi/13.2.1/../../../arm-none-eabi/lib/thumb/v7e-m/nofp/libc_nano.a(libc_a-reent.o)
 .debug_aranges
                0x00000ba8       0x20 /usr/lib/gcc/arm-none-eabi/13.2.1/../../../arm-none-eabi/lib/thumb/v7e-m/nofp/libnosys.a(sbrk.o)
 .debug_aranges
                0x00000bc8       0x20 /usr/lib/gcc/arm-none-eabi/13.2.1/thumb/v7e-m/nofp/libgcc.a(_aeabi_uldivmod.o)
 .debug_aranges
                0x00000be8       0x20 /usr/lib/gcc/arm-none-eabi/13.2.1/thumb/v7e-m/nofp/libgcc.a(_udivmoddi4.o)
 .debug_aranges
                0x00000c08       0x20 /usr/lib/gcc/arm-none-eabi/13.2.1/thumb/v7e-m/nofp/libgcc.a(_dvmd_tls.o)

.debug_rnglists
                0x00000000      0xd01
 .debug_rnglists
                0x00000000       0x1a build/slave/system_stm32wlxx.o
 .debug_rnglists
                0x0000001a       0xeb build/slave/stm32wlxx_hal.o
 .debug_rnglists
                0x00000105       0xee build/slave/stm32wlxx_hal_cortex.o
 .debug_rnglists
                0x000001f3      0x1a2 build/slave/stm32wlxx_hal_rcc.o
 .debug_rnglists
                0x00000395       0x45 build/slave/stm32wlxx_hal_gpio.o
 .debug_rnglists
                0x000003da      0x273 build/slave/stm32wlxx_hal_uart.o
 .debug_rnglists
                0x0000064d      0x181 build/slave/stm32wlxx_hal_subghz.o
 .debug_rnglists
                0x000007ce       0x6d build/slave/stm32wlxx_hal_pwr.o
 .debug_rnglists
                0x0000083b       0xf7 build/slave/stm32wlxx_hal_pwr_ex.o
 .debug_rnglists
                0x00000932       0x26 build/slave/hw_init.o
 .debug_rnglists
                0x00000958       0xdf build/slave/lora_p2p.o
 .debug_rnglists
                0x00000a37       0x66 build/slave/uart_debug.o
 .debug_rnglists
                0x00000a9d       0x74 build/slave/main_slave.o
 .debug_rnglists
                0x00000b11       0x1c /usr/lib/gcc/arm-none-eabi/13.2.1/../../../arm-none-eabi/lib/thumb/v7e-m/nofp/libc_nano.a(libc_a-vsnprintf.o)
 .debug_rnglists
                0x00000b2d       0x42 /usr/lib/gcc/arm-none-eabi/13.2.1/../../../arm-none-eabi/lib/thumb/v7e-m/nofp/libc_nano.a(libc_a-nano-svfprintf.o)
 .debug_rnglists
                0x00000b6f       0x1e /usr/lib/gcc/arm-none-eabi/13.2.1/../../../arm-none-eabi/lib/thumb/v7e-m/nofp/libc_nano.a(libc_a-mallocr.o)
 .debug_rnglists
                0x00000b8d       0x13 /usr/lib/gcc/arm-none-eabi/13.2.1/../../../arm-none-eabi/lib/thumb/v7e-m/nofp/libc_nano.a(libc_a-freer.o)
 .debug_rnglists
                0x00000ba0       0x66 /usr/lib/gcc/arm-none-eabi/13.2.1/../../../arm-none-eabi/lib/thumb/v7e-m/nofp/libc_nano.a(libc_a-nano-vfprintf_i.o)
 .debug_rnglists
                0x00000c06       0x77 /usr/lib/gcc/arm-none-eabi/13.2.1/../../../arm-none-eabi/lib/thumb/v7e-m/nofp/libc_nano.a(libc_a-findfp.o)
 .debug_rnglists
                0x00000c7d       0x84 /usr/lib/gcc/arm-none-eabi/13.2.1/thumb/v7e-m/nofp/libgcc.a(_udivmoddi4.o)

.debug_line     0x00000000     0xddd8
 .debug_line    0x00000000      0x210 build/slave/system_stm32wlxx.o
 .debug_line    0x00000210      0x8df build/slave/stm32wlxx_hal.o
 .debug_line    0x00000aef      0x785 build/slave/stm32wlxx_hal_cortex.o
 .debug_line    0x00001274     0x16e0 build/slave/stm32wlxx_hal_rcc.o
 .debug_line    0x00002954      0x5f8 build/slave/stm32wlxx_hal_gpio.o
 .debug_line    0x00002f4c     0x4bac build/slave/stm32wlxx_hal_uart.o
 .debug_line    0x00007af8      0xe7c build/slave/stm32wlxx_hal_subghz.o
 .debug_line    0x00008974      0x42d build/slave/stm32wlxx_hal_pwr.o
 .debug_line    0x00008da1      0x8c7 build/slave/stm32wlxx_hal_pwr_ex.o
 .debug_line    0x00009668      0x2db build/slave/hw_init.o
 .debug_line    0x00009943      0x6ed build/slave/lora_p2p.o
 .debug_line    0x0000a030      0x364 build/slave/uart_debug.o
 .debug_line    0x0000a394      0x329 build/slave/main_slave.o
 .debug_line    0x0000a6bd      0x335 /usr/lib/gcc/arm-none-eabi/13.2.1/../../../arm-none-eabi/lib/thumb/v7e-m/nofp/libc_nano.a(libc_a-vsnprintf.o)
 .debug_line    0x0000a9f2       0xe7 /usr/lib/gcc/arm-none-eabi/13.2.1/../../../arm-none-eabi/lib/thumb/v7e-m/nofp/libc_nano.a(libc_a-impure.o)
 .debug_line    0x0000aad9      0x854 /usr/lib/gcc/arm-none-eabi/13.2.1/../../../arm-none-eabi/lib/thumb/v7e-m/nofp/libc_nano.a(libc_a-nano-svfprintf.o)
 .debug_line    0x0000b32d      0x11e /usr/lib/gcc/arm-none-eabi/13.2.1/../../../arm-none-eabi/lib/thumb/v7e-m/nofp/libc_nano.a(libc_a-init.o)
 .debug_line    0x0000b44b      0x1b6 /usr/lib/gcc/arm-none-eabi/13.2.1/../../../arm-none-eabi/lib/thumb/v7e-m/nofp/libc_nano.a(libc_a-memset.o)
 .debug_line    0x0000b601      0x446 /usr/lib/gcc/arm-none-eabi/13.2.1/../../../arm-none-eabi/lib/thumb/v7e-m/nofp/libc_nano.a(libc_a-mallocr.o)
 .debug_line    0x0000ba47      0x2c3 /usr/lib/gcc/arm-none-eabi/13.2.1/../../../arm-none-eabi/lib/thumb/v7e-m/nofp/libc_nano.a(libc_a-freer.o)
 .debug_line    0x0000bd0a      0x1f1 /usr/lib/gcc/arm-none-eabi/13.2.1/../../../arm-none-eabi/lib/thumb/v7e-m/nofp/libc_nano.a(libc_a-memmove.o)
 .debug_line    0x0000befb       0x84 /usr/lib/gcc/arm-none-eabi/13.2.1/../../../arm-none-eabi/lib/thumb/v7e-m/nofp/libc_nano.a(libc_a-memchr.o)
 .debug_line    0x0000bf7f       0xb9 /usr/lib/gcc/arm-none-eabi/13.2.1/../../../arm-none-eabi/lib/thumb/v7e-m/nofp/libc_nano.a(libc_a-memcpy.o)
 .debug_line    0x0000c038      0x1f8 /usr/lib/gcc/arm-none-eabi/13.2.1/../../../arm-none-eabi/lib/thumb/v7e-m/nofp/libc_nano.a(libc_a-reallocr.o)
 .debug_line    0x0000c230      0x75d /usr/lib/gcc/arm-none-eabi/13.2.1/../../../arm-none-eabi/lib/thumb/v7e-m/nofp/libc_nano.a(libc_a-nano-vfprintf_i.o)
 .debug_line    0x0000c98d      0x153 /usr/lib/gcc/arm-none-eabi/13.2.1/../../../arm-none-eabi/lib/thumb/v7e-m/nofp/libc_nano.a(libc_a-mlock.o)
 .debug_line    0x0000cae0      0x1f6 /usr/lib/gcc/arm-none-eabi/13.2.1/../../../arm-none-eabi/lib/thumb/v7e-m/nofp/libc_nano.a(libc_a-strncmp.o)
 .debug_line    0x0000ccd6      0x193 /usr/lib/gcc/arm-none-eabi/13.2.1/../../../arm-none-eabi/lib/thumb/v7e-m/nofp/libc_nano.a(libc_a-sbrkr.o)
 .debug_line    0x0000ce69      0x176 /usr/lib/gcc/arm-none-eabi/13.2.1/../../../arm-none-eabi/lib/thumb/v7e-m/nofp/libc_nano.a(libc_a-msizer.o)
 .debug_line    0x0000cfdf      0x4fc /usr/lib/gcc/arm-none-eabi/13.2.1/../../../arm-none-eabi/lib/thumb/v7e-m/nofp/libc_nano.a(libc_a-findfp.o)
 .debug_line    0x0000d4db      0x27b /usr/lib/gcc/arm-none-eabi/13.2.1/../../../arm-none-eabi/lib/thumb/v7e-m/nofp/libc_nano.a(libc_a-reent.o)
 .debug_line    0x0000d756       0x76 /usr/lib/gcc/arm-none-eabi/13.2.1/../../../arm-none-eabi/lib/thumb/v7e-m/nofp/libnosys.a(sbrk.o)
 .debug_line    0x0000d7cc       0x4e /usr/lib/gcc/arm-none-eabi/13.2.1/thumb/v7e-m/nofp/libgcc.a(_aeabi_uldivmod.o)
 .debug_line    0x0000d81a      0x574 /usr/lib/gcc/arm-none-eabi/13.2.1/thumb/v7e-m/nofp/libgcc.a(_udivmoddi4.o)
 .debug_line    0x0000dd8e       0x4a /usr/lib/gcc/arm-none-eabi/13.2.1/thumb/v7e-m/nofp/libgcc.a(_dvmd_tls.o)

.debug_str      0x00000000     0x5967
 .debug_str     0x00000000     0x5967 build/slave/system_stm32wlxx.o
                                0x367 (size before relaxing)
 .debug_str     0x00005967      0xea8 build/slave/stm32wlxx_hal.o
 .debug_str     0x00005967      0xaec build/slave/stm32wlxx_hal_cortex.o
 .debug_str     0x00005967      0xd37 build/slave/stm32wlxx_hal_rcc.o
 .debug_str     0x00005967      0x417 build/slave/stm32wlxx_hal_gpio.o
 .debug_str     0x00005967     0x121e build/slave/stm32wlxx_hal_uart.o
 .debug_str     0x00005967      0xd06 build/slave/stm32wlxx_hal_subghz.o
 .debug_str     0x00005967      0x5e5 build/slave/stm32wlxx_hal_pwr.o
 .debug_str     0x00005967      0x9e3 build/slave/stm32wlxx_hal_pwr_ex.o
 .debug_str     0x00005967      0xac2 build/slave/hw_init.o
 .debug_str     0x00005967      0xfe3 build/slave/lora_p2p.o
 .debug_str     0x00005967      0x7b6 build/slave/uart_debug.o
 .debug_str     0x00005967      0x44c build/slave/main_slave.o
 .debug_str     0x00005967      0x507 /usr/lib/gcc/arm-none-eabi/13.2.1/../../../arm-none-eabi/lib/thumb/v7e-m/nofp/libc_nano.a(libc_a-vsnprintf.o)
 .debug_str     0x00005967      0x4b6 /usr/lib/gcc/arm-none-eabi/13.2.1/../../../arm-none-eabi/lib/thumb/v7e-m/nofp/libc_nano.a(libc_a-impure.o)
 .debug_str     0x00005967      0x7ff /usr/lib/gcc/arm-none-eabi/13.2.1/../../../arm-none-eabi/lib/thumb/v7e-m/nofp/libc_nano.a(libc_a-nano-svfprintf.o)
 .debug_str     0x00005967      0x1f4 /usr/lib/gcc/arm-none-eabi/13.2.1/../../../arm-none-eabi/lib/thumb/v7e-m/nofp/libc_nano.a(libc_a-init.o)
 .debug_str     0x00005967      0x1a7 /usr/lib/gcc/arm-none-eabi/13.2.1/../../../arm-none-eabi/lib/thumb/v7e-m/nofp/libc_nano.a(libc_a-memset.o)
 .debug_str     0x00005967      0x597 /usr/lib/gcc/arm-none-eabi/13.2.1/../../../arm-none-eabi/lib/thumb/v7e-m/nofp/libc_nano.a(libc_a-mallocr.o)
 .debug_str     0x00005967      0x536 /usr/lib/gcc/arm-none-eabi/13.2.1/../../../arm-none-eabi/lib/thumb/v7e-m/nofp/libc_nano.a(libc_a-freer.o)
 .debug_str     0x00005967      0x1c6 /usr/lib/gcc/arm-none-eabi/13.2.1/../../../arm-none-eabi/lib/thumb/v7e-m/nofp/libc_nano.a(libc_a-memmove.o)
 .debug_str     0x00005967       0x9b /usr/lib/gcc/arm-none-eabi/13.2.1/../../../arm-none-eabi/lib/thumb/v7e-m/nofp/libc_nano.a(libc_a-memchr.o)
 .debug_str     0x00005967       0xa9 /usr/lib/gcc/arm-none-eabi/13.2.1/../../../arm-none-eabi/lib/thumb/v7e-m/nofp/libc_nano.a(libc_a-memcpy.o)
 .debug_str     0x00005967      0x52c /usr/lib/gcc/arm-none-eabi/13.2.1/../../../arm-none-eabi/lib/thumb/v7e-m/nofp/libc_nano.a(libc_a-reallocr.o)
 .debug_str     0x00005967      0x795 /usr/lib/gcc/arm-none-eabi/13.2.1/../../../arm-none-eabi/lib/thumb/v7e-m/nofp/libc_nano.a(libc_a-nano-vfprintf_i.o)
 .debug_str     0x00005967      0x4d4 /usr/lib/gcc/arm-none-eabi/13.2.1/../../../arm-none-eabi/lib/thumb/v7e-m/nofp/libc_nano.a(libc_a-mlock.o)
 .debug_str     0x00005967      0x195 /usr/lib/gcc/arm-none-eabi/13.2.1/../../../arm-none-eabi/lib/thumb/v7e-m/nofp/libc_nano.a(libc_a-strncmp.o)
 .debug_str     0x00005967      0x4bf /usr/lib/gcc/arm-none-eabi/13.2.1/../../../arm-none-eabi/lib/thumb/v7e-m/nofp/libc_nano.a(libc_a-sbrkr.o)
 .debug_str     0x00005967      0x4ff /usr/lib/gcc/arm-none-eabi/13.2.1/../../../arm-none-eabi/lib/thumb/v7e-m/nofp/libc_nano.a(libc_a-msizer.o)
 .debug_str     0x00005967      0x6b9 /usr/lib/gcc/arm-none-eabi/13.2.1/../../../arm-none-eabi/lib/thumb/v7e-m/nofp/libc_nano.a(libc_a-findfp.o)
 .debug_str     0x00005967      0x4d5 /usr/lib/gcc/arm-none-eabi/13.2.1/../../../arm-none-eabi/lib/thumb/v7e-m/nofp/libc_nano.a(libc_a-reent.o)
 .debug_str     0x00005967      0x117 /usr/lib/gcc/arm-none-eabi/13.2.1/../../../arm-none-eabi/lib/thumb/v7e-m/nofp/libnosys.a(sbrk.o)
 .debug_str     0x00005967       0xa0 /usr/lib/gcc/arm-none-eabi/13.2.1/thumb/v7e-m/nofp/libgcc.a(_aeabi_uldivmod.o)
 .debug_str     0x00005967      0x67f /usr/lib/gcc/arm-none-eabi/13.2.1/thumb/v7e-m/nofp/libgcc.a(_udivmoddi4.o)
 .debug_str     0x00005967       0xc0 /usr/lib/gcc/arm-none-eabi/13.2.1/thumb/v7e-m/nofp/libgcc.a(_dvmd_tls.o)

.debug_frame    0x00000000     0x1c58
 .debug_frame   0x00000000       0x30 build/slave/system_stm32wlxx.o
 .debug_frame   0x00000030      0x260 build/slave/stm32wlxx_hal.o
 .debug_frame   0x00000290      0x170 build/slave/stm32wlxx_hal_cortex.o
 .debug_frame   0x00000400      0x1f4 build/slave/stm32wlxx_hal_rcc.o
 .debug_frame   0x000005f4       0xe0 build/slave/stm32wlxx_hal_gpio.o
 .debug_frame   0x000006d4      0x6cc build/slave/stm32wlxx_hal_uart.o
 .debug_frame   0x00000da0      0x2f0 build/slave/stm32wlxx_hal_subghz.o
 .debug_frame   0x00001090      0x118 build/slave/stm32wlxx_hal_pwr.o
 .debug_frame   0x000011a8      0x268 build/slave/stm32wlxx_hal_pwr_ex.o
 .debug_frame   0x00001410       0x48 build/slave/hw_init.o
 .debug_frame   0x00001458      0x130 build/slave/lora_p2p.o
 .debug_frame   0x00001588       0xdc build/slave/uart_debug.o
 .debug_frame   0x00001664       0xb0 build/slave/main_slave.o
 .debug_frame   0x00001714       0x60 /usr/lib/gcc/arm-none-eabi/13.2.1/../../../arm-none-eabi/lib/thumb/v7e-m/nofp/libc_nano.a(libc_a-vsnprintf.o)
 .debug_frame   0x00001774       0x98 /usr/lib/gcc/arm-none-eabi/13.2.1/../../../arm-none-eabi/lib/thumb/v7e-m/nofp/libc_nano.a(libc_a-nano-svfprintf.o)
 .debug_frame   0x0000180c       0x2c /usr/lib/gcc/arm-none-eabi/13.2.1/../../../arm-none-eabi/lib/thumb/v7e-m/nofp/libc_nano.a(libc_a-init.o)
 .debug_frame   0x00001838       0x2c /usr/lib/gcc/arm-none-eabi/13.2.1/../../../arm-none-eabi/lib/thumb/v7e-m/nofp/libc_nano.a(libc_a-memset.o)
 .debug_frame   0x00001864       0x50 /usr/lib/gcc/arm-none-eabi/13.2.1/../../../arm-none-eabi/lib/thumb/v7e-m/nofp/libc_nano.a(libc_a-mallocr.o)
 .debug_frame   0x000018b4       0x58 /usr/lib/gcc/arm-none-eabi/13.2.1/../../../arm-none-eabi/lib/thumb/v7e-m/nofp/libc_nano.a(libc_a-freer.o)
 .debug_frame   0x0000190c       0x40 /usr/lib/gcc/arm-none-eabi/13.2.1/../../../arm-none-eabi/lib/thumb/v7e-m/nofp/libc_nano.a(libc_a-memmove.o)
 .debug_frame   0x0000194c       0x38 /usr/lib/gcc/arm-none-eabi/13.2.1/../../../arm-none-eabi/lib/thumb/v7e-m/nofp/libc_nano.a(libc_a-reallocr.o)
 .debug_frame   0x00001984       0x6c /usr/lib/gcc/arm-none-eabi/13.2.1/../../../arm-none-eabi/lib/thumb/v7e-m/nofp/libc_nano.a(libc_a-nano-vfprintf_i.o)
 .debug_frame   0x000019f0       0x30 /usr/lib/gcc/arm-none-eabi/13.2.1/../../../arm-none-eabi/lib/thumb/v7e-m/nofp/libc_nano.a(libc_a-mlock.o)
 .debug_frame   0x00001a20       0x38 /usr/lib/gcc/arm-none-eabi/13.2.1/../../../arm-none-eabi/lib/thumb/v7e-m/nofp/libc_nano.a(libc_a-strncmp.o)
 .debug_frame   0x00001a58       0x2c /usr/lib/gcc/arm-none-eabi/13.2.1/../../../arm-none-eabi/lib/thumb/v7e-m/nofp/libc_nano.a(libc_a-sbrkr.o)
 .debug_frame   0x00001a84       0x20 /usr/lib/gcc/arm-none-eabi/13.2.1/../../../arm-none-eabi/lib/thumb/v7e-m/nofp/libc_nano.a(libc_a-msizer.o)
 .debug_frame   0x00001aa4       0xf4 /usr/lib/gcc/arm-none-eabi/13.2.1/../../../arm-none-eabi/lib/thumb/v7e-m/nofp/libc_nano.a(libc_a-findfp.o)
 .debug_frame   0x00001b98       0x40 /usr/lib/gcc/arm-none-eabi/13.2.1/../../../arm-none-eabi/lib/thumb/v7e-m/nofp/libc_nano.a(libc_a-reent.o)
 .debug_frame   0x00001bd8       0x20 /usr/lib/gcc/arm-none-eabi/13.2.1/../../../arm-none-eabi/lib/thumb/v7e-m/nofp/libnosys.a(sbrk.o)
 .debug_frame   0x00001bf8       0x2c /usr/lib/gcc/arm-none-eabi/13.2.1/thumb/v7e-m/nofp/libgcc.a(_aeabi_uldivmod.o)
 .debug_frame   0x00001c24       0x34 /usr/lib/gcc/arm-none-eabi/13.2.1/thumb/v7e-m/nofp/libgcc.a(_udivmoddi4.o)

.debug_line_str
                0x00000000      0x13f
 .debug_line_str
                0x00000000      0x13f /usr/lib/gcc/arm-none-eabi/13.2.1/../../../arm-none-eabi/lib/thumb/v7e-m/nofp/libc_nano.a(libc_a-memchr.o)
                                 0x8f (size before relaxing)
 .debug_line_str
                0x0000013f       0x96 /usr/lib/gcc/arm-none-eabi/13.2.1/../../../arm-none-eabi/lib/thumb/v7e-m/nofp/libc_nano.a(libc_a-memcpy.o)
 .debug_line_str
                0x0000013f       0x94 /usr/lib/gcc/arm-none-eabi/13.2.1/thumb/v7e-m/nofp/libgcc.a(_aeabi_uldivmod.o)
 .debug_line_str
                0x0000013f       0x98 /usr/lib/gcc/arm-none-eabi/13.2.1/thumb/v7e-m/nofp/libgcc.a(_dvmd_tls.o)

Cross Reference Table

Symbol                                            File
ADC_IRQHandler                                    build/slave/startup_stm32wle5xx.o
AES_IRQHandler                                    build/slave/startup_stm32wle5xx.o
AHBPrescTable                                     build/slave/system_stm32wlxx.o
                                                  build/slave/stm32wlxx_hal_rcc_ex.o
                                                  build/slave/stm32wlxx_hal_rcc.o
APBPrescTable                                     build/slave/system_stm32wlxx.o
                                                  build/slave/stm32wlxx_hal_rcc_ex.o
                                                  build/slave/stm32wlxx_hal_rcc.o
BusFault_Handler                                  build/slave/startup_stm32wle5xx.o
COMP_IRQHandler                                   build/slave/startup_stm32wle5xx.o
DAC_IRQHandler                                    build/slave/startup_stm32wle5xx.o
DMA1_Channel1_IRQHandler                          build/slave/startup_stm32wle5xx.o
DMA1_Channel2_IRQHandler                          build/slave/startup_stm32wle5xx.o
DMA1_Channel3_IRQHandler                          build/slave/startup_stm32wle5xx.o
DMA1_Channel4_IRQHandler                          build/slave/startup_stm32wle5xx.o
DMA1_Channel5_IRQHandler                          build/slave/startup_stm32wle5xx.o
DMA1_Channel6_IRQHandler                          build/slave/startup_stm32wle5xx.o
DMA1_Channel7_IRQHandler                          build/slave/startup_stm32wle5xx.o
DMA2_Channel1_IRQHandler                          build/slave/startup_stm32wle5xx.o
DMA2_Channel2_IRQHandler                          build/slave/startup_stm32wle5xx.o
DMA2_Channel3_IRQHandler                          build/slave/startup_stm32wle5xx.o
DMA2_Channel4_IRQHandler                          build/slave/startup_stm32wle5xx.o
DMA2_Channel5_IRQHandler                          build/slave/startup_stm32wle5xx.o
DMA2_Channel6_IRQHandler                          build/slave/startup_stm32wle5xx.o
DMA2_Channel7_IRQHandler                          build/slave/startup_stm32wle5xx.o
DMAMUX1_OVR_IRQHandler                            build/slave/startup_stm32wle5xx.o
DebugMon_Handler                                  build/slave/startup_stm32wle5xx.o
Default_Handler                                   build/slave/startup_stm32wle5xx.o
EXTI0_IRQHandler                                  build/slave/startup_stm32wle5xx.o
EXTI15_10_IRQHandler                              build/slave/startup_stm32wle5xx.o
EXTI1_IRQHandler                                  build/slave/startup_stm32wle5xx.o
EXTI2_IRQHandler                                  build/slave/startup_stm32wle5xx.o
EXTI3_IRQHandler                                  build/slave/startup_stm32wle5xx.o
EXTI4_IRQHandler                                  build/slave/startup_stm32wle5xx.o
EXTI9_5_IRQHandler                                build/slave/startup_stm32wle5xx.o
FLASH_IRQHandler                                  build/slave/startup_stm32wle5xx.o
FLASH_PageErase                                   build/slave/stm32wlxx_hal_flash_ex.o
                                                  build/slave/stm32wlxx_hal_flash.o
FLASH_WaitForLastOperation                        build/slave/stm32wlxx_hal_flash.o
                                                  build/slave/stm32wlxx_hal_flash_ex.o
HAL_DBGMCU_DisableDBGSleepMode                    build/slave/stm32wlxx_hal.o
HAL_DBGMCU_DisableDBGStandbyMode                  build/slave/stm32wlxx_hal.o
HAL_DBGMCU_DisableDBGStopMode                     build/slave/stm32wlxx_hal.o
HAL_DBGMCU_EnableDBGSleepMode                     build/slave/stm32wlxx_hal.o
HAL_DBGMCU_EnableDBGStandbyMode                   build/slave/stm32wlxx_hal.o
HAL_DBGMCU_EnableDBGStopMode                      build/slave/stm32wlxx_hal.o
HAL_DMA_Abort                                     build/slave/stm32wlxx_hal_dma.o
                                                  build/slave/stm32wlxx_hal_uart.o
HAL_DMA_Abort_IT                                  build/slave/stm32wlxx_hal_dma.o
                                                  build/slave/stm32wlxx_hal_uart.o
HAL_DMA_DeInit                                    build/slave/stm32wlxx_hal_dma.o
HAL_DMA_GetError                                  build/slave/stm32wlxx_hal_dma.o
                                                  build/slave/stm32wlxx_hal_uart.o
HAL_DMA_GetState                                  build/slave/stm32wlxx_hal_dma.o
HAL_DMA_IRQHandler                                build/slave/stm32wlxx_hal_dma.o
HAL_DMA_Init                                      build/slave/stm32wlxx_hal_dma.o
HAL_DMA_PollForTransfer                           build/slave/stm32wlxx_hal_dma.o
HAL_DMA_RegisterCallback                          build/slave/stm32wlxx_hal_dma.o
HAL_DMA_Start                                     build/slave/stm32wlxx_hal_dma.o
HAL_DMA_Start_IT                                  build/slave/stm32wlxx_hal_dma.o
                                                  build/slave/stm32wlxx_hal_uart.o
HAL_DMA_UnRegisterCallback                        build/slave/stm32wlxx_hal_dma.o
HAL_DeInit                                        build/slave/stm32wlxx_hal.o
HAL_Delay                                         build/slave/stm32wlxx_hal.o
                                                  build/slave/main_slave.o
                                                  build/slave/lora_p2p.o
HAL_FLASHEx_AllowOperation                        build/slave/stm32wlxx_hal_flash_ex.o
HAL_FLASHEx_Erase                                 build/slave/stm32wlxx_hal_flash_ex.o
HAL_FLASHEx_Erase_IT                              build/slave/stm32wlxx_hal_flash_ex.o
HAL_FLASHEx_FlashEmptyCheck                       build/slave/stm32wlxx_hal_flash_ex.o
HAL_FLASHEx_ForceFlashEmpty                       build/slave/stm32wlxx_hal_flash_ex.o
HAL_FLASHEx_IsOperationSuspended                  build/slave/stm32wlxx_hal_flash_ex.o
HAL_FLASHEx_OBGetConfig                           build/slave/stm32wlxx_hal_flash_ex.o
HAL_FLASHEx_OBProgram                             build/slave/stm32wlxx_hal_flash_ex.o
HAL_FLASHEx_SuspendOperation                      build/slave/stm32wlxx_hal_flash_ex.o
HAL_FLASH_EndOfOperationCallback                  build/slave/stm32wlxx_hal_flash.o
HAL_FLASH_GetError                                build/slave/stm32wlxx_hal_flash.o
HAL_FLASH_IRQHandler                              build/slave/stm32wlxx_hal_flash.o
HAL_FLASH_Lock                                    build/slave/stm32wlxx_hal_flash.o
HAL_FLASH_OB_Launch                               build/slave/stm32wlxx_hal_flash.o
HAL_FLASH_OB_Lock                                 build/slave/stm32wlxx_hal_flash.o
HAL_FLASH_OB_Unlock                               build/slave/stm32wlxx_hal_flash.o
HAL_FLASH_OperationErrorCallback                  build/slave/stm32wlxx_hal_flash.o
HAL_FLASH_Program                                 build/slave/stm32wlxx_hal_flash.o
HAL_FLASH_Program_IT                              build/slave/stm32wlxx_hal_flash.o
HAL_FLASH_Unlock                                  build/slave/stm32wlxx_hal_flash.o
HAL_GPIO_DeInit                                   build/slave/stm32wlxx_hal_gpio.o
HAL_GPIO_EXTI_Callback                            build/slave/stm32wlxx_hal_gpio.o
HAL_GPIO_EXTI_IRQHandler                          build/slave/stm32wlxx_hal_gpio.o
HAL_GPIO_Init                                     build/slave/stm32wlxx_hal_gpio.o
                                                  build/slave/hw_init.o
                                                  build/slave/stm32wlxx_hal_rcc.o
HAL_GPIO_LockPin                                  build/slave/stm32wlxx_hal_gpio.o
HAL_GPIO_ReadPin                                  build/slave/stm32wlxx_hal_gpio.o
HAL_GPIO_TogglePin                                build/slave/stm32wlxx_hal_gpio.o
HAL_GPIO_WriteMultipleStatePin                    build/slave/stm32wlxx_hal_gpio.o
HAL_GPIO_WritePin                                 build/slave/stm32wlxx_hal_gpio.o
HAL_GetDEVID                                      build/slave/stm32wlxx_hal.o
HAL_GetHalVersion                                 build/slave/stm32wlxx_hal.o
HAL_GetREVID                                      build/slave/stm32wlxx_hal.o
HAL_GetTick                                       build/slave/stm32wlxx_hal.o
                                                  build/slave/stm32wlxx_hal_flash.o
                                                  build/slave/stm32wlxx_hal_dma.o
                                                  build/slave/stm32wlxx_hal_uart_ex.o
                                                  build/slave/stm32wlxx_hal_uart.o
                                                  build/slave/stm32wlxx_hal_rcc_ex.o
                                                  build/slave/stm32wlxx_hal_rcc.o
HAL_GetTickFreq                                   build/slave/stm32wlxx_hal.o
HAL_GetTickPrio                                   build/slave/stm32wlxx_hal.o
HAL_GetUIDw0                                      build/slave/stm32wlxx_hal.o
HAL_GetUIDw1                                      build/slave/stm32wlxx_hal.o
HAL_GetUIDw2                                      build/slave/stm32wlxx_hal.o
HAL_HalfDuplex_EnableReceiver                     build/slave/stm32wlxx_hal_uart.o
HAL_HalfDuplex_EnableTransmitter                  build/slave/stm32wlxx_hal_uart.o
HAL_HalfDuplex_Init                               build/slave/stm32wlxx_hal_uart.o
HAL_IncTick                                       build/slave/stm32wlxx_hal.o
HAL_Init                                          build/slave/stm32wlxx_hal.o
                                                  build/slave/hw_init.o
HAL_InitTick                                      build/slave/stm32wlxx_hal.o
                                                  build/slave/stm32wlxx_hal_rcc.o
HAL_LIN_Init                                      build/slave/stm32wlxx_hal_uart.o
HAL_LIN_SendBreak                                 build/slave/stm32wlxx_hal_uart.o
HAL_MPU_ConfigRegion                              build/slave/stm32wlxx_hal_cortex.o
HAL_MPU_Disable                                   build/slave/stm32wlxx_hal_cortex.o
HAL_MPU_DisableRegion                             build/slave/stm32wlxx_hal_cortex.o
HAL_MPU_Enable                                    build/slave/stm32wlxx_hal_cortex.o
HAL_MPU_EnableRegion                              build/slave/stm32wlxx_hal_cortex.o
HAL_MspDeInit                                     build/slave/stm32wlxx_hal.o
HAL_MspInit                                       build/slave/stm32wlxx_hal.o
HAL_MultiProcessorEx_AddressLength_Set            build/slave/stm32wlxx_hal_uart_ex.o
HAL_MultiProcessor_DisableMuteMode                build/slave/stm32wlxx_hal_uart.o
HAL_MultiProcessor_EnableMuteMode                 build/slave/stm32wlxx_hal_uart.o
HAL_MultiProcessor_EnterMuteMode                  build/slave/stm32wlxx_hal_uart.o
HAL_MultiProcessor_Init                           build/slave/stm32wlxx_hal_uart.o
HAL_NVIC_ClearPendingIRQ                          build/slave/stm32wlxx_hal_cortex.o
HAL_NVIC_DisableIRQ                               build/slave/stm32wlxx_hal_cortex.o
HAL_NVIC_EnableIRQ                                build/slave/stm32wlxx_hal_cortex.o
                                                  build/slave/lora_p2p.o
HAL_NVIC_GetActive                                build/slave/stm32wlxx_hal_cortex.o
HAL_NVIC_GetPendingIRQ                            build/slave/stm32wlxx_hal_cortex.o
HAL_NVIC_GetPriority                              build/slave/stm32wlxx_hal_cortex.o
HAL_NVIC_GetPriorityGrouping                      build/slave/stm32wlxx_hal_cortex.o
HAL_NVIC_SetPendingIRQ                            build/slave/stm32wlxx_hal_cortex.o
HAL_NVIC_SetPriority                              build/slave/stm32wlxx_hal_cortex.o
                                                  build/slave/lora_p2p.o
                                                  build/slave/stm32wlxx_hal.o
HAL_NVIC_SetPriorityGrouping                      build/slave/stm32wlxx_hal_cortex.o
                                                  build/slave/stm32wlxx_hal.o
HAL_NVIC_SystemReset                              build/slave/stm32wlxx_hal_cortex.o
HAL_PWREx_ConfigPVM                               build/slave/stm32wlxx_hal_pwr_ex.o
HAL_PWREx_ControlVoltageScaling                   build/slave/stm32wlxx_hal_pwr_ex.o
HAL_PWREx_DisableBORPVD_ULP                       build/slave/stm32wlxx_hal_pwr_ex.o
HAL_PWREx_DisableBatteryCharging                  build/slave/stm32wlxx_hal_pwr_ex.o
HAL_PWREx_DisableFlashPowerDown                   build/slave/stm32wlxx_hal_pwr_ex.o
HAL_PWREx_DisableGPIOPullDown                     build/slave/stm32wlxx_hal_pwr_ex.o
HAL_PWREx_DisableGPIOPullUp                       build/slave/stm32wlxx_hal_pwr_ex.o
HAL_PWREx_DisableInternalWakeUpLine               build/slave/stm32wlxx_hal_pwr_ex.o
HAL_PWREx_DisableLowPowerRunMode                  build/slave/stm32wlxx_hal_pwr_ex.o
                                                  build/slave/stm32wlxx_hal_pwr.o
HAL_PWREx_DisablePVM3                             build/slave/stm32wlxx_hal_pwr_ex.o
HAL_PWREx_DisablePullUpPullDownConfig             build/slave/stm32wlxx_hal_pwr_ex.o
HAL_PWREx_DisableSRAMRetention                    build/slave/stm32wlxx_hal_pwr_ex.o
HAL_PWREx_DisableWPVD                             build/slave/stm32wlxx_hal_pwr_ex.o
HAL_PWREx_EnableBORPVD_ULP                        build/slave/stm32wlxx_hal_pwr_ex.o
HAL_PWREx_EnableBatteryCharging                   build/slave/stm32wlxx_hal_pwr_ex.o
HAL_PWREx_EnableFlashPowerDown                    build/slave/stm32wlxx_hal_pwr_ex.o
HAL_PWREx_EnableGPIOPullDown                      build/slave/stm32wlxx_hal_pwr_ex.o
HAL_PWREx_EnableGPIOPullUp                        build/slave/stm32wlxx_hal_pwr_ex.o
HAL_PWREx_EnableInternalWakeUpLine                build/slave/stm32wlxx_hal_pwr_ex.o
HAL_PWREx_EnableLowPowerRunMode                   build/slave/stm32wlxx_hal_pwr_ex.o
                                                  build/slave/stm32wlxx_hal_pwr.o
HAL_PWREx_EnablePVM3                              build/slave/stm32wlxx_hal_pwr_ex.o
HAL_PWREx_EnablePullUpPullDownConfig              build/slave/stm32wlxx_hal_pwr_ex.o
HAL_PWREx_EnableSRAMRetention                     build/slave/stm32wlxx_hal_pwr_ex.o
HAL_PWREx_EnableWPVD                              build/slave/stm32wlxx_hal_pwr_ex.o
HAL_PWREx_EnterSHUTDOWNMode                       build/slave/stm32wlxx_hal_pwr_ex.o
HAL_PWREx_EnterSTOP0Mode                          build/slave/stm32wlxx_hal_pwr_ex.o
                                                  build/slave/stm32wlxx_hal_pwr.o
HAL_PWREx_EnterSTOP1Mode                          build/slave/stm32wlxx_hal_pwr_ex.o
                                                  build/slave/stm32wlxx_hal_pwr.o
HAL_PWREx_EnterSTOP2Mode                          build/slave/stm32wlxx_hal_pwr_ex.o
HAL_PWREx_GetVoltageRange                         build/slave/stm32wlxx_hal_pwr_ex.o
                                                  build/slave/stm32wlxx_hal_rcc.o
HAL_PWREx_PVD_PVM_IRQHandler                      build/slave/stm32wlxx_hal_pwr_ex.o
HAL_PWREx_PVM3Callback                            build/slave/stm32wlxx_hal_pwr_ex.o
HAL_PWREx_SMPS_GetEffectiveMode                   build/slave/stm32wlxx_hal_pwr_ex.o
HAL_PWREx_SMPS_SetMode                            build/slave/stm32wlxx_hal_pwr_ex.o
HAL_PWREx_SetRadioBusyPolarity                    build/slave/stm32wlxx_hal_pwr_ex.o
HAL_PWREx_SetRadioBusyTrigger                     build/slave/stm32wlxx_hal_pwr_ex.o
HAL_PWREx_SetRadioEOL                             build/slave/stm32wlxx_hal_pwr_ex.o
HAL_PWREx_SetRadioIRQTrigger                      build/slave/stm32wlxx_hal_pwr_ex.o
HAL_PWR_ConfigPVD                                 build/slave/stm32wlxx_hal_pwr.o
HAL_PWR_DeInit                                    build/slave/stm32wlxx_hal_pwr.o
HAL_PWR_DisableBkUpAccess                         build/slave/stm32wlxx_hal_pwr.o
HAL_PWR_DisablePVD                                build/slave/stm32wlxx_hal_pwr.o
HAL_PWR_DisableSEVOnPend                          build/slave/stm32wlxx_hal_pwr.o
HAL_PWR_DisableSleepOnExit                        build/slave/stm32wlxx_hal_pwr.o
HAL_PWR_DisableWakeUpPin                          build/slave/stm32wlxx_hal_pwr.o
HAL_PWR_EnableBkUpAccess                          build/slave/stm32wlxx_hal_pwr.o
                                                  build/slave/stm32wlxx_hal_rcc_ex.o
                                                  build/slave/stm32wlxx_hal_rcc.o
HAL_PWR_EnablePVD                                 build/slave/stm32wlxx_hal_pwr.o
HAL_PWR_EnableSEVOnPend                           build/slave/stm32wlxx_hal_pwr.o
HAL_PWR_EnableSleepOnExit                         build/slave/stm32wlxx_hal_pwr.o
HAL_PWR_EnableWakeUpPin                           build/slave/stm32wlxx_hal_pwr.o
HAL_PWR_EnterSLEEPMode                            build/slave/stm32wlxx_hal_pwr.o
HAL_PWR_EnterSTANDBYMode                          build/slave/stm32wlxx_hal_pwr.o
HAL_PWR_EnterSTOPMode                             build/slave/stm32wlxx_hal_pwr.o
HAL_PWR_PVDCallback                               build/slave/stm32wlxx_hal_pwr.o
                                                  build/slave/stm32wlxx_hal_pwr_ex.o
HAL_RCCEx_DisableLSCO                             build/slave/stm32wlxx_hal_rcc_ex.o
HAL_RCCEx_DisableLSECSS                           build/slave/stm32wlxx_hal_rcc_ex.o
HAL_RCCEx_DisableMSIPLLMode                       build/slave/stm32wlxx_hal_rcc_ex.o
HAL_RCCEx_EnableLSCO                              build/slave/stm32wlxx_hal_rcc_ex.o
HAL_RCCEx_EnableLSECSS                            build/slave/stm32wlxx_hal_rcc_ex.o
HAL_RCCEx_EnableLSECSS_IT                         build/slave/stm32wlxx_hal_rcc_ex.o
HAL_RCCEx_EnableMSIPLLMode                        build/slave/stm32wlxx_hal_rcc_ex.o
HAL_RCCEx_GetPeriphCLKConfig                      build/slave/stm32wlxx_hal_rcc_ex.o
HAL_RCCEx_GetPeriphCLKFreq                        build/slave/stm32wlxx_hal_rcc_ex.o
HAL_RCCEx_LSECSS_Callback                         build/slave/stm32wlxx_hal_rcc_ex.o
HAL_RCCEx_LSECSS_IRQHandler                       build/slave/stm32wlxx_hal_rcc_ex.o
HAL_RCCEx_PeriphCLKConfig                         build/slave/stm32wlxx_hal_rcc_ex.o
HAL_RCCEx_WakeUpStopCLKConfig                     build/slave/stm32wlxx_hal_rcc_ex.o
HAL_RCC_CSSCallback                               build/slave/stm32wlxx_hal_rcc.o
HAL_RCC_ClockConfig                               build/slave/stm32wlxx_hal_rcc.o
                                                  build/slave/hw_init.o
HAL_RCC_DeInit                                    build/slave/stm32wlxx_hal_rcc.o
HAL_RCC_EnableCSS                                 build/slave/stm32wlxx_hal_rcc.o
HAL_RCC_GetClockConfig                            build/slave/stm32wlxx_hal_rcc.o
HAL_RCC_GetHCLK3Freq                              build/slave/stm32wlxx_hal_rcc.o
HAL_RCC_GetHCLKFreq                               build/slave/stm32wlxx_hal_rcc.o
                                                  build/slave/stm32wlxx_hal.o
HAL_RCC_GetOscConfig                              build/slave/stm32wlxx_hal_rcc.o
HAL_RCC_GetPCLK1Freq                              build/slave/stm32wlxx_hal_rcc.o
                                                  build/slave/stm32wlxx_hal_uart.o
HAL_RCC_GetPCLK2Freq                              build/slave/stm32wlxx_hal_rcc.o
                                                  build/slave/stm32wlxx_hal_uart.o
HAL_RCC_GetResetSource                            build/slave/stm32wlxx_hal_rcc.o
HAL_RCC_GetSysClockFreq                           build/slave/stm32wlxx_hal_rcc.o
                                                  build/slave/stm32wlxx_hal_uart.o
                                                  build/slave/stm32wlxx_hal_rcc_ex.o
HAL_RCC_MCOConfig                                 build/slave/stm32wlxx_hal_rcc.o
HAL_RCC_NMI_IRQHandler                            build/slave/stm32wlxx_hal_rcc.o
HAL_RCC_OscConfig                                 build/slave/stm32wlxx_hal_rcc.o
                                                  build/slave/hw_init.o
HAL_RS485Ex_Init                                  build/slave/stm32wlxx_hal_uart_ex.o
HAL_ResumeTick                                    build/slave/stm32wlxx_hal.o
HAL_SUBGHZ_CADStatusCallback                      build/slave/stm32wlxx_hal_subghz.o
HAL_SUBGHZ_CRCErrorCallback                       build/slave/stm32wlxx_hal_subghz.o
HAL_SUBGHZ_DeInit                                 build/slave/stm32wlxx_hal_subghz.o
HAL_SUBGHZ_ExecGetCmd                             build/slave/stm32wlxx_hal_subghz.o
                                                  build/slave/lora_p2p.o
HAL_SUBGHZ_ExecSetCmd                             build/slave/stm32wlxx_hal_subghz.o
                                                  build/slave/lora_p2p.o
HAL_SUBGHZ_GetError                               build/slave/stm32wlxx_hal_subghz.o
HAL_SUBGHZ_GetState                               build/slave/stm32wlxx_hal_subghz.o
HAL_SUBGHZ_HeaderErrorCallback                    build/slave/stm32wlxx_hal_subghz.o
HAL_SUBGHZ_HeaderValidCallback                    build/slave/stm32wlxx_hal_subghz.o
HAL_SUBGHZ_IRQHandler                             build/slave/stm32wlxx_hal_subghz.o
HAL_SUBGHZ_Init                                   build/slave/stm32wlxx_hal_subghz.o
                                                  build/slave/lora_p2p.o
HAL_SUBGHZ_LrFhssHopCallback                      build/slave/stm32wlxx_hal_subghz.o
HAL_SUBGHZ_MspDeInit                              build/slave/stm32wlxx_hal_subghz.o
HAL_SUBGHZ_MspInit                                build/slave/stm32wlxx_hal_subghz.o
HAL_SUBGHZ_PreambleDetectedCallback               build/slave/stm32wlxx_hal_subghz.o
HAL_SUBGHZ_ReadBuffer                             build/slave/stm32wlxx_hal_subghz.o
                                                  build/slave/lora_p2p.o