Component: Arm Compiler for Embedded 6.24 Tool: armlink [5f371500]

==============================================================================

Section Cross References

    hw_init.o(.ARM.exidx.text.Error_Handler) refers to hw_init.o(.text.Error_Handler) for [Anonymous Symbol]
    hw_init.o(.text.SystemClock_Config) refers to rt_memclr_w.o(.text) for __aeabi_memclr4
    hw_init.o(.text.SystemClock_Config) refers to stm32wlxx_hal_rcc.o(.text.HAL_RCC_OscConfig) for HAL_RCC_OscConfig
    hw_init.o(.text.SystemClock_Config) refers to stm32wlxx_hal_rcc.o(.text.HAL_RCC_ClockConfig) for HAL_RCC_ClockConfig
    hw_init.o(.ARM.exidx.text.SystemClock_Config) refers to hw_init.o(.text.SystemClock_Config) for [Anonymous Symbol]
    hw_init.o(.text.MX_GPIO_Init) refers to hw_init.o(.text.LL_AHB2_GRP1_EnableClock) for LL_AHB2_GRP1_EnableClock
    hw_init.o(.ARM.exidx.text.MX_GPIO_Init) refers to hw_init.o(.text.MX_GPIO_Init) for [Anonymous Symbol]
    hw_init.o(.ARM.exidx.text.LL_AHB2_GRP1_EnableClock) refers to hw_init.o(.text.LL_AHB2_GRP1_EnableClock) for [Anonymous Symbol]
    hw_init.o(.text.MX_USART2_UART_Init) refers to hw_init.o(.text.LL_APB1_GRP1_EnableClock) for LL_APB1_GRP1_EnableClock
    hw_init.o(.text.MX_USART2_UART_Init) refers to hw_init.o(.text.LL_AHB2_GRP1_EnableClock) for LL_AHB2_GRP1_EnableClock
    hw_init.o(.text.MX_USART2_UART_Init) refers to stm32wlxx_hal_gpio.o(.text.HAL_GPIO_Init) for HAL_GPIO_Init
    hw_init.o(.text.MX_USART2_UART_Init) refers to hw_init.o(.bss.huart2) for huart2
    hw_init.o(.text.MX_USART2_UART_Init) refers to stm32wlxx_hal_uart.o(.text.HAL_UART_Init) for HAL_UART_Init
    hw_init.o(.ARM.exidx.text.MX_USART2_UART_Init) refers to hw_init.o(.text.MX_USART2_UART_Init) for [Anonymous Symbol]
    hw_init.o(.ARM.exidx.text.LL_APB1_GRP1_EnableClock) refers to hw_init.o(.text.LL_APB1_GRP1_EnableClock) for [Anonymous Symbol]
    hw_init.o(.text.hw_init) refers to stm32wlxx_hal.o(.text.HAL_Init) for HAL_Init
    hw_init.o(.text.hw_init) refers to hw_init.o(.text.SystemClock_Config) for SystemClock_Config
    hw_init.o(.text.hw_init) refers to hw_init.o(.text.MX_GPIO_Init) for MX_GPIO_Init
    hw_init.o(.text.hw_init) refers to hw_init.o(.text.MX_USART2_UART_Init) for MX_USART2_UART_Init
    hw_init.o(.ARM.exidx.text.hw_init) refers to hw_init.o(.text.hw_init) for [Anonymous Symbol]
    lora_p2p.o(.text.lora_p2p_init) refers to lora_p2p.o(.bss.s_cfg) for s_cfg
    lora_p2p.o(.text.lora_p2p_init) refers to lora_p2p.o(.text.LL_APB3_GRP1_EnableClock) for LL_APB3_GRP1_EnableClock
    lora_p2p.o(.text.lora_p2p_init) refers to lora_p2p.o(.bss.s_hsubghz) for s_hsubghz
    lora_p2p.o(.text.lora_p2p_init) refers to stm32wlxx_hal_subghz.o(.text.HAL_SUBGHZ_Init) for HAL_SUBGHZ_Init
    lora_p2p.o(.text.lora_p2p_init) refers to stm32wlxx_hal_cortex.o(.text.HAL_NVIC_SetPriority) for HAL_NVIC_SetPriority
    lora_p2p.o(.text.lora_p2p_init) refers to stm32wlxx_hal_cortex.o(.text.HAL_NVIC_EnableIRQ) for HAL_NVIC_EnableIRQ
    lora_p2p.o(.text.lora_p2p_init) refers to lora_p2p.o(.text.sx_set_standby) for sx_set_standby
    lora_p2p.o(.text.lora_p2p_init) refers to lora_p2p.o(.text.sx_set_tcxo) for sx_set_tcxo
    lora_p2p.o(.text.lora_p2p_init) refers to stm32wlxx_hal.o(.text.HAL_Delay) for HAL_Delay
    lora_p2p.o(.text.lora_p2p_init) refers to lora_p2p.o(.text.sx_calibrate_all) for sx_calibrate_all
    lora_p2p.o(.text.lora_p2p_init) refers to lora_p2p.o(.text.sx_set_regulator_dcdc) for sx_set_regulator_dcdc
    lora_p2p.o(.text.lora_p2p_init) refers to lora_p2p.o(.text.sx_set_pkt_type_lora) for sx_set_pkt_type_lora
    lora_p2p.o(.text.lora_p2p_init) refers to lora_p2p.o(.text.sx_set_frequency) for sx_set_frequency
    lora_p2p.o(.text.lora_p2p_init) refers to lora_p2p.o(.text.sx_calibrate_image) for sx_calibrate_image
    lora_p2p.o(.text.lora_p2p_init) refers to lora_p2p.o(.text.sx_set_pa_hp) for sx_set_pa_hp
    lora_p2p.o(.text.lora_p2p_init) refers to lora_p2p.o(.text.sx_set_tx_params) for sx_set_tx_params
    lora_p2p.o(.text.lora_p2p_init) refers to lora_p2p.o(.text.sx_set_modulation) for sx_set_modulation
    lora_p2p.o(.text.lora_p2p_init) refers to lora_p2p.o(.text.sx_set_pkt_params) for sx_set_pkt_params
    lora_p2p.o(.text.lora_p2p_init) refers to lora_p2p.o(.text.sx_set_buf_base) for sx_set_buf_base
    lora_p2p.o(.text.lora_p2p_init) refers to lora_p2p.o(.text.sx_set_dio2_rf_switch) for sx_set_dio2_rf_switch
    lora_p2p.o(.text.lora_p2p_init) refers to lora_p2p.o(.text.sx_set_dio_irq) for sx_set_dio_irq
    lora_p2p.o(.ARM.exidx.text.lora_p2p_init) refers to lora_p2p.o(.text.lora_p2p_init) for [Anonymous Symbol]
    lora_p2p.o(.ARM.exidx.text.LL_APB3_GRP1_EnableClock) refers to lora_p2p.o(.text.LL_APB3_GRP1_EnableClock) for [Anonymous Symbol]
    lora_p2p.o(.text.sx_set_standby) refers to lora_p2p.o(.text.sx_cmd1) for sx_cmd1
    lora_p2p.o(.ARM.exidx.text.sx_set_standby) refers to lora_p2p.o(.text.sx_set_standby) for [Anonymous Symbol]
[...]
    uc_hextab                                0x08005594   Data          20  _printf_hex_int_ll_ptr.o(.constdata)
    .constdata                               0x08005594   Section       40  _printf_hex_int_ll_ptr.o(.constdata)
    lc_hextab                                0x080055a8   Data          20  _printf_hex_int_ll_ptr.o(.constdata)
    maptable                                 0x080055bc   Data          17  __printf_flags_ss_wp.o(.constdata)
    .constdata                               0x080055bc   Section       17  __printf_flags_ss_wp.o(.constdata)
    lc_hextab                                0x080055cd   Data          19  _printf_fp_hex.o(.constdata)
    .constdata                               0x080055cd   Section       38  _printf_fp_hex.o(.constdata)
    uc_hextab                                0x080055e0   Data          19  _printf_fp_hex.o(.constdata)
    tenpwrs_x                                0x080055f4   Data          60  bigflt0.o(.constdata)
    .constdata                               0x080055f4   Section      148  bigflt0.o(.constdata)
    tenpwrs_i                                0x08005630   Data          64  bigflt0.o(.constdata)
    debug_hex_dump.hex                       0x08005740   Data          17  uart_debug.o(.rodata.debug_hex_dump.hex)
    [Anonymous Symbol]                       0x08005740   Section        0  uart_debug.o(.rodata.debug_hex_dump.hex)
    master_cfg                               0x08005754   Data          12  main_master.o(.rodata.master_cfg)
    [Anonymous Symbol]                       0x08005754   Section        0  main_master.o(.rodata.master_cfg)
    .L.str.5                                 0x08005760   Data          44  main_master.o(.rodata.str1.1)
    [Anonymous Symbol]                       0x08005760   Section        0  main_master.o(.rodata.str1.1)
    .L.str.19                                0x0800578c   Data          50  main_master.o(.rodata.str1.1)
    .L.str.8                                 0x080057be   Data          24  main_master.o(.rodata.str1.1)
    .L.str.17                                0x080057d6   Data          14  main_master.o(.rodata.str1.1)
    .L.str.10                                0x080057e4   Data          21  main_master.o(.rodata.str1.1)
    .L.str.4                                 0x080057f9   Data          20  main_master.o(.rodata.str1.1)
    .L.str.7                                 0x0800580d   Data          20  main_master.o(.rodata.str1.1)
    .L.str.6                                 0x08005821   Data          22  main_master.o(.rodata.str1.1)
    .L.str.3                                 0x08005837   Data          24  main_master.o(.rodata.str1.1)
    .L.str.9                                 0x0800584f   Data          29  main_master.o(.rodata.str1.1)
    .L.str                                   0x0800586c   Data          49  main_master.o(.rodata.str1.1)
    .L.str.13                                0x0800589d   Data          54  main_master.o(.rodata.str1.1)
    .L.str.14                                0x080058d3   Data          24  main_master.o(.rodata.str1.1)
    .L.str.1                                 0x080058eb   Data          55  main_master.o(.rodata.str1.1)
    .L.str.18                                0x08005922   Data          14  main_master.o(.rodata.str1.1)
    .L.str.20                                0x08005930   Data          29  main_master.o(.rodata.str1.1)
    .L.str.15                                0x0800594d   Data          22  main_master.o(.rodata.str1.1)
    .L.str.12                                0x08005963   Data           5  main_master.o(.rodata.str1.1)
    .L.str.16                                0x08005968   Data          27  main_master.o(.rodata.str1.1)
    .L.str.11                                0x0800597b   Data           8  main_master.o(.rodata.str1.1)
    .L.str.2                                 0x08005983   Data          10  main_master.o(.rodata.str1.1)
    .L.str                                   0x0800598d   Data          73  uart_debug.o(.rodata.str1.1)
    [Anonymous Symbol]                       0x0800598d   Section        0  uart_debug.o(.rodata.str1.1)
    .L.str.2                                 0x080059d6   Data           4  uart_debug.o(.rodata.str1.1)
    .L.str.3                                 0x080059da   Data           3  uart_debug.o(.rodata.str1.1)
    .L__const.debug_hex_dump.s               0x080059dd   Data          70  uart_debug.o(.rodata.str1.1)
    .L.str.1                                 0x08005a23   Data          73  uart_debug.o(.rodata.str1.1)
    locale$$data                             0x08005aac   Section       28  lc_numeric_c.o(locale$$data)
    __lcnum_c_name                           0x08005ab0   Data           2  lc_numeric_c.o(locale$$data)
    __lcnum_c_start                          0x08005ab8   Data           0  lc_numeric_c.o(locale$$data)
    __lcnum_c_point                          0x08005ac4   Data           0  lc_numeric_c.o(locale$$data)
    __lcnum_c_thousands                      0x08005ac6   Data           0  lc_numeric_c.o(locale$$data)
    __lcnum_c_grouping                       0x08005ac7   Data           0  lc_numeric_c.o(locale$$data)
    __lcnum_c_end                            0x08005ac8   Data           0  lc_numeric_c.o(locale$$data)
    locale$$data                             0x08005ac8   Section      272  lc_ctype_c.o(locale$$data)
    __lcctype_c_name                         0x08005acc   Data           2  lc_ctype_c.o(locale$$data)
    __lcctype_c_start                        0x08005ad4   Data           0  lc_ctype_c.o(locale$$data)
    __lcctype_c_end                          0x08005bd8   Data           0  lc_ctype_c.o(locale$$data)
    s_hsubghz                                0x20000008   Data          12  lora_p2p.o(.bss.s_hsubghz)
    [Anonymous Symbol]                       0x20000008   Section        0  lora_p2p.o(.bss.s_hsubghz)
    s_rx_error_cb                            0x20000014   Data           4  lora_p2p.o(.bss.s_rx_error_cb)
    [Anonymous Symbol]                       0x20000014   Section        0  lora_p2p.o(.bss.s_rx_error_cb)
    Stack_Mem                                0x20000018   Data        1024  startup_stm32wle5xx_keil.o(STACK)
    STACK                                    0x20000018   Section     1024  startup_stm32wle5xx_keil.o(STACK)
    __initial_sp                             0x20000418   Data           0  startup_stm32wle5xx_keil.o(STACK)
    .bss                                     0x20008008   Section       96  libspace.o(.bss)
    main.last_tx_tick                        0x200080fc   Data           4  main_master.o(.bss.main.last_tx_tick)
    [Anonymous Symbol]                       0x200080fc   Section        0  main_master.o(.bss.main.last_tx_tick)
    rx_done                                  0x20008100   Data           1  main_master.o(.bss.rx_done)
    [Anonymous Symbol]                       0x20008100   Section        0  main_master.o(.bss.rx_done)
    s_cfg                                    0x20008104   Data          12  lora_p2p.o(.bss.s_cfg)
    [Anonymous Symbol]                       0x20008104   Section        0  lora_p2p.o(.bss.s_cfg)
    s_irq_pending                            0x20008110   Data           1  lora_p2p.o(.bss.s_irq_pending)
    [Anonymous Symbol]                       0x20008110   Section        0  lora_p2p.o(.bss.s_irq_pending)
    s_rx_buf                                 0x20008111   Data         256  lora_p2p.o(.bss.s_rx_buf)
    [Anonymous Symbol]                       0x20008111   Section        0  lora_p2p.o(.bss.s_rx_buf)
    s_rx_cb                                  0x20008214   Data           4  lora_p2p.o(.bss.s_rx_cb)
    [Anonymous Symbol]                       0x20008214   Section        0  lora_p2p.o(.bss.s_rx_cb)
    s_rx_timeout_cb                          0x20008218   Data           4  lora_p2p.o(.bss.s_rx_timeout_cb)
    [Anonymous Symbol]                       0x20008218   Section        0  lora_p2p.o(.bss.s_rx_timeout_cb)
    s_tx_cb                                  0x2000821c   Data           4  lora_p2p.o(.bss.s_tx_cb)
    [Anonymous Symbol]                       0x2000821c   Section        0  lora_p2p.o(.bss.s_tx_cb)
    Heap_Mem                                 0x20008228   Data         512  startup_stm32wle5xx_keil.o(HEAP)
    HEAP                                     0x20008228   Section      512  startup_stm32wle5xx_keil.o(HEAP)

    Global Symbols

    Symbol Name                              Value     Ov Type        Size  Object(Section)

    BuildAttributes$$THM_ISAv4$E$P$D$K$B$S$7EM$PE$A:L22UL41UL21$X:L11$S22US41US21$IEEE1$IW$~IW$USESV6$~STKCKD$USESV7$~SHL$OTIME$ROPI$IEEEJ$EBA8$UX$STANDARDLIB$REQ8$PRES8$EABIv2 0x00000000   Number         0  anon$$obj.o ABSOLUTE
    __fp_init_empty                          0x00000000   Number         0  fpinit_empty.o ABSOLUTE
    _printf_flags                            0x00000000   Number         0  printf_stubs.o ABSOLUTE
    _printf_return_value                     0x00000000   Number         0  printf_stubs.o ABSOLUTE
    _printf_sizespec                         0x00000000   Number         0  printf_stubs.o ABSOLUTE
    _printf_widthprec                        0x00000000   Number         0  printf_stubs.o ABSOLUTE
    __ARM_exceptions_init                     - Undefined Weak Reference
    __alloca_initialize                       - Undefined Weak Reference
    __arm_preinit_                            - Undefined Weak Reference
    __arm_relocate_pie_                       - Undefined Weak Reference
    __cpp_initialize__aeabi_                  - Undefined Weak Reference
    __cxa_finalize                            - Undefined Weak Reference
    __sigvec_lookup                           - Undefined Weak Reference
    _atexit_init                              - Undefined Weak Reference
    _call_atexit_fns                          - Undefined Weak Reference
    _clock_init                               - Undefined Weak Reference
    _fp_trap_init                             - Undefined Weak Reference
    _fp_trap_shutdown                         - Undefined Weak Reference
    _get_lc_collate                           - Undefined Weak Reference
    _get_lc_monetary                          - Undefined Weak Reference
    _get_lc_time                              - Undefined Weak Reference
    _getenv_init                              - Undefined Weak Reference
    _handle_redirection                       - Undefined Weak Reference
    _init_alloc                               - Undefined Weak Reference
    _init_user_alloc                          - Undefined Weak Reference
    _initio                                   - Undefined Weak Reference
    _printf_mbtowc                            - Undefined Weak Reference
    _printf_wc                                - Undefined Weak Reference
    _rand_init                                - Undefined Weak Reference
    _signal_finish                            - Undefined Weak Reference
    _signal_init                              - Undefined Weak Reference
    _terminate_alloc                          - Undefined Weak Reference
    _terminate_user_alloc                     - Undefined Weak Reference
    _terminateio                              - Undefined Weak Reference
    __Vectors_Size                           0x00000138   Number         0  startup_stm32wle5xx_keil.o ABSOLUTE
    __Vectors                                0x08000000   Data           4  startup_stm32wle5xx_keil.o(RESET)
    __Vectors_End                            0x08000138   Data           0  startup_stm32wle5xx_keil.o(RESET)
    __main                                   0x08000139   Thumb Code     8  __main.o(!!!main)
    __scatterload                            0x08000141   Thumb Code     0  __scatter.o(!!!scatter)
    __scatterload_rt2                        0x08000141   Thumb Code    84  __scatter.o(!!!scatter)
    __scatterload_rt2_thumb_only             0x08000141   Thumb Code     0  __scatter.o(!!!scatter)
    __scatterload_loop                       0x0800014b   Thumb Code     0  __scatter.o(!!!scatter)
    __scatterload_copy                       0x0800019d   Thumb Code    26  __scatter_copy.o(!!handler_copy)
    __scatterload_null                       0x080001b9   Thumb Code     2  __scatter.o(!!handler_null)
    __scatterload_zeroinit                   0x080001bd   Thumb Code    28  __scatter_zi.o(!!handler_zi)
    _printf_n                                0x080001d9   Thumb Code     0  _printf_n.o(.ARM.Collect$$_printf_percent$$00000001)
    _printf_percent                          0x080001d9   Thumb Code     0  _printf_percent.o(.ARM.Collect$$_printf_percent$$00000000)
    _printf_p                                0x080001df   Thumb Code     0  _printf_p.o(.ARM.Collect$$_printf_percent$$00000002)
    _printf_f                                0x080001e5   Thumb Code     0  _printf_f.o(.ARM.Collect$$_printf_percent$$00000003)
    _printf_e                                0x080001eb   Thumb Code     0  _printf_e.o(.ARM.Collect$$_printf_percent$$00000004)
    _printf_g                                0x080001f1   Thumb Code     0  _printf_g.o(.ARM.Collect$$_printf_percent$$00000005)
    _printf_a                                0x080001f7   Thumb Code     0  _printf_a.o(.ARM.Collect$$_printf_percent$$00000006)
    _printf_ll                               0x080001fd   Thumb Code     0  _printf_ll.o(.ARM.Collect$$_printf_percent$$00000007)
    _printf_i                                0x08000207   Thumb Code     0  _printf_i.o(.ARM.Collect$$_printf_percent$$00000008)
    _printf_d                                0x0800020d   Thumb Code     0  _printf_d.o(.ARM.Collect$$_printf_percent$$00000009)
    _printf_u                                0x08000213   Thumb Code     0  _printf_u.o(.ARM.Collect$$_printf_percent$$0000000A)
    _printf_o                                0x08000219   Thumb Code     0  _printf_o.o(.ARM.Collect$$_printf_percent$$0000000B)
    _printf_x                                0x0800021f   Thumb Code     0  _printf_x.o(.ARM.Collect$$_printf_percent$$0000000C)
    _printf_lli                              0x08000225   Thumb Code     0  _printf_lli.o(.ARM.Collect$$_printf_percent$$0000000D)
    _printf_lld                              0x0800022b   Thumb Code     0  _printf_lld.o(.ARM.Collect$$_printf_percent$$0000000E)
    _printf_llu                              0x08000231   Thumb Code     0  _printf_llu.o(.ARM.Collect$$_printf_percent$$0000000F)
    _printf_llo                              0x08000237   Thumb Code     0  _printf_llo.o(.ARM.Collect$$_printf_percent$$00000010)
    _printf_llx                              0x0800023d   Thumb Code     0  _printf_llx.o(.ARM.Collect$$_printf_percent$$00000011)
    _printf_l                                0x08000243   Thumb Code     0  _printf_l.o(.ARM.Collect$$_printf_percent$$00000012)
    _printf_c                                0x0800024d   Thumb Code     0  _printf_c.o(.ARM.Collect$$_printf_percent$$00000013)
    _printf_s                                0x08000253   Thumb Code     0  _printf_s.o(.ARM.Collect$$_printf_percent$$00000014)
    _printf_lc                               0x08000259   Thumb Code     0  _printf_lc.o(.ARM.Collect$$_printf_percent$$00000015)
    _printf_ls                               0x0800025f   Thumb Code     0  _printf_ls.o(.ARM.Collect$$_printf_percent$$00000016)
    _printf_percent_end                      0x08000265   Thumb Code     0  _printf_percent_end.o(.ARM.Collect$$_printf_percent$$00000017)
    __rt_lib_init                            0x08000269   Thumb Code     0  libinit.o(.ARM.Collect$$libinit$$00000000)
    __rt_lib_init_fp_1                       0x0800026b   Thumb Code     0  libinit2.o(.ARM.Collect$$libinit$$00000002)
    __rt_lib_init_heap_1                     0x0800026b   Thumb Code     0  libinit2.o(.ARM.Collect$$libinit$$0000000C)
    __rt_lib_init_lc_common                  0x0800026b   Thumb Code     0  libinit2.o(.ARM.Collect$$libinit$$00000011)
    __rt_lib_init_preinit_1                  0x0800026b   Thumb Code     0  libinit2.o(.ARM.Collect$$libinit$$00000006)
    __rt_lib_init_rand_1                     0x0800026b   Thumb Code     0  libinit2.o(.ARM.Collect$$libinit$$00000010)
    __rt_lib_init_relocate_pie_1             0x0800026b   Thumb Code     0  libinit2.o(.ARM.Collect$$libinit$$00000004)
    __rt_lib_init_user_alloc_1               0x0800026b   Thumb Code     0  libinit2.o(.ARM.Collect$$libinit$$0000000E)
    __rt_lib_init_lc_collate_1               0x08000271   Thumb Code     0  libinit2.o(.ARM.Collect$$libinit$$00000013)
    __rt_lib_init_lc_ctype_2                 0x08000271   Thumb Code     0  libinit2.o(.ARM.Collect$$libinit$$00000014)
    __rt_lib_init_lc_ctype_1                 0x0800027d   Thumb Code     0  libinit2.o(.ARM.Collect$$libinit$$00000015)
    __rt_lib_init_lc_monetary_1              0x0800027d   Thumb Code     0  libinit2.o(.ARM.Collect$$libinit$$00000017)
    __rt_lib_init_lc_numeric_2               0x0800027d   Thumb Code     0  libinit2.o(.ARM.Collect$$libinit$$00000018)
    __rt_lib_init_alloca_1                   0x08000287   Thumb Code     0  libinit2.o(.ARM.Collect$$libinit$$00000030)
    __rt_lib_init_argv_1                     0x08000287   Thumb Code     0  libinit2.o(.ARM.Collect$$libinit$$0000002E)
    __rt_lib_init_atexit_1                   0x08000287   Thumb Code     0  libinit2.o(.ARM.Collect$$libinit$$0000001D)
    __rt_lib_init_clock_1                    0x08000287   Thumb Code     0  libinit2.o(.ARM.Collect$$libinit$$00000023)
    __rt_lib_init_cpp_1                      0x08000287   Thumb Code     0  libinit2.o(.ARM.Collect$$libinit$$00000034)
    __rt_lib_init_exceptions_1               0x08000287   Thumb Code     0  libinit2.o(.ARM.Collect$$libinit$$00000032)
    __rt_lib_init_fp_trap_1                  0x08000287   Thumb Code     0  libinit2.o(.ARM.Collect$$libinit$$00000021)
    __rt_lib_init_getenv_1                   0x08000287   Thumb Code     0  libinit2.o(.ARM.Collect$$libinit$$00000025)
    __rt_lib_init_lc_numeric_1               0x08000287   Thumb Code     0  libinit2.o(.ARM.Collect$$libinit$$00000019)
    __rt_lib_init_lc_time_1                  0x08000287   Thumb Code     0  libinit2.o(.ARM.Collect$$libinit$$0000001B)
    __rt_lib_init_return                     0x08000287   Thumb Code     0  libinit2.o(.ARM.Collect$$libinit$$00000035)
    __rt_lib_init_signal_1                   0x08000287   Thumb Code     0  libinit2.o(.ARM.Collect$$libinit$$0000001F)
    __rt_lib_init_stdio_1                    0x08000287   Thumb Code     0  libinit2.o(.ARM.Collect$$libinit$$00000027)
    __rt_lib_shutdown                        0x08000289   Thumb Code     0  libshutdown.o(.ARM.Collect$$libshutdown$$00000000)
    __rt_lib_shutdown_cpp_1                  0x0800028b   Thumb Code     0  libshutdown2.o(.ARM.Collect$$libshutdown$$00000002)
    __rt_lib_shutdown_fp_trap_1              0x0800028b   Thumb Code     0  libshutdown2.o(.ARM.Collect$$libshutdown$$00000007)
    __rt_lib_shutdown_heap_1                 0x0800028b   Thumb Code     0  libshutdown2.o(.ARM.Collect$$libshutdown$$0000000F)
    __rt_lib_shutdown_return                 0x0800028b   Thumb Code     0  libshutdown2.o(.ARM.Collect$$libshutdown$$00000010)
    __rt_lib_shutdown_signal_1               0x0800028b   Thumb Code     0  libshutdown2.o(.ARM.Collect$$libshutdown$$0000000A)
    __rt_lib_shutdown_stdio_1                0x0800028b   Thumb Code     0  libshutdown2.o(.ARM.Collect$$libshutdown$$00000004)
    __rt_lib_shutdown_user_alloc_1           0x0800028b   Thumb Code     0  libshutdown2.o(.ARM.Collect$$libshutdown$$0000000C)
    __rt_entry                               0x0800028d   Thumb Code     0  __rtentry.o(.ARM.Collect$$rtentry$$00000000)
    __rt_entry_presh_1                       0x0800028d   Thumb Code     0  __rtentry2.o(.ARM.Collect$$rtentry$$00000002)
    __rt_entry_sh                            0x0800028d   Thumb Code     0  __rtentry4.o(.ARM.Collect$$rtentry$$00000004)
    __rt_entry_li                            0x08000293   Thumb Code     0  __rtentry2.o(.ARM.Collect$$rtentry$$0000000A)
    __rt_entry_postsh_1                      0x08000293   Thumb Code     0  __rtentry2.o(.ARM.Collect$$rtentry$$00000009)
    __rt_entry_main                          0x08000297   Thumb Code     0  __rtentry2.o(.ARM.Collect$$rtentry$$0000000D)
    __rt_entry_postli_1                      0x08000297   Thumb Code     0  __rtentry2.o(.ARM.Collect$$rtentry$$0000000C)
    __rt_exit                                0x0800029f   Thumb Code     0  rtexit.o(.ARM.Collect$$rtexit$$00000000)
    __rt_exit_ls                             0x080002a1   Thumb Code     0  rtexit2.o(.ARM.Collect$$rtexit$$00000003)
    __rt_exit_prels_1                        0x080002a1   Thumb Code     0  rtexit2.o(.ARM.Collect$$rtexit$$00000002)
    __rt_exit_exit                           0x080002a5   Thumb Code     0  rtexit2.o(.ARM.Collect$$rtexit$$00000004)
    Reset_Handler                            0x080002ad   Thumb Code     8  startup_stm32wle5xx_keil.o(.text)
    NMI_Handler                              0x080002b5   Thumb Code     2  startup_stm32wle5xx_keil.o(.text)
    HardFault_Handler                        0x080002b7   Thumb Code     2  startup_stm32wle5xx_keil.o(.text)
    MemManage_Handler                        0x080002b9   Thumb Code     2  startup_stm32wle5xx_keil.o(.text)
    BusFault_Handler                         0x080002bb   Thumb Code     2  startup_stm32wle5xx_keil.o(.text)
    UsageFault_Handler                       0x080002bd   Thumb Code     2  startup_stm32wle5xx_keil.o(.text)
    SVC_Handler                              0x080002bf   Thumb Code     2  startup_stm32wle5xx_keil.o(.text)
    DebugMon_Handler                         0x080002c1   Thumb Code     2  startup_stm32wle5xx_keil.o(.text)
    PendSV_Handler                           0x080002c3   Thumb Code     2  startup_stm32wle5xx_keil.o(.text)
    SysTick_Handler                          0x080002c5   Thumb Code     2  startup_stm32wle5xx_keil.o(.text)
    ADC_IRQHandler                           0x080002c7   Thumb Code     0  startup_stm32wle5xx_keil.o(.text)
    AES_IRQHandler                           0x080002c7   Thumb Code     0  startup_stm32wle5xx_keil.o(.text)
    COMP_IRQHandler                          0x080002c7   Thumb Code     0  startup_stm32wle5xx_keil.o(.text)
    DAC_IRQHandler                           0x080002c7   Thumb Code     0  startup_stm32wle5xx_keil.o(.text)
    DMA1_Channel1_IRQHandler                 0x080002c7   Thumb Code     0  startup_stm32wle5xx_keil.o(.text)
    DMA1_Channel2_IRQHandler                 0x080002c7   Thumb Code     0  startup_stm32wle5xx_keil.o(.text)
    DMA1_Channel3_IRQHandler                 0x080002c7   Thumb Code     0  startup_stm32wle5xx_keil.o(.text)
    DMA1_Channel4_IRQHandler                 0x080002c7   Thumb Code     0  startup_stm32wle5xx_keil.o(.text)
    DMA1_Channel5_IRQHandler                 0x080002c7   Thumb Code     0  startup_stm32wle5xx_keil.o(.text)
    DMA1_Channel6_IRQHandler                 0x080002c7   Thumb Code     0  startup_stm32wle5xx_keil.o(.text)
    DMA1_Channel7_IRQHandler                 0x080002c7   Thumb Code     0  startup_stm32wle5xx_keil.o(.text)
    DMA2_Channel1_IRQHandler                 0x080002c7   Thumb Code     0  startup_stm32wle5xx_keil.o(.text)
    DMA2_Channel2_IRQHandler                 0x080002c7   Thumb Code     0  startup_stm32wle5xx_keil.o(.text)
    DMA2_Channel3_IRQHandler                 0x080002c7   Thumb Code     0  startup_stm32wle5xx_keil.o(.text)
    DMA2_Channel4_IRQHandler                 0x080002c7   Thumb Code     0  startup_stm32wle5xx_keil.o(.text)
    DMA2_Channel5_IRQHandler                 0x080002c7   Thumb Code     0  startup_stm32wle5xx_keil.o(.text)
    DMA2_Channel6_IRQHandler                 0x080002c7   Thumb Code     0  startup_stm32wle5xx_keil.o(.text)
    DMA2_Channel7_IRQHandler                 0x080002c7   Thumb Code     0  startup_stm32wle5xx_keil.o(.text)
    DMAMUX1_OVR_IRQHandler                   0x080002c7   Thumb Code     0  startup_stm32wle5xx_keil.o(.text)
    EXTI0_IRQHandler                         0x080002c7   Thumb Code     0  startup_stm32wle5xx_keil.o(.text)
    EXTI15_10_IRQHandler                     0x080002c7   Thumb Code     0  startup_stm32wle5xx_keil.o(.text)
    EXTI1_IRQHandler                         0x080002c7   Thumb Code     0  startup_stm32wle5xx_keil.o(.text)
    EXTI2_IRQHandler                         0x080002c7   Thumb Code     0  startup_stm32wle5xx_keil.o(.text)
    EXTI3_IRQHandler                         0x080002c7   Thumb Code     0  startup_stm32wle5xx_keil.o(.text)
    EXTI4_IRQHandler                         0x080002c7   Thumb Code     0  startup_stm32wle5xx_keil.o(.text)
    EXTI9_5_IRQHandler                       0x080002c7   Thumb Code     0  startup_stm32wle5xx_keil.o(.text)
    FLASH_IRQHandler                         0x080002c7   Thumb Code     0  startup_stm32wle5xx_keil.o(.text)
    HSEM_IRQHandler                          0x080002c7   Thumb Code     0  startup_stm32wle5xx_keil.o(.text)
    I2C1_ER_IRQHandler                       0x080002c7   Thumb Code     0  startup_stm32wle5xx_keil.o(.text)
    I2C1_EV_IRQHandler                       0x080002c7   Thumb Code     0  startup_stm32wle5xx_keil.o(.text)
    I2C2_ER_IRQHandler                       0x080002c7   Thumb Code     0  startup_stm32wle5xx_keil.o(.text)
    I2C2_EV_IRQHandler                       0x080002c7   Thumb Code     0  startup_stm32wle5xx_keil.o(.text)
    I2C3_ER_IRQHandler                       0x080002c7   Thumb Code     0  startup_stm32wle5xx_keil.o(.text)
    I2C3_EV_IRQHandler                       0x080002c7   Thumb Code     0  startup_stm32wle5xx_keil.o(.text)
    LPTIM1_IRQHandler                        0x080002c7   Thumb Code     0  startup_stm32wle5xx_keil.o(.text)
    LPTIM2_IRQHandler                        0x080002c7   Thumb Code     0  startup_stm32wle5xx_keil.o(.text)
    LPTIM3_IRQHandler                        0x080002c7   Thumb Code     0  startup_stm32wle5xx_keil.o(.text)
    LPUART1_IRQHandler                       0x080002c7   Thumb Code     0  startup_stm32wle5xx_keil.o(.text)
    PKA_IRQHandler                           0x080002c7   Thumb Code     0  startup_stm32wle5xx_keil.o(.text)
    PVD_PVM_IRQHandler                       0x080002c7   Thumb Code     0  startup_stm32wle5xx_keil.o(.text)
    RCC_IRQHandler                           0x080002c7   Thumb Code     0  startup_stm32wle5xx_keil.o(.text)
    RNG_IRQHandler                           0x080002c7   Thumb Code     0  startup_stm32wle5xx_keil.o(.text)
    RTC_Alarm_IRQHandler                     0x080002c7   Thumb Code     0  startup_stm32wle5xx_keil.o(.text)
    RTC_WKUP_IRQHandler                      0x080002c7   Thumb Code     0  startup_stm32wle5xx_keil.o(.text)
    SPI1_IRQHandler                          0x080002c7   Thumb Code     0  startup_stm32wle5xx_keil.o(.text)
    SPI2_IRQHandler                          0x080002c7   Thumb Code     0  startup_stm32wle5xx_keil.o(.text)
    SUBGHZSPI_IRQHandler                     0x080002c7   Thumb Code     0  startup_stm32wle5xx_keil.o(.text)
    TAMP_STAMP_LSECSS_SSRU_IRQHandler        0x080002c7   Thumb Code     0  startup_stm32wle5xx_keil.o(.text)
    TIM16_IRQHandler                         0x080002c7   Thumb Code     0  startup_stm32wle5xx_keil.o(.text)
    TIM17_IRQHandler                         0x080002c7   Thumb Code     0  startup_stm32wle5xx_keil.o(.text)
    TIM1_BRK_IRQHandler                      0x080002c7   Thumb Code     0  startup_stm32wle5xx_keil.o(.text)
    TIM1_CC_IRQHandler                       0x080002c7   Thumb Code     0  startup_stm32wle5xx_keil.o(.text)
    TIM1_TRG_COM_IRQHandler                  0x080002c7   Thumb Code     0  startup_stm32wle5xx_keil.o(.text)
    TIM1_UP_IRQHandler                       0x080002c7   Thumb Code     0  startup_stm32wle5xx_keil.o(.text)
    TIM2_IRQHandler                          0x080002c7   Thumb Code     0  startup_stm32wle5xx_keil.o(.text)
    USART1_IRQHandler                        0x080002c7   Thumb Code     0  startup_stm32wle5xx_keil.o(.text)
    USART2_IRQHandler                        0x080002c7   Thumb Code     0  startup_stm32wle5xx_keil.o(.text)
    WWDG_IRQHandler                          0x080002c7   Thumb Code     0  startup_stm32wle5xx_keil.o(.text)
    __user_initial_stackheap                 0x080002c9   Thumb Code     0  startup_stm32wle5xx_keil.o(.text)
    __aeabi_uldivmod                         0x080002ed   Thumb Code     0  lludivv7m.o(.text)
    _ll_udiv                                 0x080002ed   Thumb Code   240  lludivv7m.o(.text)
    vsnprintf                                0x080003dd   Thumb Code    56  vsnprintf.o(.text)
    __aeabi_memcpy                           0x08000419   Thumb Code     0  rt_memcpy_v6.o(.text)
    __rt_memcpy                              0x08000419   Thumb Code   138  rt_memcpy_v6.o(.text)
    _memcpy_lastbytes                        0x0800047f   Thumb Code     0  rt_memcpy_v6.o(.text)
    __aeabi_memclr4                          0x080004a3   Thumb Code     0  rt_memclr_w.o(.text)
    __aeabi_memclr8                          0x080004a3   Thumb Code     0  rt_memclr_w.o(.text)
    __rt_memclr_w                            0x080004a3   Thumb Code     0  rt_memclr_w.o(.text)
    _memset_w                                0x080004a7   Thumb Code    74  rt_memclr_w.o(.text)
    __use_two_region_memory                  0x080004f1   Thumb Code     2  heapauxi.o(.text)
    __rt_heap_escrow$2region                 0x080004f3   Thumb Code     2  heapauxi.o(.text)
    __rt_heap_expand$2region                 0x080004f5   Thumb Code     2  heapauxi.o(.text)
    _printf_pre_padding                      0x080004f7   Thumb Code    44  _printf_pad.o(.text)
    _printf_post_padding                     0x08000523   Thumb Code    34  _printf_pad.o(.text)
    _printf_truncate_signed                  0x08000545   Thumb Code    18  _printf_truncate.o(.text)
    _printf_truncate_unsigned                0x08000557   Thumb Code    18  _printf_truncate.o(.text)
    _printf_str                              0x08000569   Thumb Code    82  _printf_str.o(.text)
    _printf_int_dec                          0x080005bd   Thumb Code   104  _printf_dec.o(.text)
    _printf_charcount                        0x08000635   Thumb Code    40  _printf_charcount.o(.text)
    _printf_char_common                      0x08000667   Thumb Code    32  _printf_char_common.o(.text)
    _snputc                                  0x0800068d   Thumb Code    16  _snputc.o(.text)
    _printf_wctomb                           0x0800069d   Thumb Code   182  _printf_wctomb.o(.text)
    _printf_longlong_dec                     0x08000759   Thumb Code   108  _printf_longlong_dec.o(.text)
    _printf_longlong_oct                     0x080007d5   Thumb Code    68  _printf_oct_int_ll.o(.text)
    _printf_int_oct                          0x08000819   Thumb Code    24  _printf_oct_int_ll.o(.text)
    _printf_ll_oct                           0x08000831   Thumb Code    12  _printf_oct_int_ll.o(.text)
    _printf_longlong_hex                     0x08000845   Thumb Code    86  _printf_hex_int_ll_ptr.o(.text)
    _printf_int_hex                          0x0800089b   Thumb Code    28  _printf_hex_int_ll_ptr.o(.text)
    _printf_ll_hex                           0x080008b7   Thumb Code    12  _printf_hex_int_ll_ptr.o(.text)
    _printf_hex_ptr                          0x080008c3   Thumb Code    18  _printf_hex_int_ll_ptr.o(.text)
    __printf                                 0x080008d9   Thumb Code   388  __printf_flags_ss_wp.o(.text)
    __aeabi_memcpy4                          0x08000a61   Thumb Code     0  rt_memcpy_w.o(.text)
    __aeabi_memcpy8                          0x08000a61   Thumb Code     0  rt_memcpy_w.o(.text)
    __rt_memcpy_w                            0x08000a61   Thumb Code   100  rt_memcpy_w.o(.text)
    _memcpy_lastbytes_aligned                0x08000aa9   Thumb Code     0  rt_memcpy_w.o(.text)
    _ll_udiv10                               0x08000ac5   Thumb Code   138  lludiv10.o(.text)
    _printf_int_common                       0x08000b4f   Thumb Code   178  _printf_intcommon.o(.text)
    _printf_fp_dec_real                      0x08000db1   Thumb Code   620  _printf_fp_dec.o(.text)
    _printf_fp_hex_real                      0x0800101d   Thumb Code   756  _printf_fp_hex.o(.text)
    _printf_cs_common                        0x08001319   Thumb Code    20  _printf_char.o(.text)
    _printf_char                             0x0800132d   Thumb Code    16  _printf_char.o(.text)
    _printf_string                           0x0800133d   Thumb Code     8  _printf_char.o(.text)
    _printf_lcs_common                       0x08001345   Thumb Code    20  _printf_wchar.o(.text)
    _printf_wchar                            0x08001359   Thumb Code    16  _printf_wchar.o(.text)
    _printf_wstring                          0x08001369   Thumb Code     8  _printf_wchar.o(.text)
    _c16rtomb                                0x08001371   Thumb Code    72  _c16rtomb.o(.text)
    _wcrtomb                                 0x08001371   Thumb Code     0  _c16rtomb.o(.text)
    __user_setup_stackheap                   0x080013b9   Thumb Code    74  sys_stackheap_outer.o(.text)
    __rt_ctype_table                         0x08001405   Thumb Code    16  rt_ctype_table.o(.text)
    __rt_locale                              0x08001415   Thumb Code     8  rt_locale_intlibspace.o(.text)
    _printf_fp_infnan                        0x0800141d   Thumb Code   112  _printf_fp_infnan.o(.text)
    _btod_etento                             0x0800149d   Thumb Code   224  bigflt0.o(.text)
    exit                                     0x08001581   Thumb Code    18  exit.o(.text)
    __user_libspace                          0x08001595   Thumb Code     8  libspace.o(.text)
    __user_perproc_libspace                  0x08001595   Thumb Code     0  libspace.o(.text)
    __user_perthread_libspace                0x08001595   Thumb Code     0  libspace.o(.text)
    strcmp                                   0x080015a1   Thumb Code   124  strcmpv7em.o(.text)
    _sys_exit                                0x0800161d   Thumb Code     8  sys_exit.o(.text)
    __I$use$semihosting                      0x08001629   Thumb Code     0  use_no_semi.o(.text)
    __use_no_semihosting_swi                 0x08001629   Thumb Code     2  use_no_semi.o(.text)
    __semihosting_library_function           0x0800162b   Thumb Code     0  indicate_semi.o(.text)
    HAL_Delay                                0x0800162d   Thumb Code    66  stm32wlxx_hal.o(.text.HAL_Delay)
    HAL_GPIO_Init                            0x08001671   Thumb Code   758  stm32wlxx_hal_gpio.o(.text.HAL_GPIO_Init)
    HAL_GetTick                              0x08001969   Thumb Code    12  stm32wlxx_hal.o(.text.HAL_GetTick)
    HAL_Init                                 0x08001975   Thumb Code    62  stm32wlxx_hal.o(.text.HAL_Init)
    HAL_InitTick                             0x080019b5   Thumb Code   130  stm32wlxx_hal.o(.text.HAL_InitTick)
    HAL_MspInit                              0x08001a39   Thumb Code     2  stm32wlxx_hal.o(.text.HAL_MspInit)
    HAL_NVIC_EnableIRQ                       0x08001a3d   Thumb Code    20  stm32wlxx_hal_cortex.o(.text.HAL_NVIC_EnableIRQ)
    HAL_NVIC_SetPriority                     0x08001a51   Thumb Code    46  stm32wlxx_hal_cortex.o(.text.HAL_NVIC_SetPriority)
    HAL_NVIC_SetPriorityGrouping             0x08001a81   Thumb Code    16  stm32wlxx_hal_cortex.o(.text.HAL_NVIC_SetPriorityGrouping)
    HAL_PWREx_GetVoltageRange                0x08001a91   Thumb Code    16  stm32wlxx_hal_pwr_ex.o(.text.HAL_PWREx_GetVoltageRange)
    HAL_PWR_EnableBkUpAccess                 0x08001aa1   Thumb Code    18  stm32wlxx_hal_pwr.o(.text.HAL_PWR_EnableBkUpAccess)
    HAL_RCC_ClockConfig                      0x08001ab5   Thumb Code   688  stm32wlxx_hal_rcc.o(.text.HAL_RCC_ClockConfig)
    HAL_RCC_GetHCLKFreq                      0x08001d65   Thumb Code    42  stm32wlxx_hal_rcc.o(.text.HAL_RCC_GetHCLKFreq)
    HAL_RCC_GetPCLK1Freq                     0x08001d91   Thumb Code    38  stm32wlxx_hal_rcc.o(.text.HAL_RCC_GetPCLK1Freq)
    HAL_RCC_GetPCLK2Freq                     0x08001db9   Thumb Code    38  stm32wlxx_hal_rcc.o(.text.HAL_RCC_GetPCLK2Freq)
    HAL_RCC_GetSysClockFreq                  0x08001de1   Thumb Code   400  stm32wlxx_hal_rcc.o(.text.HAL_RCC_GetSysClockFreq)
    HAL_RCC_OscConfig                        0x08001f71   Thumb Code  1956  stm32wlxx_hal_rcc.o(.text.HAL_RCC_OscConfig)
    HAL_SUBGHZ_ExecGetCmd                    0x08002715   Thumb Code   216  stm32wlxx_hal_subghz.o(.text.HAL_SUBGHZ_ExecGetCmd)
    HAL_SUBGHZ_ExecSetCmd                    0x080027ed   Thumb Code   250  stm32wlxx_hal_subghz.o(.text.HAL_SUBGHZ_ExecSetCmd)
    HAL_SUBGHZ_Init                          0x080028e9   Thumb Code   236  stm32wlxx_hal_subghz.o(.text.HAL_SUBGHZ_Init)
    HAL_SUBGHZ_MspInit                       0x080029d5   Thumb Code     8  stm32wlxx_hal_subghz.o(.text.HAL_SUBGHZ_MspInit)
    HAL_SUBGHZ_ReadBuffer                    0x080029dd   Thumb Code   224  stm32wlxx_hal_subghz.o(.text.HAL_SUBGHZ_ReadBuffer)
    HAL_SUBGHZ_WriteBuffer                   0x08002abd   Thumb Code   210  stm32wlxx_hal_subghz.o(.text.HAL_SUBGHZ_WriteBuffer)
    HAL_SYSTICK_Config                       0x08002b91   Thumb Code    16  stm32wlxx_hal_cortex.o(.text.HAL_SYSTICK_Config)
    HAL_UART_Init                            0x08002ba1   Thumb Code   170  stm32wlxx_hal_uart.o(.text.HAL_UART_Init)
    HAL_UART_MspInit                         0x08002c4d   Thumb Code     8  stm32wlxx_hal_uart.o(.text.HAL_UART_MspInit)
    HAL_UART_Transmit                        0x08002c55   Thumb Code   340  stm32wlxx_hal_uart.o(.text.HAL_UART_Transmit)
    MX_GPIO_Init                             0x080031d1   Thumb Code    22  hw_init.o(.text.MX_GPIO_Init)
    MX_USART2_UART_Init                      0x080031e9   Thumb Code   108  hw_init.o(.text.MX_USART2_UART_Init)
    SUBGHZSPI_Init                           0x08003425   Thumb Code    50  stm32wlxx_hal_subghz.o(.text.SUBGHZSPI_Init)
    SUBGHZSPI_Receive                        0x08003459   Thumb Code   182  stm32wlxx_hal_subghz.o(.text.SUBGHZSPI_Receive)
    SUBGHZSPI_Transmit                       0x08003511   Thumb Code   182  stm32wlxx_hal_subghz.o(.text.SUBGHZSPI_Transmit)
    SUBGHZ_CheckDeviceReady                  0x080035c9   Thumb Code    66  stm32wlxx_hal_subghz.o(.text.SUBGHZ_CheckDeviceReady)
    SUBGHZ_Radio_IRQHandler                  0x0800360d   Thumb Code     8  main_master.o(.text.SUBGHZ_Radio_IRQHandler)
    SUBGHZ_WaitOnBusy                        0x08003615   Thumb Code    94  stm32wlxx_hal_subghz.o(.text.SUBGHZ_WaitOnBusy)
    SystemClock_Config                       0x080036c9   Thumb Code    78  hw_init.o(.text.SystemClock_Config)
    SystemInit                               0x08003719   Thumb Code     2  system_stm32wlxx.o(.text.SystemInit)
    UART_AdvFeatureConfig                    0x0800371d   Thumb Code   328  stm32wlxx_hal_uart.o(.text.UART_AdvFeatureConfig)
    UART_CheckIdleState                      0x08003865   Thumb Code   326  stm32wlxx_hal_uart.o(.text.UART_CheckIdleState)
    UART_SetConfig                           0x08003a4d   Thumb Code  1330  stm32wlxx_hal_uart.o(.text.UART_SetConfig)
    UART_WaitOnFlagUntilTimeout              0x08003f81   Thumb Code   268  stm32wlxx_hal_uart.o(.text.UART_WaitOnFlagUntilTimeout)
    debug_hex_dump                           0x08004189   Thumb Code   390  uart_debug.o(.text.debug_hex_dump)
    debug_printf                             0x08004311   Thumb Code    76  uart_debug.o(.text.debug_printf)
    debug_println                            0x0800435d   Thumb Code    94  uart_debug.o(.text.debug_println)
    debug_putchar                            0x080043bd   Thumb Code    34  uart_debug.o(.text.debug_putchar)
    hw_init                                  0x080043e1   Thumb Code    20  hw_init.o(.text.hw_init)
    lora_p2p_init                            0x080043f5   Thumb Code   238  lora_p2p.o(.text.lora_p2p_init)
    lora_p2p_irq_process                     0x080044e5   Thumb Code   438  lora_p2p.o(.text.lora_p2p_irq_process)
    lora_p2p_receive                         0x0800469d   Thumb Code    24  lora_p2p.o(.text.lora_p2p_receive)
    lora_p2p_register_rx_callback            0x080046b5   Thumb Code    20  lora_p2p.o(.text.lora_p2p_register_rx_callback)
    lora_p2p_register_rx_timeout_callback    0x080046c9   Thumb Code    20  lora_p2p.o(.text.lora_p2p_register_rx_timeout_callback)
    lora_p2p_register_tx_callback            0x080046dd   Thumb Code    20  lora_p2p.o(.text.lora_p2p_register_tx_callback)
    lora_p2p_send                            0x080046f1   Thumb Code    56  lora_p2p.o(.text.lora_p2p_send)
    lora_p2p_standby                         0x08004729   Thumb Code    18  lora_p2p.o(.text.lora_p2p_standby)
    main                                     0x0800473d   Thumb Code   446  main_master.o(.text.main)
    _btod_d2e                                0x08004d65   Thumb Code    62  btod.o(CL$$btod_d2e)
    _d2e_denorm_low                          0x08004da3   Thumb Code    70  btod.o(CL$$btod_d2e_denorm_low)
    _d2e_norm_op1                            0x08004de9   Thumb Code    96  btod.o(CL$$btod_d2e_norm_op1)
    __btod_div_common                        0x08004e49   Thumb Code   696  btod.o(CL$$btod_div_common)
    _e2e                                     0x08005181   Thumb Code   220  btod.o(CL$$btod_e2e)
    _btod_ediv                               0x0800525d   Thumb Code    42  btod.o(CL$$btod_ediv)
    _btod_emul                               0x08005287   Thumb Code    42  btod.o(CL$$btod_emul)
    __btod_mult_common                       0x080052b1   Thumb Code   580  btod.o(CL$$btod_mult_common)
    __ARM_fpclassify                         0x080054f5   Thumb Code    40  fpclassify.o(i.__ARM_fpclassify)
    _is_digit                                0x0800551d   Thumb Code    14  __printf_wp.o(i._is_digit)
    _get_lc_numeric                          0x0800552d   Thumb Code    44  lc_numeric_c.o(locale$$code)
    _get_lc_ctype                            0x08005559   Thumb Code    44  lc_ctype_c.o(locale$$code)
    _printf_fp_dec                           0x08005585   Thumb Code     4  printf1.o(x$fpl$printf1)
    _printf_fp_hex                           0x08005589   Thumb Code     4  printf2.o(x$fpl$printf2)
    __I$use$fp                               0x0800558c   Number         0  usenofp.o(x$fpl$usenofp)
    AHBPrescTable                            0x08005688   Data          64  system_stm32wlxx.o(.rodata.AHBPrescTable)
    APBPrescTable                            0x080056c8   Data          32  system_stm32wlxx.o(.rodata.APBPrescTable)
    MSIRangeTable                            0x080056e8   Data          64  system_stm32wlxx.o(.rodata.MSIRangeTable)
    UARTPrescTable                           0x08005728   Data          24  stm32wlxx_hal_uart.o(.rodata.UARTPrescTable)
    Region$$Table$$Base                      0x08005a6c   Number         0  anon$$obj.o(Region$$Table)
    Region$$Table$$Limit                     0x08005aac   Number         0  anon$$obj.o(Region$$Table)
    __ctype                                  0x08005ad5   Data           0  lc_ctype_c.o(locale$$data)
    SystemCoreClock                          0x20000000   Data           4  system_stm32wlxx.o(.data.SystemCoreClock)
    uwTickPrio                               0x20000004   Data           4  stm32wlxx_hal.o(.data.uwTickPrio)
    uwTickFreq                               0x20008000   Data           1  stm32wlxx_hal.o(.data.uwTickFreq)
    __libspace_start                         0x20008008   Data          96  libspace.o(.bss)
    __temporary_stack_top$libspace           0x20008068   Data           0  libspace.o(.bss)
    huart2                                   0x20008068   Data         148  hw_init.o(.bss.huart2)
    uwTick                                   0x20008220   Data           4  stm32wlxx_hal.o(.bss.uwTick)



==============================================================================

Memory Map of the image

  Image Entry point : 0x08000139

  Load Region LR_IROM1 (Base: 0x08000000, Size: 0x00005be8, Max: 0x00040000, ABSOLUTE)

    Execution Region ER_IROM1 (Exec base: 0x08000000, Load base: 0x08000000, Size: 0x00005bd8, Max: 0x00040000, ABSOLUTE)

    Exec Addr    Load Addr    Size         Type   Attr      Idx    E Section Name        Object

    0x08000000   0x08000000   0x00000138   Data   RO         1235    RESET               startup_stm32wle5xx_keil.o
    0x08000138   0x08000138   0x00000008   Code   RO         1254  * !!!main             c_w.l(__main.o)
    0x08000140   0x08000140   0x0000005c   Code   RO         1603    !!!scatter          c_w.l(__scatter.o)
    0x0800019c   0x0800019c   0x0000001a   Code   RO         1607    !!handler_copy      c_w.l(__scatter_copy.o)
    0x080001b6   0x080001b6   0x00000002   PAD
    0x080001b8   0x080001b8   0x00000002   Code   RO         1604    !!handler_null      c_w.l(__scatter.o)
    0x080001ba   0x080001ba   0x00000002   PAD
    0x080001bc   0x080001bc   0x0000001c   Code   RO         1609    !!handler_zi        c_w.l(__scatter_zi.o)
    0x080001d8   0x080001d8   0x00000000   Code   RO         1342    .ARM.Collect$$_printf_percent$$00000000  c_w.l(_printf_percent.o)
    0x080001d8   0x080001d8   0x00000006   Code   RO         1331    .ARM.Collect$$_printf_percent$$00000001  c_w.l(_printf_n.o)
    0x080001de   0x080001de   0x00000006   Code   RO         1333    .ARM.Collect$$_printf_percent$$00000002  c_w.l(_printf_p.o)
    0x080001e4   0x080001e4   0x00000006   Code   RO         1338    .ARM.Collect$$_printf_percent$$00000003  c_w.l(_printf_f.o)
    0x080001ea   0x080001ea   0x00000006   Code   RO         1339    .ARM.Collect$$_printf_percent$$00000004  c_w.l(_printf_e.o)
    0x080001f0   0x080001f0   0x00000006   Code   RO         1340    .ARM.Collect$$_printf_percent$$00000005  c_w.l(_printf_g.o)
    0x080001f6   0x080001f6   0x00000006   Code   RO         1341    .ARM.Collect$$_printf_percent$$00000006  c_w.l(_printf_a.o)
    0x080001fc   0x080001fc   0x0000000a   Code   RO         1346    .ARM.Collect$$_printf_percent$$00000007  c_w.l(_printf_ll.o)
    0x08000206   0x08000206   0x00000006   Code   RO         1335    .ARM.Collect$$_printf_percent$$00000008  c_w.l(_printf_i.o)
    0x0800020c   0x0800020c   0x00000006   Code   RO         1336    .ARM.Collect$$_printf_percent$$00000009  c_w.l(_printf_d.o)
    0x08000212   0x08000212   0x00000006   Code   RO         1337    .ARM.Collect$$_printf_percent$$0000000A  c_w.l(_printf_u.o)
    0x08000218   0x08000218   0x00000006   Code   RO         1334    .ARM.Collect$$_printf_percent$$0000000B  c_w.l(_printf_o.o)
    0x0800021e   0x0800021e   0x00000006   Code   RO         1332    .ARM.Collect$$_printf_percent$$0000000C  c_w.l(_printf_x.o)
    0x08000224   0x08000224   0x00000006   Code   RO         1343    .ARM.Collect$$_printf_percent$$0000000D  c_w.l(_printf_lli.o)
    0x0800022a   0x0800022a   0x00000006   Code   RO         1344    .ARM.Collect$$_printf_percent$$0000000E  c_w.l(_printf_lld.o)
    0x08000230   0x08000230   0x00000006   Code   RO         1345    .ARM.Collect$$_printf_percent$$0000000F  c_w.l(_printf_llu.o)
    0x08000236   0x08000236   0x00000006   Code   RO         1350    .ARM.Collect$$_printf_percent$$00000010  c_w.l(_printf_llo.o)
    0x0800023c   0x0800023c   0x00000006   Code   RO         1351    .ARM.Collect$$_printf_percent$$00000011  c_w.l(_printf_llx.o)
    0x08000242   0x08000242   0x0000000a   Code   RO         1347    .ARM.Collect$$_printf_percent$$00000012  c_w.l(_printf_l.o)
    0x0800024c   0x0800024c   0x00000006   Code   RO         1329    .ARM.Collect$$_printf_percent$$00000013  c_w.l(_printf_c.o)
    0x08000252   0x08000252   0x00000006   Code   RO         1330    .ARM.Collect$$_printf_percent$$00000014  c_w.l(_printf_s.o)
    0x08000258   0x08000258   0x00000006   Code   RO         1348    .ARM.Collect$$_printf_percent$$00000015  c_w.l(_printf_lc.o)
    0x0800025e   0x0800025e   0x00000006   Code   RO         1349    .ARM.Collect$$_printf_percent$$00000016  c_w.l(_printf_ls.o)
    0x08000264   0x08000264   0x00000004   Code   RO         1396    .ARM.Collect$$_printf_percent$$00000017  c_w.l(_printf_percent_end.o)
    0x08000268   0x08000268   0x00000002   Code   RO         1451    .ARM.Collect$$libinit$$00000000  c_w.l(libinit.o)
    0x0800026a   0x0800026a   0x00000000   Code   RO         1476    .ARM.Collect$$libinit$$00000002  c_w.l(libinit2.o)
    0x0800026a   0x0800026a   0x00000000   Code   RO         1478    .ARM.Collect$$libinit$$00000004  c_w.l(libinit2.o)
    0x0800026a   0x0800026a   0x00000000   Code   RO         1480    .ARM.Collect$$libinit$$00000006  c_w.l(libinit2.o)
    0x0800026a   0x0800026a   0x00000000   Code   RO         1483    .ARM.Collect$$libinit$$0000000C  c_w.l(libinit2.o)
    0x0800026a   0x0800026a   0x00000000   Code   RO         1485    .ARM.Collect$$libinit$$0000000E  c_w.l(libinit2.o)
    0x0800026a   0x0800026a   0x00000000   Code   RO         1487    .ARM.Collect$$libinit$$00000010  c_w.l(libinit2.o)
    0x0800026a   0x0800026a   0x00000006   Code   RO         1488    .ARM.Collect$$libinit$$00000011  c_w.l(libinit2.o)
    0x08000270   0x08000270   0x00000000   Code   RO         1490    .ARM.Collect$$libinit$$00000013  c_w.l(libinit2.o)
    0x08000270   0x08000270   0x0000000c   Code   RO         1491    .ARM.Collect$$libinit$$00000014  c_w.l(libinit2.o)
    0x0800027c   0x0800027c   0x00000000   Code   RO         1492    .ARM.Collect$$libinit$$00000015  c_w.l(libinit2.o)
    0x0800027c   0x0800027c   0x00000000   Code   RO         1494    .ARM.Collect$$libinit$$00000017  c_w.l(libinit2.o)
    0x0800027c   0x0800027c   0x0000000a   Code   RO         1495    .ARM.Collect$$libinit$$00000018  c_w.l(libinit2.o)
    0x08000286   0x08000286   0x00000000   Code   RO         1496    .ARM.Collect$$libinit$$00000019  c_w.l(libinit2.o)
    0x08000286   0x08000286   0x00000000   Code   RO         1498    .ARM.Collect$$libinit$$0000001B  c_w.l(libinit2.o)
    0x08000286   0x08000286   0x00000000   Code   RO         1500    .ARM.Collect$$libinit$$0000001D  c_w.l(libinit2.o)
    0x08000286   0x08000286   0x00000000   Code   RO         1502    .ARM.Collect$$libinit$$0000001F  c_w.l(libinit2.o)
    0x08000286   0x08000286   0x00000000   Code   RO         1504    .ARM.Collect$$libinit$$00000021  c_w.l(libinit2.o)
    0x08000286   0x08000286   0x00000000   Code   RO         1506    .ARM.Collect$$libinit$$00000023  c_w.l(libinit2.o)
    0x08000286   0x08000286   0x00000000   Code   RO         1508    .ARM.Collect$$libinit$$00000025  c_w.l(libinit2.o)
    0x08000286   0x08000286   0x00000000   Code   RO         1510    .ARM.Collect$$libinit$$00000027  c_w.l(libinit2.o)
    0x08000286   0x08000286   0x00000000   Code   RO         1514    .ARM.Collect$$libinit$$0000002E  c_w.l(libinit2.o)
    0x08000286   0x08000286   0x00000000   Code   RO         1516    .ARM.Collect$$libinit$$00000030  c_w.l(libinit2.o)
    0x08000286   0x08000286   0x00000000   Code   RO         1518    .ARM.Collect$$libinit$$00000032  c_w.l(libinit2.o)
    0x08000286   0x08000286   0x00000000   Code   RO         1520    .ARM.Collect$$libinit$$00000034  c_w.l(libinit2.o)
    0x08000286   0x08000286   0x00000002   Code   RO         1521    .ARM.Collect$$libinit$$00000035  c_w.l(libinit2.o)
    0x08000288   0x08000288   0x00000002   Code   RO         1558    .ARM.Collect$$libshutdown$$00000000  c_w.l(libshutdown.o)
    0x0800028a   0x0800028a   0x00000000   Code   RO         1586    .ARM.Collect$$libshutdown$$00000002  c_w.l(libshutdown2.o)
    0x0800028a   0x0800028a   0x00000000   Code   RO         1588    .ARM.Collect$$libshutdown$$00000004  c_w.l(libshutdown2.o)
    0x0800028a   0x0800028a   0x00000000   Code   RO         1591    .ARM.Collect$$libshutdown$$00000007  c_w.l(libshutdown2.o)
    0x0800028a   0x0800028a   0x00000000   Code   RO         1594    .ARM.Collect$$libshutdown$$0000000A  c_w.l(libshutdown2.o)
    0x0800028a   0x0800028a   0x00000000   Code   RO         1596    .ARM.Collect$$libshutdown$$0000000C  c_w.l(libshutdown2.o)
    0x0800028a   0x0800028a   0x00000000   Code   RO         1599    .ARM.Collect$$libshutdown$$0000000F  c_w.l(libshutdown2.o)
    0x0800028a   0x0800028a   0x00000002   Code   RO         1600    .ARM.Collect$$libshutdown$$00000010  c_w.l(libshutdown2.o)
    0x0800028c   0x0800028c   0x00000000   Code   RO         1256    .ARM.Collect$$rtentry$$00000000  c_w.l(__rtentry.o)
    0x0800028c   0x0800028c   0x00000000   Code   RO         1363    .ARM.Collect$$rtentry$$00000002  c_w.l(__rtentry2.o)
    0x0800028c   0x0800028c   0x00000006   Code   RO         1375    .ARM.Collect$$rtentry$$00000004  c_w.l(__rtentry4.o)
    0x08000292   0x08000292   0x00000000   Code   RO         1365    .ARM.Collect$$rtentry$$00000009  c_w.l(__rtentry2.o)
    0x08000292   0x08000292   0x00000004   Code   RO         1366    .ARM.Collect$$rtentry$$0000000A  c_w.l(__rtentry2.o)
    0x08000296   0x08000296   0x00000000   Code   RO         1368    .ARM.Collect$$rtentry$$0000000C  c_w.l(__rtentry2.o)
    0x08000296   0x08000296   0x00000008   Code   RO         1369    .ARM.Collect$$rtentry$$0000000D  c_w.l(__rtentry2.o)
    0x0800029e   0x0800029e   0x00000002   Code   RO         1460    .ARM.Collect$$rtexit$$00000000  c_w.l(rtexit.o)
    0x080002a0   0x080002a0   0x00000000   Code   RO         1527    .ARM.Collect$$rtexit$$00000002  c_w.l(rtexit2.o)
    0x080002a0   0x080002a0   0x00000004   Code   RO         1528    .ARM.Collect$$rtexit$$00000003  c_w.l(rtexit2.o)
    0x080002a4   0x080002a4   0x00000006   Code   RO         1529    .ARM.Collect$$rtexit$$00000004  c_w.l(rtexit2.o)
    0x080002aa   0x080002aa   0x00000002   PAD
    0x080002ac   0x080002ac   0x00000040   Code   RO         1236    .text               startup_stm32wle5xx_keil.o
    0x080002ec   0x080002ec   0x000000f0   Code   RO         1244    .text               c_w.l(lludivv7m.o)
    0x080003dc   0x080003dc   0x0000003c   Code   RO         1246    .text               c_w.l(vsnprintf.o)
    0x08000418   0x08000418   0x0000008a   Code   RO         1248    .text               c_w.l(rt_memcpy_v6.o)
    0x080004a2   0x080004a2   0x0000004e   Code   RO         1250    .text               c_w.l(rt_memclr_w.o)
    0x080004f0   0x080004f0   0x00000006   Code   RO         1252    .text               c_w.l(heapauxi.o)
    0x080004f6   0x080004f6   0x0000004e   Code   RO         1263    .text               c_w.l(_printf_pad.o)
    0x08000544   0x08000544   0x00000024   Code   RO         1265    .text               c_w.l(_printf_truncate.o)
    0x08000568   0x08000568   0x00000052   Code   RO         1267    .text               c_w.l(_printf_str.o)
    0x080005ba   0x080005ba   0x00000002   PAD
    0x080005bc   0x080005bc   0x00000078   Code   RO         1269    .text               c_w.l(_printf_dec.o)
    0x08000634   0x08000634   0x00000028   Code   RO         1271    .text               c_w.l(_printf_charcount.o)
    0x0800065c   0x0800065c   0x00000030   Code   RO         1273    .text               c_w.l(_printf_char_common.o)
    0x0800068c   0x0800068c   0x00000010   Code   RO         1275    .text               c_w.l(_snputc.o)
    0x0800069c   0x0800069c   0x000000bc   Code   RO         1277    .text               c_w.l(_printf_wctomb.o)
    0x08000758   0x08000758   0x0000007c   Code   RO         1280    .text               c_w.l(_printf_longlong_dec.o)
    0x080007d4   0x080007d4   0x00000070   Code   RO         1286    .text               c_w.l(_printf_oct_int_ll.o)
    0x08000844   0x08000844   0x00000094   Code   RO         1306    .text               c_w.l(_printf_hex_int_ll_ptr.o)
    0x080008d8   0x080008d8   0x00000188   Code   RO         1326    .text               c_w.l(__printf_flags_ss_wp.o)
    0x08000a60   0x08000a60   0x00000064   Code   RO         1352    .text               c_w.l(rt_memcpy_w.o)
    0x08000ac4   0x08000ac4   0x0000008a   Code   RO         1379    .text               c_w.l(lludiv10.o)
    0x08000b4e   0x08000b4e   0x000000b2   Code   RO         1381    .text               c_w.l(_printf_intcommon.o)
    0x08000c00   0x08000c00   0x0000041c   Code   RO         1383    .text               c_w.l(_printf_fp_dec.o)
    0x0800101c   0x0800101c   0x000002fc   Code   RO         1387    .text               c_w.l(_printf_fp_hex.o)
    0x08001318   0x08001318   0x0000002c   Code   RO         1392    .text               c_w.l(_printf_char.o)
    0x08001344   0x08001344   0x0000002c   Code   RO         1394    .text               c_w.l(_printf_wchar.o)
    0x08001370   0x08001370   0x00000048   Code   RO         1397    .text               c_w.l(_c16rtomb.o)
    0x080013b8   0x080013b8   0x0000004a   Code   RO         1399    .text               c_w.l(sys_stackheap_outer.o)
    0x08001402   0x08001402   0x00000002   PAD
    0x08001404   0x08001404   0x00000010   Code   RO         1401    .text               c_w.l(rt_ctype_table.o)
    0x08001414   0x08001414   0x00000008   Code   RO         1406    .text               c_w.l(rt_locale_intlibspace.o)
    0x0800141c   0x0800141c   0x00000080   Code   RO         1408    .text               c_w.l(_printf_fp_infnan.o)
    0x0800149c   0x0800149c   0x000000e4   Code   RO         1410    .text               c_w.l(bigflt0.o)
    0x08001580   0x08001580   0x00000012   Code   RO         1440    .text               c_w.l(exit.o)
    0x08001592   0x08001592   0x00000002   PAD
    0x08001594   0x08001594   0x00000008   Code   RO         1457    .text               c_w.l(libspace.o)
    0x0800159c   0x0800159c   0x00000004   PAD
    0x080015a0   0x080015a0   0x0000007c   Code   RO         1473    .text               c_w.l(strcmpv7em.o)
    0x0800161c   0x0800161c   0x0000000c   Code   RO         1522    .text               c_w.l(sys_exit.o)
    0x08001628   0x08001628   0x00000002   Code   RO         1547    .text               c_w.l(use_no_semi.o)
    0x0800162a   0x0800162a   0x00000000   Code   RO         1549    .text               c_w.l(indicate_semi.o)
    0x0800162a   0x0800162a   0x00000002   PAD
    0x0800162c   0x0800162c   0x00000042   Code   RO          192    .text.HAL_Delay     stm32wlxx_hal.o
    0x0800166e   0x0800166e   0x00000002   PAD
    0x08001670   0x08001670   0x000002f6   Code   RO          738    .text.HAL_GPIO_Init  stm32wlxx_hal_gpio.o
    0x08001966   0x08001966   0x00000002   PAD
    0x08001968   0x08001968   0x0000000c   Code   RO          184    .text.HAL_GetTick   stm32wlxx_hal.o
    0x08001974   0x08001974   0x0000003e   Code   RO          144    .text.HAL_Init      stm32wlxx_hal.o
    0x080019b2   0x080019b2   0x00000002   PAD
    0x080019b4   0x080019b4   0x00000082   Code   RO          146    .text.HAL_InitTick  stm32wlxx_hal.o
    0x08001a36   0x08001a36   0x00000002   PAD
    0x08001a38   0x08001a38   0x00000002   Code   RO          148    .text.HAL_MspInit   stm32wlxx_hal.o
    0x08001a3a   0x08001a3a   0x00000002   PAD
    0x08001a3c   0x08001a3c   0x00000014   Code   RO          292    .text.HAL_NVIC_EnableIRQ  stm32wlxx_hal_cortex.o
    0x08001a50   0x08001a50   0x0000002e   Code   RO          284    .text.HAL_NVIC_SetPriority  stm32wlxx_hal_cortex.o
    0x08001a7e   0x08001a7e   0x00000002   PAD
    0x08001a80   0x08001a80   0x00000010   Code   RO          280    .text.HAL_NVIC_SetPriorityGrouping  stm32wlxx_hal_cortex.o
    0x08001a90   0x08001a90   0x00000010   Code   RO         1102    .text.HAL_PWREx_GetVoltageRange  stm32wlxx_hal_pwr_ex.o
    0x08001aa0   0x08001aa0   0x00000012   Code   RO         1053    .text.HAL_PWR_EnableBkUpAccess  stm32wlxx_hal_pwr.o
    0x08001ab2   0x08001ab2   0x00000002   PAD
    0x08001ab4   0x08001ab4   0x000002b0   Code   RO          411    .text.HAL_RCC_ClockConfig  stm32wlxx_hal_rcc.o
    0x08001d64   0x08001d64   0x0000002a   Code   RO          381    .text.HAL_RCC_GetHCLKFreq  stm32wlxx_hal_rcc.o
    0x08001d8e   0x08001d8e   0x00000002   PAD
    0x08001d90   0x08001d90   0x00000026   Code   RO          457    .text.HAL_RCC_GetPCLK1Freq  stm32wlxx_hal_rcc.o
    0x08001db6   0x08001db6   0x00000002   PAD
    0x08001db8   0x08001db8   0x00000026   Code   RO          461    .text.HAL_RCC_GetPCLK2Freq  stm32wlxx_hal_rcc.o
    0x08001dde   0x08001dde   0x00000002   PAD
    0x08001de0   0x08001de0   0x00000190   Code   RO          435    .text.HAL_RCC_GetSysClockFreq  stm32wlxx_hal_rcc.o
    0x08001f70   0x08001f70   0x000007a4   Code   RO          375    .text.HAL_RCC_OscConfig  stm32wlxx_hal_rcc.o
    0x08002714   0x08002714   0x000000d8   Code   RO         1008    .text.HAL_SUBGHZ_ExecGetCmd  stm32wlxx_hal_subghz.o
    0x080027ec   0x080027ec   0x000000fa   Code   RO         1006    .text.HAL_SUBGHZ_ExecSetCmd  stm32wlxx_hal_subghz.o
    0x080028e6   0x080028e6   0x00000002   PAD
    0x080028e8   0x080028e8   0x000000ec   Code   RO          960    .text.HAL_SUBGHZ_Init  stm32wlxx_hal_subghz.o
    0x080029d4   0x080029d4   0x00000008   Code   RO          962    .text.HAL_SUBGHZ_MspInit  stm32wlxx_hal_subghz.o
    0x080029dc   0x080029dc   0x000000e0   Code   RO         1012    .text.HAL_SUBGHZ_ReadBuffer  stm32wlxx_hal_subghz.o
    0x08002abc   0x08002abc   0x000000d2   Code   RO         1010    .text.HAL_SUBGHZ_WriteBuffer  stm32wlxx_hal_subghz.o
    0x08002b8e   0x08002b8e   0x00000002   PAD
    0x08002b90   0x08002b90   0x00000010   Code   RO          304    .text.HAL_SYSTICK_Config  stm32wlxx_hal_cortex.o
    0x08002ba0   0x08002ba0   0x000000aa   Code   RO          763    .text.HAL_UART_Init  stm32wlxx_hal_uart.o
    0x08002c4a   0x08002c4a   0x00000002   PAD
    0x08002c4c   0x08002c4c   0x00000008   Code   RO          765    .text.HAL_UART_MspInit  stm32wlxx_hal_uart.o
    0x08002c54   0x08002c54   0x00000154   Code   RO          783    .text.HAL_UART_Transmit  stm32wlxx_hal_uart.o
    0x08002da8   0x08002da8   0x00000020   Code   RO            8    .text.LL_AHB2_GRP1_EnableClock  hw_init.o
    0x08002dc8   0x08002dc8   0x00000020   Code   RO           12    .text.LL_APB1_GRP1_EnableClock  hw_init.o
    0x08002de8   0x08002de8   0x00000020   Code   RO           26    .text.LL_APB3_GRP1_EnableClock  lora_p2p.o
    0x08002e08   0x08002e08   0x00000018   Code   RO          964    .text.LL_EXTI_EnableIT_32_63  stm32wlxx_hal_subghz.o
    0x08002e20   0x08002e20   0x00000010   Code   RO          974    .text.LL_PWR_ClearFlag_RFBUSY  stm32wlxx_hal_subghz.o
    0x08002e30   0x08002e30   0x00000010   Code   RO         1040    .text.LL_PWR_IsActiveFlag_RFBUSYMS  stm32wlxx_hal_subghz.o
    0x08002e40   0x08002e40   0x00000010   Code   RO         1042    .text.LL_PWR_IsActiveFlag_RFBUSYS  stm32wlxx_hal_subghz.o
    0x08002e50   0x08002e50   0x00000010   Code   RO          403    .text.LL_PWR_IsEnabledBkUpAccess  stm32wlxx_hal_rcc.o
    0x08002e60   0x08002e60   0x00000012   Code   RO          992    .text.LL_PWR_SelectSUBGHZSPI_NSS  stm32wlxx_hal_subghz.o
    0x08002e72   0x08002e72   0x00000002   PAD
    0x08002e74   0x08002e74   0x0000001c   Code   RO          972    .text.LL_PWR_SetRadioBusyTrigger  stm32wlxx_hal_subghz.o
    0x08002e90   0x08002e90   0x00000012   Code   RO          970    .text.LL_PWR_UnselectSUBGHZSPI_NSS  stm32wlxx_hal_subghz.o
    0x08002ea2   0x08002ea2   0x00000002   PAD
    0x08002ea4   0x08002ea4   0x00000012   Code   RO          455    .text.LL_RCC_GetAHB3Prescaler  stm32wlxx_hal_rcc.o
    0x08002eb6   0x08002eb6   0x00000002   PAD
    0x08002eb8   0x08002eb8   0x0000000e   Code   RO          451    .text.LL_RCC_GetAHBPrescaler  stm32wlxx_hal_rcc.o
    0x08002ec6   0x08002ec6   0x00000002   PAD
    0x08002ec8   0x08002ec8   0x0000000e   Code   RO          459    .text.LL_RCC_GetAPB1Prescaler  stm32wlxx_hal_rcc.o
    0x08002ed6   0x08002ed6   0x00000002   PAD
    0x08002ed8   0x08002ed8   0x0000000e   Code   RO          463    .text.LL_RCC_GetAPB2Prescaler  stm32wlxx_hal_rcc.o
    0x08002ee6   0x08002ee6   0x00000002   PAD
    0x08002ee8   0x08002ee8   0x00000014   Code   RO          893    .text.LL_RCC_GetLPUARTClockSource  stm32wlxx_hal_uart.o
    0x08002efc   0x08002efc   0x0000000e   Code   RO          367    .text.LL_RCC_GetSysClkSource  stm32wlxx_hal_rcc.o
    0x08002f0a   0x08002f0a   0x00000002   PAD
    0x08002f0c   0x08002f0c   0x00000018   Code   RO          891    .text.LL_RCC_GetUSARTClockSource  stm32wlxx_hal_uart.o
    0x08002f24   0x08002f24   0x0000000e   Code   RO          389    .text.LL_RCC_HSE_Disable  stm32wlxx_hal_rcc.o
    0x08002f32   0x08002f32   0x00000002   PAD
    0x08002f34   0x08002f34   0x0000000e   Code   RO          371    .text.LL_RCC_HSE_DisableTcxo  stm32wlxx_hal_rcc.o
    0x08002f42   0x08002f42   0x00000002   PAD
    0x08002f44   0x08002f44   0x0000000e   Code   RO          385    .text.LL_RCC_HSE_Enable  stm32wlxx_hal_rcc.o
    0x08002f52   0x08002f52   0x00000002   PAD
    0x08002f54   0x08002f54   0x0000000e   Code   RO          387    .text.LL_RCC_HSE_EnableTcxo  stm32wlxx_hal_rcc.o
    0x08002f62   0x08002f62   0x00000002   PAD
    0x08002f64   0x08002f64   0x0000000c   Code   RO          443    .text.LL_RCC_HSE_IsEnabledDiv2  stm32wlxx_hal_rcc.o
    0x08002f70   0x08002f70   0x0000000c   Code   RO          369    .text.LL_RCC_HSE_IsReady  stm32wlxx_hal_rcc.o
    0x08002f7c   0x08002f7c   0x0000000e   Code   RO          395    .text.LL_RCC_HSI_Disable  stm32wlxx_hal_rcc.o
    0x08002f8a   0x08002f8a   0x00000002   PAD
    0x08002f8c   0x08002f8c   0x0000000e   Code   RO          391    .text.LL_RCC_HSI_Enable  stm32wlxx_hal_rcc.o
    0x08002f9a   0x08002f9a   0x00000002   PAD
    0x08002f9c   0x08002f9c   0x0000000c   Code   RO          393    .text.LL_RCC_HSI_IsReady  stm32wlxx_hal_rcc.o
    0x08002fa8   0x08002fa8   0x0000001c   Code   RO          365    .text.LL_RCC_HSI_SetCalibTrimming  stm32wlxx_hal_rcc.o
    0x08002fc4   0x08002fc4   0x0000000e   Code   RO          415    .text.LL_RCC_IsActiveFlag_HPRE  stm32wlxx_hal_rcc.o
    0x08002fd2   0x08002fd2   0x00000002   PAD
    0x08002fd4   0x08002fd4   0x0000000e   Code   RO          423    .text.LL_RCC_IsActiveFlag_PPRE1  stm32wlxx_hal_rcc.o
    0x08002fe2   0x08002fe2   0x00000002   PAD
    0x08002fe4   0x08002fe4   0x0000000e   Code   RO          427    .text.LL_RCC_IsActiveFlag_PPRE2  stm32wlxx_hal_rcc.o
    0x08002ff2   0x08002ff2   0x00000002   PAD
    0x08002ff4   0x08002ff4   0x00000010   Code   RO          419    .text.LL_RCC_IsActiveFlag_SHDHPRE  stm32wlxx_hal_rcc.o
    0x08003004   0x08003004   0x0000000e   Code   RO          968    .text.LL_RCC_IsRFUnderReset  stm32wlxx_hal_subghz.o
    0x08003012   0x08003012   0x00000002   PAD
    0x08003014   0x08003014   0x0000000e   Code   RO          405    .text.LL_RCC_LSE_IsReady  stm32wlxx_hal_rcc.o
    0x08003022   0x08003022   0x00000002   PAD
    0x08003024   0x08003024   0x00000010   Code   RO          397    .text.LL_RCC_LSI_Disable  stm32wlxx_hal_rcc.o
    0x08003034   0x08003034   0x00000010   Code   RO          401    .text.LL_RCC_LSI_Enable  stm32wlxx_hal_rcc.o
    0x08003044   0x08003044   0x0000000e   Code   RO          399    .text.LL_RCC_LSI_IsReady  stm32wlxx_hal_rcc.o
    0x08003052   0x08003052   0x00000002   PAD
    0x08003054   0x08003054   0x0000000e   Code   RO          383    .text.LL_RCC_MSI_Disable  stm32wlxx_hal_rcc.o
    0x08003062   0x08003062   0x00000002   PAD
    0x08003064   0x08003064   0x0000000e   Code   RO          357    .text.LL_RCC_MSI_Enable  stm32wlxx_hal_rcc.o
    0x08003072   0x08003072   0x00000002   PAD
    0x08003074   0x08003074   0x0000000c   Code   RO          439    .text.LL_RCC_MSI_GetRange  stm32wlxx_hal_rcc.o
    0x08003080   0x08003080   0x0000000e   Code   RO          441    .text.LL_RCC_MSI_GetRangeAfterStandby  stm32wlxx_hal_rcc.o
    0x0800308e   0x0800308e   0x00000002   PAD
    0x08003090   0x08003090   0x0000000c   Code   RO          437    .text.LL_RCC_MSI_IsEnabledRangeSelect  stm32wlxx_hal_rcc.o
    0x0800309c   0x0800309c   0x0000000c   Code   RO          359    .text.LL_RCC_MSI_IsReady  stm32wlxx_hal_rcc.o
    0x080030a8   0x080030a8   0x0000001c   Code   RO          363    .text.LL_RCC_MSI_SetCalibTrimming  stm32wlxx_hal_rcc.o
    0x080030c4   0x080030c4   0x0000000e   Code   RO          407    .text.LL_RCC_PLL_Disable  stm32wlxx_hal_rcc.o
    0x080030d2   0x080030d2   0x00000002   PAD
    0x080030d4   0x080030d4   0x0000000e   Code   RO          409    .text.LL_RCC_PLL_Enable  stm32wlxx_hal_rcc.o
    0x080030e2   0x080030e2   0x00000002   PAD
    0x080030e4   0x080030e4   0x0000000e   Code   RO          447    .text.LL_RCC_PLL_GetDivider  stm32wlxx_hal_rcc.o
    0x080030f2   0x080030f2   0x00000002   PAD
    0x080030f4   0x080030f4   0x0000000e   Code   RO          377    .text.LL_RCC_PLL_GetMainSource  stm32wlxx_hal_rcc.o
    0x08003102   0x08003102   0x00000002   PAD
    0x08003104   0x08003104   0x0000000e   Code   RO          445    .text.LL_RCC_PLL_GetN  stm32wlxx_hal_rcc.o
    0x08003112   0x08003112   0x00000002   PAD
    0x08003114   0x08003114   0x0000000e   Code   RO          449    .text.LL_RCC_PLL_GetR  stm32wlxx_hal_rcc.o
    0x08003122   0x08003122   0x00000002   PAD
    0x08003124   0x08003124   0x0000000c   Code   RO          373    .text.LL_RCC_PLL_IsReady  stm32wlxx_hal_rcc.o
    0x08003130   0x08003130   0x00000010   Code   RO          966    .text.LL_RCC_RF_DisableReset  stm32wlxx_hal_subghz.o
    0x08003140   0x08003140   0x0000001e   Code   RO          417    .text.LL_RCC_SetAHB3Prescaler  stm32wlxx_hal_rcc.o
    0x0800315e   0x0800315e   0x00000002   PAD
    0x08003160   0x08003160   0x0000001a   Code   RO          413    .text.LL_RCC_SetAHBPrescaler  stm32wlxx_hal_rcc.o
    0x0800317a   0x0800317a   0x00000002   PAD
    0x0800317c   0x0800317c   0x0000001a   Code   RO          421    .text.LL_RCC_SetAPB1Prescaler  stm32wlxx_hal_rcc.o
    0x08003196   0x08003196   0x00000002   PAD
    0x08003198   0x08003198   0x0000001a   Code   RO          425    .text.LL_RCC_SetAPB2Prescaler  stm32wlxx_hal_rcc.o
    0x080031b2   0x080031b2   0x00000002   PAD
    0x080031b4   0x080031b4   0x0000001a   Code   RO          429    .text.LL_RCC_SetSysClkSource  stm32wlxx_hal_rcc.o
    0x080031ce   0x080031ce   0x00000002   PAD
    0x080031d0   0x080031d0   0x00000016   Code   RO            6    .text.MX_GPIO_Init  hw_init.o
    0x080031e6   0x080031e6   0x00000002   PAD
    0x080031e8   0x080031e8   0x0000006c   Code   RO           10    .text.MX_USART2_UART_Init  hw_init.o
    0x08003254   0x08003254   0x0000006c   Code   RO          290    .text.NVIC_EncodePriority  stm32wlxx_hal_cortex.o
    0x080032c0   0x080032c0   0x00000102   Code   RO          479    .text.RCC_SetFlashLatency  stm32wlxx_hal_rcc.o
    0x080033c2   0x080033c2   0x00000002   PAD
    0x080033c4   0x080033c4   0x0000005e   Code   RO          379    .text.RCC_SetFlashLatencyFromMSIRange  stm32wlxx_hal_rcc.o
    0x08003422   0x08003422   0x00000002   PAD
    0x08003424   0x08003424   0x00000032   Code   RO          976    .text.SUBGHZSPI_Init  stm32wlxx_hal_subghz.o
    0x08003456   0x08003456   0x00000002   PAD
    0x08003458   0x08003458   0x000000b6   Code   RO         1000    .text.SUBGHZSPI_Receive  stm32wlxx_hal_subghz.o
    0x0800350e   0x0800350e   0x00000002   PAD
    0x08003510   0x08003510   0x000000b6   Code   RO          994    .text.SUBGHZSPI_Transmit  stm32wlxx_hal_subghz.o
    0x080035c6   0x080035c6   0x00000002   PAD
    0x080035c8   0x080035c8   0x00000042   Code   RO          990    .text.SUBGHZ_CheckDeviceReady  stm32wlxx_hal_subghz.o
    0x0800360a   0x0800360a   0x00000002   PAD
    0x0800360c   0x0800360c   0x00000008   Code   RO          111    .text.SUBGHZ_Radio_IRQHandler  main_master.o
    0x08003614   0x08003614   0x0000005e   Code   RO          996    .text.SUBGHZ_WaitOnBusy  stm32wlxx_hal_subghz.o
    0x08003672   0x08003672   0x00000002   PAD
    0x08003674   0x08003674   0x00000052   Code   RO          306    .text.SysTick_Config  stm32wlxx_hal_cortex.o
    0x080036c6   0x080036c6   0x00000002   PAD
    0x080036c8   0x080036c8   0x0000004e   Code   RO            4    .text.SystemClock_Config  hw_init.o
    0x08003716   0x08003716   0x00000002   PAD
    0x08003718   0x08003718   0x00000002   Code   RO         1219    .text.SystemInit    system_stm32wlxx.o
    0x0800371a   0x0800371a   0x00000002   PAD
    0x0800371c   0x0800371c   0x00000148   Code   RO          767    .text.UART_AdvFeatureConfig  stm32wlxx_hal_uart.o
    0x08003864   0x08003864   0x00000146   Code   RO          771    .text.UART_CheckIdleState  stm32wlxx_hal_uart.o
    0x080039aa   0x080039aa   0x00000002   PAD
    0x080039ac   0x080039ac   0x0000009e   Code   RO          823    .text.UART_EndRxTransfer  stm32wlxx_hal_uart.o
    0x08003a4a   0x08003a4a   0x00000002   PAD
    0x08003a4c   0x08003a4c   0x00000532   Code   RO          769    .text.UART_SetConfig  stm32wlxx_hal_uart.o
    0x08003f7e   0x08003f7e   0x00000002   PAD
    0x08003f80   0x08003f80   0x0000010c   Code   RO          785    .text.UART_WaitOnFlagUntilTimeout  stm32wlxx_hal_uart.o
    0x0800408c   0x0800408c   0x00000030   Code   RO          294    .text.__NVIC_EnableIRQ  stm32wlxx_hal_cortex.o
    0x080040bc   0x080040bc   0x00000010   Code   RO          286    .text.__NVIC_GetPriorityGrouping  stm32wlxx_hal_cortex.o
    0x080040cc   0x080040cc   0x00000042   Code   RO          288    .text.__NVIC_SetPriority  stm32wlxx_hal_cortex.o
    0x0800410e   0x0800410e   0x00000002   PAD
    0x08004110   0x08004110   0x0000003c   Code   RO          282    .text.__NVIC_SetPriorityGrouping  stm32wlxx_hal_cortex.o
    0x0800414c   0x0800414c   0x0000003a   Code   RO           82    .text.bw_reg        lora_p2p.o
    0x08004186   0x08004186   0x00000002   PAD
    0x08004188   0x08004188   0x00000186   Code   RO          133    .text.debug_hex_dump  uart_debug.o
    0x0800430e   0x0800430e   0x00000002   PAD
    0x08004310   0x08004310   0x0000004c   Code   RO          129    .text.debug_printf  uart_debug.o
    0x0800435c   0x0800435c   0x0000005e   Code   RO          131    .text.debug_println  uart_debug.o
    0x080043ba   0x080043ba   0x00000002   PAD
    0x080043bc   0x080043bc   0x00000022   Code   RO          127    .text.debug_putchar  uart_debug.o
    0x080043de   0x080043de   0x00000002   PAD
    0x080043e0   0x080043e0   0x00000014   Code   RO           14    .text.hw_init       hw_init.o
    0x080043f4   0x080043f4   0x000000ee   Code   RO           24    .text.lora_p2p_init  lora_p2p.o
    0x080044e2   0x080044e2   0x00000002   PAD
    0x080044e4   0x080044e4   0x000001b6   Code   RO           74    .text.lora_p2p_irq_process  lora_p2p.o
    0x0800469a   0x0800469a   0x00000002   PAD
    0x0800469c   0x0800469c   0x00000018   Code   RO           64    .text.lora_p2p_receive  lora_p2p.o
    0x080046b4   0x080046b4   0x00000014   Code   RO           56    .text.lora_p2p_register_rx_callback  lora_p2p.o
    0x080046c8   0x080046c8   0x00000014   Code   RO           60    .text.lora_p2p_register_rx_timeout_callback  lora_p2p.o
    0x080046dc   0x080046dc   0x00000014   Code   RO           58    .text.lora_p2p_register_tx_callback  lora_p2p.o
    0x080046f0   0x080046f0   0x00000038   Code   RO           70    .text.lora_p2p_send  lora_p2p.o
    0x08004728   0x08004728   0x00000012   Code   RO           68    .text.lora_p2p_standby  lora_p2p.o
    0x0800473a   0x0800473a   0x00000002   PAD
    0x0800473c   0x0800473c   0x000001be   Code   RO          103    .text.main          main_master.o
    0x080048fa   0x080048fa   0x00000002   PAD
    0x080048fc   0x080048fc   0x00000054   Code   RO          105    .text.on_rx         main_master.o
    0x08004950   0x08004950   0x00000018   Code   RO          109    .text.on_rx_timeout  main_master.o
    0x08004968   0x08004968   0x0000003c   Code   RO          107    .text.on_tx_done    main_master.o
    0x080049a4   0x080049a4   0x00000028   Code   RO           32    .text.sx_calibrate_all  lora_p2p.o
    0x080049cc   0x080049cc   0x00000024   Code   RO           40    .text.sx_calibrate_image  lora_p2p.o
    0x080049f0   0x080049f0   0x0000002e   Code   RO           78    .text.sx_clear_irq  lora_p2p.o
    0x08004a1e   0x08004a1e   0x00000002   PAD
    0x08004a20   0x08004a20   0x00000026   Code   RO           80    .text.sx_cmd1       lora_p2p.o
    0x08004a46   0x08004a46   0x00000002   PAD
    0x08004a48   0x08004a48   0x00000028   Code   RO           76    .text.sx_get_irq    lora_p2p.o
    0x08004a70   0x08004a70   0x00000022   Code   RO           50    .text.sx_set_buf_base  lora_p2p.o
    0x08004a92   0x08004a92   0x00000002   PAD
    0x08004a94   0x08004a94   0x00000020   Code   RO           52    .text.sx_set_dio2_rf_switch  lora_p2p.o
    0x08004ab4   0x08004ab4   0x00000028   Code   RO           54    .text.sx_set_dio_irq  lora_p2p.o
    0x08004adc   0x08004adc   0x00000050   Code   RO           38    .text.sx_set_frequency  lora_p2p.o
    0x08004b2c   0x08004b2c   0x0000009a   Code   RO           46    .text.sx_set_modulation  lora_p2p.o
    0x08004bc6   0x08004bc6   0x00000002   PAD
    0x08004bc8   0x08004bc8   0x00000024   Code   RO           42    .text.sx_set_pa_hp  lora_p2p.o
    0x08004bec   0x08004bec   0x00000056   Code   RO           48    .text.sx_set_pkt_params  lora_p2p.o
    0x08004c42   0x08004c42   0x00000002   PAD
    0x08004c44   0x08004c44   0x0000000c   Code   RO           36    .text.sx_set_pkt_type_lora  lora_p2p.o
    0x08004c50   0x08004c50   0x0000000c   Code   RO           34    .text.sx_set_regulator_dcdc  lora_p2p.o
    0x08004c5c   0x08004c5c   0x00000016   Code   RO           28    .text.sx_set_standby  lora_p2p.o
    0x08004c72   0x08004c72   0x00000002   PAD
    0x08004c74   0x08004c74   0x00000022   Code   RO           30    .text.sx_set_tcxo   lora_p2p.o
    0x08004c96   0x08004c96   0x00000002   PAD
    0x08004c98   0x08004c98   0x0000002e   Code   RO           44    .text.sx_set_tx_params  lora_p2p.o
    0x08004cc6   0x08004cc6   0x00000002   PAD
    0x08004cc8   0x08004cc8   0x00000072   Code   RO           66    .text.sx_start_rx   lora_p2p.o
    0x08004d3a   0x08004d3a   0x00000002   PAD
    0x08004d3c   0x08004d3c   0x00000028   Code   RO           72    .text.sx_start_tx   lora_p2p.o
    0x08004d64   0x08004d64   0x0000003e   Code   RO         1413    CL$$btod_d2e        c_w.l(btod.o)
    0x08004da2   0x08004da2   0x00000046   Code   RO         1415    CL$$btod_d2e_denorm_low  c_w.l(btod.o)
    0x08004de8   0x08004de8   0x00000060   Code   RO         1414    CL$$btod_d2e_norm_op1  c_w.l(btod.o)
    0x08004e48   0x08004e48   0x00000338   Code   RO         1423    CL$$btod_div_common  c_w.l(btod.o)
    0x08005180   0x08005180   0x000000dc   Code   RO         1420    CL$$btod_e2e        c_w.l(btod.o)
    0x0800525c   0x0800525c   0x0000002a   Code   RO         1417    CL$$btod_ediv       c_w.l(btod.o)
    0x08005286   0x08005286   0x0000002a   Code   RO         1416    CL$$btod_emul       c_w.l(btod.o)
    0x080052b0   0x080052b0   0x00000244   Code   RO         1422    CL$$btod_mult_common  c_w.l(btod.o)
    0x080054f4   0x080054f4   0x00000028   Code   RO         1455    i.__ARM_fpclassify  m_ws.l(fpclassify.o)
    0x0800551c   0x0800551c   0x0000000e   Code   RO         1319    i._is_digit         c_w.l(__printf_wp.o)
    0x0800552a   0x0800552a   0x00000002   PAD
    0x0800552c   0x0800552c   0x0000002c   Code   RO         1438    locale$$code        c_w.l(lc_numeric_c.o)
    0x08005558   0x08005558   0x0000002c   Code   RO         1467    locale$$code        c_w.l(lc_ctype_c.o)
    0x08005584   0x08005584   0x00000004   Code   RO         1354    x$fpl$printf1       fz_ws.l(printf1.o)
    0x08005588   0x08005588   0x00000004   Code   RO         1356    x$fpl$printf2       fz_ws.l(printf2.o)
    0x0800558c   0x0800558c   0x00000000   Code   RO         1454    x$fpl$usenofp       fz_ws.l(usenofp.o)
    0x0800558c   0x0800558c   0x00000008   Data   RO         1278    .constdata          c_w.l(_printf_wctomb.o)
    0x08005594   0x08005594   0x00000028   Data   RO         1307    .constdata          c_w.l(_printf_hex_int_ll_ptr.o)
    0x080055bc   0x080055bc   0x00000011   Data   RO         1327    .constdata          c_w.l(__printf_flags_ss_wp.o)
    0x080055cd   0x080055cd   0x00000026   Data   RO         1388    .constdata          c_w.l(_printf_fp_hex.o)
    0x080055f3   0x080055f3   0x00000001   PAD
    0x080055f4   0x080055f4   0x00000094   Data   RO         1411    .constdata          c_w.l(bigflt0.o)
    0x08005688   0x08005688   0x00000040   Data   RO         1224    .rodata.AHBPrescTable  system_stm32wlxx.o
    0x080056c8   0x080056c8   0x00000020   Data   RO         1225    .rodata.APBPrescTable  system_stm32wlxx.o
    0x080056e8   0x080056e8   0x00000040   Data   RO         1226    .rodata.MSIRangeTable  system_stm32wlxx.o
    0x08005728   0x08005728   0x00000018   Data   RO          907    .rodata.UARTPrescTable  stm32wlxx_hal_uart.o
    0x08005740   0x08005740   0x00000011   Data   RO          135    .rodata.debug_hex_dump.hex  uart_debug.o
    0x08005751   0x08005751   0x00000003   PAD
    0x08005754   0x08005754   0x0000000c   Data   RO          114    .rodata.master_cfg  main_master.o
    0x08005760   0x08005760   0x0000022d   Data   RO          113    .rodata.str1.1      main_master.o
    0x0800598d   0x0800598d   0x000000df   Data   RO          136    .rodata.str1.1      uart_debug.o
    0x08005a6c   0x08005a6c   0x00000040   Data   RO         1602    Region$$Table       anon$$obj.o
    0x08005aac   0x08005aac   0x0000001c   Data   RO         1437    locale$$data        c_w.l(lc_numeric_c.o)
    0x08005ac8   0x08005ac8   0x00000110   Data   RO         1466    locale$$data        c_w.l(lc_ctype_c.o)


    Execution Region RW_IRAM1 (Exec base: 0x20000000, Load base: 0x08005bd8, Size: 0x00000418, Max: 0x00008000, ABSOLUTE)

    Exec Addr    Load Addr    Size         Type   Attr      Idx    E Section Name        Object

    0x20000000   0x08005bd8   0x00000004   Data   RW         1223    .data.SystemCoreClock  system_stm32wlxx.o
    0x20000004   0x08005bdc   0x00000004   Data   RW          270    .data.uwTickPrio    stm32wlxx_hal.o
    0x20000008        -       0x0000000c   Zero   RW           85    .bss.s_hsubghz      lora_p2p.o
    0x20000014        -       0x00000004   Zero   RW           89    .bss.s_rx_error_cb  lora_p2p.o
    0x20000018        -       0x00000400   Zero   RW         1233    STACK               startup_stm32wle5xx_keil.o


    Execution Region RW_IRAM2 (Exec base: 0x20008000, Load base: 0x08005be0, Size: 0x00000428, Max: 0x00008000, ABSOLUTE)

    Exec Addr    Load Addr    Size         Type   Attr      Idx    E Section Name        Object

    0x20008000   0x08005be0   0x00000001   Data   RW          271    .data.uwTickFreq    stm32wlxx_hal.o
    0x20008001   0x08005be1   0x00000007   PAD
    0x20008008        -       0x00000060   Zero   RW         1458    .bss                c_w.l(libspace.o)
    0x20008068        -       0x00000094   Zero   RW           16    .bss.huart2         hw_init.o
    0x200080fc        -       0x00000004   Zero   RW          115    .bss.main.last_tx_tick  main_master.o
    0x20008100        -       0x00000001   Zero   RW          116    .bss.rx_done        main_master.o
    0x20008101   0x08005be1   0x00000003   PAD
    0x20008104        -       0x0000000c   Zero   RW           84    .bss.s_cfg          lora_p2p.o
    0x20008110        -       0x00000001   Zero   RW           90    .bss.s_irq_pending  lora_p2p.o
    0x20008111        -       0x00000100   Zero   RW           91    .bss.s_rx_buf       lora_p2p.o
    0x20008211   0x08005be1   0x00000003   PAD
    0x20008214        -       0x00000004   Zero   RW           86    .bss.s_rx_cb        lora_p2p.o
    0x20008218        -       0x00000004   Zero   RW           88    .bss.s_rx_timeout_cb  lora_p2p.o
    0x2000821c        -       0x00000004   Zero   RW           87    .bss.s_tx_cb        lora_p2p.o
    0x20008220        -       0x00000004   Zero   RW          272    .bss.uwTick         stm32wlxx_hal.o
    0x20008224   0x08005be1   0x00000004   PAD
    0x20008228        -       0x00000200   Zero   RW         1234    HEAP                startup_stm32wle5xx_keil.o


==============================================================================

Image component sizes


      Code (inc. data)   RO Data    RW Data    ZI Data      Debug   Object Name

       292          0          0          0        148       6958   hw_init.o
      1866          0          0          0        297      10804   lora_p2p.o
       622          0        569          0          5       2696   main_master.o
        64         26        312          0       1536        864   startup_stm32wle5xx_keil.o
       272          0          0          5          4      11486   stm32wlxx_hal.o
       478          0          0          0          0       9150   stm32wlxx_hal_cortex.o
       758          0          0          0          0       4703   stm32wlxx_hal_gpio.o
        18          0          0          0          0       5080   stm32wlxx_hal_pwr.o
        16          0          0          0          0       9788   stm32wlxx_hal_pwr_ex.o
      4206          0          0          0          0      15009   stm32wlxx_hal_rcc.o
      1884          0          0          0          0      12863   stm32wlxx_hal_subghz.o
      2972          0         24          0          0      27647   stm32wlxx_hal_uart.o
         2          0        160          4          0       2387   system_stm32wlxx.o
       594          0        240          0          0       2105   uart_debug.o

    ----------------------------------------------------------------------
     14200         26       1372         12       2004     121540   Object Totals
         0          0         64          0          0          0   (incl. Generated)
       156          0          3          3         14          0   (incl. Padding)

    ----------------------------------------------------------------------

      Code (inc. data)   RO Data    RW Data    ZI Data      Debug   Library Member Name

         8          0          0          0          0         68   __main.o
       392          4         17          0          0         92   __printf_flags_ss_wp.o
        14          0          0          0          0         68   __printf_wp.o
         0          0          0          0          0          0   __rtentry.o
        12          0          0          0          0          0   __rtentry2.o
         6          0          0          0          0          0   __rtentry4.o
        94          8          0          0          0          0   __scatter.o
        26          0          0          0          0          0   __scatter_copy.o
        28          0          0          0          0          0   __scatter_zi.o
        72          0          0          0          0         96   _c16rtomb.o
         6          0          0          0          0          0   _printf_a.o
         6          0          0          0          0          0   _printf_c.o
        44          0          0          0          0        108   _printf_char.o
        48          6          0          0          0         96   _printf_char_common.o
        40          0          0          0          0         68   _printf_charcount.o
         6          0          0          0          0          0   _printf_d.o
       120         16          0          0          0         92   _printf_dec.o
         6          0          0          0          0          0   _printf_e.o
         6          0          0          0          0          0   _printf_f.o
      1052          0          0          0          0        148   _printf_fp_dec.o
       764          8         38          0          0        100   _printf_fp_hex.o
       128         16          0          0          0         84   _printf_fp_infnan.o
         6          0          0          0          0          0   _printf_g.o
       148          4         40          0          0        160   _printf_hex_int_ll_ptr.o
         6          0          0          0          0          0   _printf_i.o
       178          0          0          0          0         88   _printf_intcommon.o
        10          0          0          0          0          0   _printf_l.o
         6          0          0          0          0          0   _printf_lc.o
        10          0          0          0          0          0   _printf_ll.o
         6          0          0          0          0          0   _printf_lld.o
         6          0          0          0          0          0   _printf_lli.o
         6          0          0          0          0          0   _printf_llo.o
         6          0          0          0          0          0   _printf_llu.o
         6          0          0          0          0          0   _printf_llx.o
       124         16          0          0          0         92   _printf_longlong_dec.o
         6          0          0          0          0          0   _printf_ls.o
         6          0          0          0          0          0   _printf_n.o
         6          0          0          0          0          0   _printf_o.o
       112          8          0          0          0        124   _printf_oct_int_ll.o
         6          0          0          0          0          0   _printf_p.o
        78          0          0          0          0        108   _printf_pad.o
         0          0          0          0          0          0   _printf_percent.o
         4          0          0          0          0          0   _printf_percent_end.o
         6          0          0          0          0          0   _printf_s.o
        82          0          0          0          0         80   _printf_str.o
        36          0          0          0          0         84   _printf_truncate.o
         6          0          0          0          0          0   _printf_u.o
        44          0          0          0          0        108   _printf_wchar.o
       188          6          8          0          0         92   _printf_wctomb.o
         6          0          0          0          0          0   _printf_x.o
        16          0          0          0          0         68   _snputc.o
       228          4        148          0          0         96   bigflt0.o
      1936        128          0          0          0        668   btod.o
        18          0          0          0          0         80   exit.o
         6          0          0          0          0        152   heapauxi.o
         0          0          0          0          0          0   indicate_semi.o
        44         10        272          0          0         76   lc_ctype_c.o
        44         10         28          0          0         76   lc_numeric_c.o
         2          0          0          0          0          0   libinit.o
        30          0          0          0          0          0   libinit2.o
         2          0          0          0          0          0   libshutdown.o
         2          0          0          0          0          0   libshutdown2.o
         8          4          0          0         96         68   libspace.o
       138          0          0          0          0         80   lludiv10.o
       240          0          0          0          0        100   lludivv7m.o
        16          4          0          0          0         76   rt_ctype_table.o
         8          4          0          0          0         68   rt_locale_intlibspace.o
        78          0          0          0          0         80   rt_memclr_w.o
       138          0          0          0          0         68   rt_memcpy_v6.o
       100          0          0          0          0         80   rt_memcpy_w.o
         2          0          0          0          0          0   rtexit.o
        10          0          0          0          0          0   rtexit2.o
       124          0          0          0          0         88   strcmpv7em.o
        12          4          0          0          0         68   sys_exit.o
        74          0          0          0          0         80   sys_stackheap_outer.o
         2          0          0          0          0         68   use_no_semi.o
        60          4          0          0          0         80   vsnprintf.o
         4          0          0          0          0         68   printf1.o
         4          0          0          0          0         68   printf2.o
         0          0          0          0          0          0   usenofp.o
        40          0          0          0          0         68   fpclassify.o

    ----------------------------------------------------------------------
      7388        268        552          0         96       4380   Library Totals
        20          4          1          0          0          0   (incl. Padding)

    ----------------------------------------------------------------------

      Code (inc. data)   RO Data    RW Data    ZI Data      Debug   Library Name

      7320        264        551          0         96       4176   c_w.l
         8          0          0          0          0        136   fz_ws.l
        40          0          0          0          0         68   m_ws.l

    ----------------------------------------------------------------------
      7388        268        552          0         96       4380   Library Totals

    ----------------------------------------------------------------------

==============================================================================


      Code (inc. data)   RO Data    RW Data    ZI Data      Debug   

     21588        294       1924         12       2100     123404   Grand Totals
     21588        294       1924         12       2100     123404   ELF Image Totals
     21588        294       1924         12          0          0   ROM Totals

==============================================================================

    Total RO  Size (Code + RO Data)                23512 (  22.96kB)
    Total RW  Size (RW Data + ZI Data)              2112 (   2.06kB)
    Total ROM Size (Code + RO Data + RW Data)      23524 (  22.97kB)

==============================================================================

