Archive member included to satisfy reference by file (symbol)

/usr/lib/gcc/arm-none-eabi/13.2.1/../../../arm-none-eabi/lib/thumb/v7e-m/nofp/libc_nano.a(libc_a-vsnprintf.o)
                              build/master/uart_debug.o (vsnprintf)
/usr/lib/gcc/arm-none-eabi/13.2.1/../../../arm-none-eabi/lib/thumb/v7e-m/nofp/libc_nano.a(libc_a-impure.o)
                              /usr/lib/gcc/arm-none-eabi/13.2.1/../../../arm-none-eabi/lib/thumb/v7e-m/nofp/libc_nano.a(libc_a-vsnprintf.o) (_impure_ptr)
/usr/lib/gcc/arm-none-eabi/13.2.1/../../../arm-none-eabi/lib/thumb/v7e-m/nofp/libc_nano.a(libc_a-nano-svfprintf.o)
                              /usr/lib/gcc/arm-none-eabi/13.2.1/../../../arm-none-eabi/lib/thumb/v7e-m/nofp/libc_nano.a(libc_a-vsnprintf.o) (_svfprintf_r)
/usr/lib/gcc/arm-none-eabi/13.2.1/../../../arm-none-eabi/lib/thumb/v7e-m/nofp/libc_nano.a(libc_a-init.o)
                              /usr/lib/gcc/arm-none-eabi/13.2.1/../../../arm-none-eabi/lib/thumb/v7e-m/nofp/crt0.o (__libc_init_array)
/usr/lib/gcc/arm-none-eabi/13.2.1/../../../arm-none-eabi/lib/thumb/v7e-m/nofp/libc_nano.a(libc_a-memset.o)
                              /usr/lib/gcc/arm-none-eabi/13.2.1/../../../arm-none-eabi/lib/thumb/v7e-m/nofp/crt0.o (memset)
/usr/lib/gcc/arm-none-eabi/13.2.1/../../../arm-none-eabi/lib/thumb/v7e-m/nofp/libc_nano.a(libc_a-mallocr.o)
                              /usr/lib/gcc/arm-none-eabi/13.2.1/../../../arm-none-eabi/lib/thumb/v7e-m/nofp/libc_nano.a(libc_a-nano-svfprintf.o) (_malloc_r)
/usr/lib/gcc/arm-none-eabi/13.2.1/../../../arm-none-eabi/lib/thumb/v7e-m/nofp/libc_nano.a(libc_a-freer.o)
                              /usr/lib/gcc/arm-none-eabi/13.2.1/../../../arm-none-eabi/lib/thumb/v7e-m/nofp/libc_nano.a(libc_a-nano-svfprintf.o) (_free_r)
/usr/lib/gcc/arm-none-eabi/13.2.1/../../../arm-none-eabi/lib/thumb/v7e-m/nofp/libc_nano.a(libc_a-memmove.o)
                              /usr/lib/gcc/arm-none-eabi/13.2.1/../../../arm-none-eabi/lib/thumb/v7e-m/nofp/libc_nano.a(libc_a-nano-svfprintf.o) (memmove)
/usr/lib/gcc/arm-none-eabi/13.2.1/../../../arm-none-eabi/lib/thumb/v7e-m/nofp/libc_nano.a(libc_a-memchr.o)
                              /usr/lib/gcc/arm-none-eabi/13.2.1/../../../arm-none-eabi/lib/thumb/v7e-m/nofp/libc_nano.a(libc_a-nano-svfprintf.o) (memchr)
/usr/lib/gcc/arm-none-eabi/13.2.1/../../../arm-none-eabi/lib/thumb/v7e-m/nofp/libc_nano.a(libc_a-memcpy.o)
                              build/master/uart_debug.o (memcpy)
/usr/lib/gcc/arm-none-eabi/13.2.1/../../../arm-none-eabi/lib/thumb/v7e-m/nofp/libc_nano.a(libc_a-reallocr.o)
                              /usr/lib/gcc/arm-none-eabi/13.2.1/../../../arm-none-eabi/lib/thumb/v7e-m/nofp/libc_nano.a(libc_a-nano-svfprintf.o) (_realloc_r)
/usr/lib/gcc/arm-none-eabi/13.2.1/../../../arm-none-eabi/lib/thumb/v7e-m/nofp/libc_nano.a(libc_a-nano-vfprintf_i.o)
                              /usr/lib/gcc/arm-none-eabi/13.2.1/../../../arm-none-eabi/lib/thumb/v7e-m/nofp/libc_nano.a(libc_a-nano-svfprintf.o) (_printf_i)
/usr/lib/gcc/arm-none-eabi/13.2.1/../../../arm-none-eabi/lib/thumb/v7e-m/nofp/libc_nano.a(libc_a-mlock.o)
                              /usr/lib/gcc/arm-none-eabi/13.2.1/../../../arm-none-eabi/lib/thumb/v7e-m/nofp/libc_nano.a(libc_a-mallocr.o) (__malloc_lock)
/usr/lib/gcc/arm-none-eabi/13.2.1/../../../arm-none-eabi/lib/thumb/v7e-m/nofp/libc_nano.a(libc_a-exit.o)
                              /usr/lib/gcc/arm-none-eabi/13.2.1/../../../arm-none-eabi/lib/thumb/v7e-m/nofp/crt0.o (exit)
/usr/lib/gcc/arm-none-eabi/13.2.1/../../../arm-none-eabi/lib/thumb/v7e-m/nofp/libc_nano.a(libc_a-atexit.o)
                              /usr/lib/gcc/arm-none-eabi/13.2.1/../../../arm-none-eabi/lib/thumb/v7e-m/nofp/crt0.o (atexit)
/usr/lib/gcc/arm-none-eabi/13.2.1/../../../arm-none-eabi/lib/thumb/v7e-m/nofp/libc_nano.a(libc_a-fini.o)
                              /usr/lib/gcc/arm-none-eabi/13.2.1/../../../arm-none-eabi/lib/thumb/v7e-m/nofp/crt0.o (__libc_fini_array)
/usr/lib/gcc/arm-none-eabi/13.2.1/../../../arm-none-eabi/lib/thumb/v7e-m/nofp/libc_nano.a(libc_a-sbrkr.o)
                              /usr/lib/gcc/arm-none-eabi/13.2.1/../../../arm-none-eabi/lib/thumb/v7e-m/nofp/libc_nano.a(libc_a-mallocr.o) (_sbrk_r)
/usr/lib/gcc/arm-none-eabi/13.2.1/../../../arm-none-eabi/lib/thumb/v7e-m/nofp/libc_nano.a(libc_a-msizer.o)
                              /usr/lib/gcc/arm-none-eabi/13.2.1/../../../arm-none-eabi/lib/thumb/v7e-m/nofp/libc_nano.a(libc_a-reallocr.o) (_malloc_usable_size_r)
/usr/lib/gcc/arm-none-eabi/13.2.1/../../../arm-none-eabi/lib/thumb/v7e-m/nofp/libc_nano.a(libc_a-findfp.o)
                              /usr/lib/gcc/arm-none-eabi/13.2.1/../../../arm-none-eabi/lib/thumb/v7e-m/nofp/libc_nano.a(libc_a-exit.o) (__stdio_exit_handler)
/usr/lib/gcc/arm-none-eabi/13.2.1/../../../arm-none-eabi/lib/thumb/v7e-m/nofp/libc_nano.a(libc_a-fflush.o)
[...]
Memory Configuration

Name             Origin             Length             Attributes
ROM              0x08000000         0x00040000         xr
RAM1             0x20000000         0x00008000         xrw
RAM2             0x20008000         0x00008000         xrw
*default*        0x00000000         0xffffffff

Linker script and memory map

LOAD /usr/lib/gcc/arm-none-eabi/13.2.1/thumb/v7e-m/nofp/crti.o
LOAD /usr/lib/gcc/arm-none-eabi/13.2.1/thumb/v7e-m/nofp/crtbegin.o
LOAD /usr/lib/gcc/arm-none-eabi/13.2.1/../../../arm-none-eabi/lib/thumb/v7e-m/nofp/crt0.o
LOAD build/master/system_stm32wlxx.o
LOAD build/master/stm32wlxx_hal.o
LOAD build/master/stm32wlxx_hal_cortex.o
LOAD build/master/stm32wlxx_hal_rcc.o
LOAD build/master/stm32wlxx_hal_rcc_ex.o
LOAD build/master/stm32wlxx_hal_gpio.o
LOAD build/master/stm32wlxx_hal_uart.o
LOAD build/master/stm32wlxx_hal_uart_ex.o
LOAD build/master/stm32wlxx_hal_subghz.o
LOAD build/master/stm32wlxx_hal_pwr.o
LOAD build/master/stm32wlxx_hal_pwr_ex.o
LOAD build/master/stm32wlxx_hal_dma.o
LOAD build/master/stm32wlxx_hal_flash.o
LOAD build/master/stm32wlxx_hal_flash_ex.o
LOAD build/master/hw_init.o
LOAD build/master/lora_p2p.o
LOAD build/master/uart_debug.o
LOAD build/master/main_master.o
LOAD build/master/startup_stm32wle5xx.o
LOAD /usr/lib/gcc/arm-none-eabi/13.2.1/../../../arm-none-eabi/lib/thumb/v7e-m/nofp/libc_nano.a
LOAD /usr/lib/gcc/arm-none-eabi/13.2.1/../../../arm-none-eabi/lib/thumb/v7e-m/nofp/libm.a
LOAD /usr/lib/gcc/arm-none-eabi/13.2.1/../../../arm-none-eabi/lib/thumb/v7e-m/nofp/libnosys.a
START GROUP
LOAD /usr/lib/gcc/arm-none-eabi/13.2.1/thumb/v7e-m/nofp/libgcc.a
LOAD /usr/lib/gcc/arm-none-eabi/13.2.1/../../../arm-none-eabi/lib/thumb/v7e-m/nofp/libc_nano.a
END GROUP
START GROUP
LOAD /usr/lib/gcc/arm-none-eabi/13.2.1/thumb/v7e-m/nofp/libgcc.a
LOAD /usr/lib/gcc/arm-none-eabi/13.2.1/../../../arm-none-eabi/lib/thumb/v7e-m/nofp/libc_nano.a
LOAD /usr/lib/gcc/arm-none-eabi/13.2.1/../../../arm-none-eabi/lib/thumb/v7e-m/nofp/libnosys.a
END GROUP
START GROUP
LOAD /usr/lib/gcc/arm-none-eabi/13.2.1/thumb/v7e-m/nofp/libgcc.a
LOAD /usr/lib/gcc/arm-none-eabi/13.2.1/../../../arm-none-eabi/lib/thumb/v7e-m/nofp/libc_nano.a
LOAD /usr/lib/gcc/arm-none-eabi/13.2.1/../../../arm-none-eabi/lib/thumb/v7e-m/nofp/libnosys.a
END GROUP
LOAD /usr/lib/gcc/arm-none-eabi/13.2.1/thumb/v7e-m/nofp/crtend.o
LOAD /usr/lib/gcc/arm-none-eabi/13.2.1/thumb/v7e-m/nofp/crtn.o
                0x20008000                        _estack = (ORIGIN (RAM1) + LENGTH (RAM1))
                0x00000200                        _Min_Heap_Size = 0x200
                0x00000400                        _Min_Stack_Size = 0x400

.isr_vector     0x08000000      0x138
                0x08000000                        . = ALIGN (0x8)
 *(.isr_vector)
 .isr_vector    0x08000000      0x138 build/master/startup_stm32wle5xx.o
                0x08000000                g_pfnVectors
                0x08000138                        . = ALIGN (0x8)

.text           0x08000140     0x30a0
                0x08000140                        . = ALIGN (0x8)
 *(.text)
 .text          0x08000140       0x88 /usr/lib/gcc/arm-none-eabi/13.2.1/thumb/v7e-m/nofp/crtbegin.o
 .text          0x080001c8       0xec /usr/lib/gcc/arm-none-eabi/13.2.1/../../../arm-none-eabi/lib/thumb/v7e-m/nofp/libc_nano.a(libc_a-vsnprintf.o)
                0x080001c8                vsnprintf
                0x080001c8                vsniprintf
                0x08000240                _vsnprintf_r
                0x08000240                _vsniprintf_r
 .text          0x080002b4      0x400 /usr/lib/gcc/arm-none-eabi/13.2.1/../../../arm-none-eabi/lib/thumb/v7e-m/nofp/libc_nano.a(libc_a-nano-svfprintf.o)
                0x080002b4                __ssputs_r
                0x08000374                __ssprint_r
                0x0800047c                _svfprintf_r
                0x0800047c                _svfiprintf_r
 .text          0x080006b4       0x50 /usr/lib/gcc/arm-none-eabi/13.2.1/../../../arm-none-eabi/lib/thumb/v7e-m/nofp/libc_nano.a(libc_a-init.o)
                0x080006b4                __libc_init_array
 .text          0x08000704       0xa4 /usr/lib/gcc/arm-none-eabi/13.2.1/../../../arm-none-eabi/lib/thumb/v7e-m/nofp/libc_nano.a(libc_a-memset.o)
                0x08000704                memset
 .text          0x080007a8      0x148 /usr/lib/gcc/arm-none-eabi/13.2.1/../../../arm-none-eabi/lib/thumb/v7e-m/nofp/libc_nano.a(libc_a-mallocr.o)
                0x080007f0                _malloc_r
 .text          0x080008f0       0xbc /usr/lib/gcc/arm-none-eabi/13.2.1/../../../arm-none-eabi/lib/thumb/v7e-m/nofp/libc_nano.a(libc_a-freer.o)
                0x080008f0                _free_r
 .text          0x080009ac      0x100 /usr/lib/gcc/arm-none-eabi/13.2.1/../../../arm-none-eabi/lib/thumb/v7e-m/nofp/libc_nano.a(libc_a-memmove.o)
                0x080009ac                memmove
 *fill*         0x08000aac        0x4 
 .text          0x08000ab0       0xa0 /usr/lib/gcc/arm-none-eabi/13.2.1/../../../arm-none-eabi/lib/thumb/v7e-m/nofp/libc_nano.a(libc_a-memchr.o)
                0x08000ab0                memchr
 .text          0x08000b50      0x134 /usr/lib/gcc/arm-none-eabi/13.2.1/../../../arm-none-eabi/lib/thumb/v7e-m/nofp/libc_nano.a(libc_a-memcpy.o)
                0x08000b50                memcpy
 .text          0x08000c84       0x64 /usr/lib/gcc/arm-none-eabi/13.2.1/../../../arm-none-eabi/lib/thumb/v7e-m/nofp/libc_nano.a(libc_a-reallocr.o)
                0x08000c84                _realloc_r
 .text          0x08000ce8      0x3a8 /usr/lib/gcc/arm-none-eabi/13.2.1/../../../arm-none-eabi/lib/thumb/v7e-m/nofp/libc_nano.a(libc_a-nano-vfprintf_i.o)
                0x08000ce8                _printf_common
                0x08000e0c                _printf_i
 .text          0x08001090        0x8 /usr/lib/gcc/arm-none-eabi/13.2.1/../../../arm-none-eabi/lib/thumb/v7e-m/nofp/libc_nano.a(libc_a-mlock.o)
                0x08001090                __malloc_lock
                0x08001094                __malloc_unlock
 .text          0x08001098       0x24 /usr/lib/gcc/arm-none-eabi/13.2.1/../../../arm-none-eabi/lib/thumb/v7e-m/nofp/libc_nano.a(libc_a-sbrkr.o)
                0x08001098                _sbrk_r
 .text          0x080010bc       0x10 /usr/lib/gcc/arm-none-eabi/13.2.1/../../../arm-none-eabi/lib/thumb/v7e-m/nofp/libc_nano.a(libc_a-msizer.o)
                0x080010bc                _malloc_usable_size_r
 .text          0x080010cc       0x1c /usr/lib/gcc/arm-none-eabi/13.2.1/../../../arm-none-eabi/lib/thumb/v7e-m/nofp/libnosys.a(sbrk.o)
                0x080010cc                _sbrk
 .text          0x080010e8       0x30 /usr/lib/gcc/arm-none-eabi/13.2.1/thumb/v7e-m/nofp/libgcc.a(_aeabi_uldivmod.o)
                0x080010e8                __aeabi_uldivmod
 .text          0x08001118      0x2bc /usr/lib/gcc/arm-none-eabi/13.2.1/thumb/v7e-m/nofp/libgcc.a(_udivmoddi4.o)
                0x08001118                __udivmoddi4
 .text          0x080013d4        0x4 /usr/lib/gcc/arm-none-eabi/13.2.1/thumb/v7e-m/nofp/libgcc.a(_dvmd_tls.o)
                0x080013d4                __aeabi_ldiv0
                0x080013d4                __aeabi_idiv0
 *(.text*)
 .text.SystemInit
                0x080013d8        0x2 build/master/system_stm32wlxx.o
                0x080013d8                SystemInit
 .text.HAL_MspInit
                0x080013da        0x2 build/master/stm32wlxx_hal.o
                0x080013da                HAL_MspInit
 .text.HAL_InitTick
                0x080013dc       0x4c build/master/stm32wlxx_hal.o
                0x080013dc                HAL_InitTick
 .text.HAL_Init
                0x08001428       0x2c build/master/stm32wlxx_hal.o
                0x08001428                HAL_Init
 .text.HAL_GetTick
                0x08001454        0xc build/master/stm32wlxx_hal.o
                0x08001454                HAL_GetTick
 .text.HAL_Delay
                0x08001460       0x28 build/master/stm32wlxx_hal.o
                0x08001460                HAL_Delay
 .text.HAL_NVIC_SetPriorityGrouping
                0x08001488       0x24 build/master/stm32wlxx_hal_cortex.o
                0x08001488                HAL_NVIC_SetPriorityGrouping
 .text.HAL_NVIC_SetPriority
                0x080014ac       0x64 build/master/stm32wlxx_hal_cortex.o
                0x080014ac                HAL_NVIC_SetPriority
 .text.HAL_NVIC_EnableIRQ
                0x08001510       0x1c build/master/stm32wlxx_hal_cortex.o
                0x08001510                HAL_NVIC_EnableIRQ
 .text.HAL_SYSTICK_Config
                0x0800152c       0x28 build/master/stm32wlxx_hal_cortex.o
                0x0800152c                HAL_SYSTICK_Config
 .text.LL_RCC_HSE_IsReady
                0x08001554        0xc build/master/stm32wlxx_hal_rcc.o
 .text.LL_RCC_MSI_IsReady
                0x08001560        0xc build/master/stm32wlxx_hal_rcc.o
 .text.LL_RCC_MSI_SetCalibTrimming
                0x0800156c       0x12 build/master/stm32wlxx_hal_rcc.o
 .text.LL_RCC_PLL_IsReady
                0x0800157e        0xc build/master/stm32wlxx_hal_rcc.o
 *fill*         0x0800158a        0x2 
 .text.RCC_SetFlashLatencyFromMSIRange
                0x0800158c       0xd4 build/master/stm32wlxx_hal_rcc.o
 .text.HAL_RCC_GetSysClockFreq
                0x08001660       0xdc build/master/stm32wlxx_hal_rcc.o
                0x08001660                HAL_RCC_GetSysClockFreq
 .text.HAL_RCC_GetHCLKFreq
                0x0800173c       0x20 build/master/stm32wlxx_hal_rcc.o
                0x0800173c                HAL_RCC_GetHCLKFreq
 .text.HAL_RCC_OscConfig
                0x0800175c      0x534 build/master/stm32wlxx_hal_rcc.o
                0x0800175c                HAL_RCC_OscConfig
 .text.HAL_RCC_ClockConfig
                0x08001c90      0x1c0 build/master/stm32wlxx_hal_rcc.o
                0x08001c90                HAL_RCC_ClockConfig
 .text.HAL_RCC_GetPCLK1Freq
                0x08001e50       0x20 build/master/stm32wlxx_hal_rcc.o
                0x08001e50                HAL_RCC_GetPCLK1Freq
 .text.HAL_RCC_GetPCLK2Freq
                0x08001e70       0x20 build/master/stm32wlxx_hal_rcc.o
                0x08001e70                HAL_RCC_GetPCLK2Freq
 .text.HAL_GPIO_Init
                0x08001e90      0x158 build/master/stm32wlxx_hal_gpio.o
                0x08001e90                HAL_GPIO_Init
 .text.UART_EndRxTransfer
                0x08001fe8       0x58 build/master/stm32wlxx_hal_uart.o
 .text.HAL_UART_MspInit
                0x08002040        0x2 build/master/stm32wlxx_hal_uart.o
                0x08002040                HAL_UART_MspInit
 *fill*         0x08002042        0x2 
 .text.UART_SetConfig
                0x08002044      0x214 build/master/stm32wlxx_hal_uart.o
                0x08002044                UART_SetConfig
 .text.UART_AdvFeatureConfig
                0x08002258       0xa8 build/master/stm32wlxx_hal_uart.o
                0x08002258                UART_AdvFeatureConfig
 .text.UART_WaitOnFlagUntilTimeout
                0x08002300       0x90 build/master/stm32wlxx_hal_uart.o
                0x08002300                UART_WaitOnFlagUntilTimeout
 .text.HAL_UART_Transmit
                0x08002390       0xb6 build/master/stm32wlxx_hal_uart.o
                0x08002390                HAL_UART_Transmit
 .text.UART_CheckIdleState
                0x08002446       0xb6 build/master/stm32wlxx_hal_uart.o
                0x08002446                UART_CheckIdleState
 .text.HAL_UART_Init
                0x080024fc       0x60 build/master/stm32wlxx_hal_uart.o
                0x080024fc                HAL_UART_Init
 .text.LL_PWR_UnselectSUBGHZSPI_NSS
                0x0800255c       0x14 build/master/stm32wlxx_hal_subghz.o
 .text.LL_PWR_SelectSUBGHZSPI_NSS
                0x08002570       0x14 build/master/stm32wlxx_hal_subghz.o
 .text.HAL_SUBGHZ_MspInit
                0x08002584        0x2 build/master/stm32wlxx_hal_subghz.o
                0x08002584                HAL_SUBGHZ_MspInit
 *fill*         0x08002586        0x2 
 .text.SUBGHZSPI_Init
                0x08002588       0x24 build/master/stm32wlxx_hal_subghz.o
                0x08002588                SUBGHZSPI_Init
 .text.HAL_SUBGHZ_Init
                0x080025ac       0xb8 build/master/stm32wlxx_hal_subghz.o
                0x080025ac                HAL_SUBGHZ_Init
 .text.SUBGHZSPI_Transmit
                0x08002664       0x68 build/master/stm32wlxx_hal_subghz.o
                0x08002664                SUBGHZSPI_Transmit
 .text.SUBGHZSPI_Receive
                0x080026cc       0x6c build/master/stm32wlxx_hal_subghz.o
                0x080026cc                SUBGHZSPI_Receive
 .text.SUBGHZ_WaitOnBusy
                0x08002738       0x44 build/master/stm32wlxx_hal_subghz.o
                0x08002738                SUBGHZ_WaitOnBusy
 .text.SUBGHZ_CheckDeviceReady
                0x0800277c       0x30 build/master/stm32wlxx_hal_subghz.o
                0x0800277c                SUBGHZ_CheckDeviceReady
 .text.HAL_SUBGHZ_ExecSetCmd
                0x080027ac       0x70 build/master/stm32wlxx_hal_subghz.o
                0x080027ac                HAL_SUBGHZ_ExecSetCmd
 .text.HAL_SUBGHZ_ExecGetCmd
                0x0800281c       0x66 build/master/stm32wlxx_hal_subghz.o
                0x0800281c                HAL_SUBGHZ_ExecGetCmd
 .text.HAL_SUBGHZ_WriteBuffer
                0x08002882       0x66 build/master/stm32wlxx_hal_subghz.o
                0x08002882                HAL_SUBGHZ_WriteBuffer
 .text.HAL_SUBGHZ_ReadBuffer
                0x080028e8       0x6e build/master/stm32wlxx_hal_subghz.o
                0x080028e8                HAL_SUBGHZ_ReadBuffer
 *fill*         0x08002956        0x2 
 .text.HAL_PWR_EnableBkUpAccess
                0x08002958       0x10 build/master/stm32wlxx_hal_pwr.o
                0x08002958                HAL_PWR_EnableBkUpAccess
 .text.HAL_PWREx_GetVoltageRange
                0x08002968       0x10 build/master/stm32wlxx_hal_pwr_ex.o
                0x08002968                HAL_PWREx_GetVoltageRange
 .text.LL_AHB2_GRP1_EnableClock
                0x08002978       0x18 build/master/hw_init.o
 .text.hw_init  0x08002990       0xb4 build/master/hw_init.o
                0x08002990                hw_init
 .text.sx_cmd1  0x08002a44       0x20 build/master/lora_p2p.o
 .text.sx_set_pkt_params
                0x08002a64       0x38 build/master/lora_p2p.o
 .text.lora_p2p_init
                0x08002a9c      0x1b0 build/master/lora_p2p.o
                0x08002a9c                lora_p2p_init
 .text.lora_p2p_register_rx_callback
                0x08002c4c        0xc build/master/lora_p2p.o
                0x08002c4c                lora_p2p_register_rx_callback
 .text.lora_p2p_register_tx_callback
                0x08002c58        0xc build/master/lora_p2p.o
                0x08002c58                lora_p2p_register_tx_callback
 .text.lora_p2p_register_rx_timeout_callback
                0x08002c64        0xc build/master/lora_p2p.o
                0x08002c64                lora_p2p_register_rx_timeout_callback
 .text.lora_p2p_receive
                0x08002c70       0x44 build/master/lora_p2p.o
                0x08002c70                lora_p2p_receive
 .text.lora_p2p_standby
                0x08002cb4        0xe build/master/lora_p2p.o
                0x08002cb4                lora_p2p_standby
 *fill*         0x08002cc2        0x2 
 .text.lora_p2p_send
                0x08002cc4       0x4c build/master/lora_p2p.o
                0x08002cc4                lora_p2p_send
 .text.lora_p2p_irq_process
                0x08002d10      0x100 build/master/lora_p2p.o
                0x08002d10                lora_p2p_irq_process
 .text.debug_putchar
                0x08002e10       0x20 build/master/uart_debug.o
                0x08002e10                debug_putchar
 .text.debug_printf
                0x08002e30       0x38 build/master/uart_debug.o
                0x08002e30                debug_printf
 .text.debug_println
                0x08002e68       0x44 build/master/uart_debug.o
                0x08002e68                debug_println
 .text.debug_hex_dump
                0x08002eac       0xe0 build/master/uart_debug.o
                0x08002eac                debug_hex_dump
 .text.on_rx_timeout
                0x08002f8c       0x18 build/master/main_master.o
 .text.on_tx_done
                0x08002fa4       0x2c build/master/main_master.o
 .text.on_rx    0x08002fd0       0x4c build/master/main_master.o
 .text.startup.main
                0x0800301c      0x154 build/master/main_master.o
                0x0800301c                main
 .text.SUBGHZ_Radio_IRQHandler
                0x08003170        0x4 build/master/main_master.o
                0x08003170                SUBGHZ_Radio_IRQHandler
 .text.Reset_Handler
                0x08003174       0x50 build/master/startup_stm32wle5xx.o
                0x08003174                Reset_Handler
 .text.Default_Handler
                0x080031c4        0x2 build/master/startup_stm32wle5xx.o
                0x080031c4                RTC_Alarm_IRQHandler
                0x080031c4                EXTI2_IRQHandler
                0x080031c4                DebugMon_Handler
                0x080031c4                TIM1_CC_IRQHandler
                0x080031c4                HardFault_Handler
                0x080031c4                SysTick_Handler
                0x080031c4                PendSV_Handler
                0x080031c4                NMI_Handler
                0x080031c4                EXTI3_IRQHandler
                0x080031c4                LPTIM2_IRQHandler
                0x080031c4                I2C3_ER_IRQHandler
                0x080031c4                LPTIM3_IRQHandler
                0x080031c4                EXTI0_IRQHandler
                0x080031c4                I2C2_EV_IRQHandler
                0x080031c4                UsageFault_Handler
                0x080031c4                TAMP_STAMP_LSECSS_SSRU_IRQHandler
                0x080031c4                SPI1_IRQHandler
                0x080031c4                DMA2_Channel2_IRQHandler
                0x080031c4                DMA1_Channel4_IRQHandler
                0x080031c4                PKA_IRQHandler
                0x080031c4                TIM17_IRQHandler
                0x080031c4                DMA1_Channel7_IRQHandler
                0x080031c4                SUBGHZSPI_IRQHandler
                0x080031c4                DMA2_Channel1_IRQHandler
                0x080031c4                I2C1_EV_IRQHandler
                0x080031c4                DMAMUX1_OVR_IRQHandler
                0x080031c4                DMA1_Channel6_IRQHandler
                0x080031c4                TIM16_IRQHandler
                0x080031c4                DMA2_Channel4_IRQHandler
                0x080031c4                RCC_IRQHandler
                0x080031c4                TIM1_TRG_COM_IRQHandler
                0x080031c4                DMA1_Channel1_IRQHandler
                0x080031c4                Default_Handler
                0x080031c4                DMA2_Channel7_IRQHandler
                0x080031c4                EXTI15_10_IRQHandler
                0x080031c4                ADC_IRQHandler
                0x080031c4                I2C3_EV_IRQHandler
                0x080031c4                EXTI9_5_IRQHandler
                0x080031c4                RTC_WKUP_IRQHandler
                0x080031c4                PVD_PVM_IRQHandler
                0x080031c4                SPI2_IRQHandler
                0x080031c4                MemManage_Handler
                0x080031c4                SVC_Handler
                0x080031c4                DMA2_Channel5_IRQHandler
                0x080031c4                DMA1_Channel5_IRQHandler
                0x080031c4                EXTI4_IRQHandler
                0x080031c4                RNG_IRQHandler
                0x080031c4                DMA1_Channel3_IRQHandler
                0x080031c4                COMP_IRQHandler
                0x080031c4                HSEM_IRQHandler
                0x080031c4                TIM1_UP_IRQHandler
                0x080031c4                WWDG_IRQHandler
                0x080031c4                LPUART1_IRQHandler
                0x080031c4                DMA2_Channel6_IRQHandler
                0x080031c4                TIM2_IRQHandler
                0x080031c4                TIM1_BRK_IRQHandler
                0x080031c4                DAC_IRQHandler
                0x080031c4                EXTI1_IRQHandler
                0x080031c4                AES_IRQHandler
                0x080031c4                USART2_IRQHandler
                0x080031c4                I2C2_ER_IRQHandler
                0x080031c4                DMA1_Channel2_IRQHandler
                0x080031c4                FLASH_IRQHandler
                0x080031c4                BusFault_Handler
                0x080031c4                USART1_IRQHandler
                0x080031c4                I2C1_ER_IRQHandler
                0x080031c4                LPTIM1_IRQHandler
                0x080031c4                DMA2_Channel3_IRQHandler
 *(.glue_7)
 .glue_7        0x080031c6        0x0 linker stubs
 *(.glue_7t)
 .glue_7t       0x080031c6        0x0 linker stubs
 *(.eh_frame)
 *fill*         0x080031c6        0x2 
 .eh_frame      0x080031c8        0x0 /usr/lib/gcc/arm-none-eabi/13.2.1/thumb/v7e-m/nofp/crtbegin.o
 *(.init)
 .init          0x080031c8        0x4 /usr/lib/gcc/arm-none-eabi/13.2.1/thumb/v7e-m/nofp/crti.o
                0x080031c8                _init
 .init          0x080031cc        0x8 /usr/lib/gcc/arm-none-eabi/13.2.1/thumb/v7e-m/nofp/crtn.o
 *(.fini)
 .fini          0x080031d4        0x4 /usr/lib/gcc/arm-none-eabi/13.2.1/thumb/v7e-m/nofp/crti.o
                0x080031d4                _fini
 .fini          0x080031d8        0x8 /usr/lib/gcc/arm-none-eabi/13.2.1/thumb/v7e-m/nofp/crtn.o
                0x080031e0                        . = ALIGN (0x8)
                0x080031e0                        _etext = .

.vfp11_veneer   0x080031e0        0x0
 .vfp11_veneer  0x080031e0        0x0 linker stubs

.v4_bx          0x080031e0        0x0
 .v4_bx         0x080031e0        0x0 linker stubs

.iplt           0x080031e0        0x0
 .iplt          0x080031e0        0x0 /usr/lib/gcc/arm-none-eabi/13.2.1/thumb/v7e-m/nofp/crtbegin.o

.rodata         0x080031e0      0x438
                0x080031e0                        . = ALIGN (0x8)
 *(.rodata)
 .rodata        0x080031e0        0xc build/master/stm32wlxx_hal_rcc.o
 *(.rodata*)
 .rodata.MSIRangeTable
                0x080031ec       0x40 build/master/system_stm32wlxx.o
                0x080031ec                MSIRangeTable
 .rodata.APBPrescTable
                0x0800322c       0x20 build/master/system_stm32wlxx.o
                0x0800322c                APBPrescTable
 .rodata.AHBPrescTable
                0x0800324c       0x40 build/master/system_stm32wlxx.o
                0x0800324c                AHBPrescTable
 .rodata.UARTPrescTable
                0x0800328c       0x18 build/master/stm32wlxx_hal_uart.o
                0x0800328c                UARTPrescTable
 .rodata.lora_p2p_send.str1.1
                0x080032a4      0x316 build/master/lora_p2p.o
                                  0x3 (size before relaxing)
 .rodata.debug_hex_dump.str1.1
                0x080035ba       0xdf build/master/uart_debug.o
 .rodata.hex.0  0x080035ba       0x11 build/master/uart_debug.o
 .rodata.on_rx_timeout.str1.1
                0x080035cb       0x1d build/master/main_master.o
 .rodata.on_tx_done.str1.1
                0x080035cb       0x22 build/master/main_master.o
 .rodata.on_rx.str1.1
                0x080035cb       0x40 build/master/main_master.o
 .rodata.main.str1.1
                0x080035cb      0x1bd build/master/main_master.o
 *fill*         0x080035cb        0x1 
 .rodata.master_cfg
                0x080035cc        0xc build/master/main_master.o
 .rodata.str1.4
                0x080035d8       0x39 /usr/lib/gcc/arm-none-eabi/13.2.1/../../../arm-none-eabi/lib/thumb/v7e-m/nofp/libc_nano.a(libc_a-nano-svfprintf.o)
                                 0x13 (size before relaxing)
 .rodata.str1.4
                0x08003611       0x25 /usr/lib/gcc/arm-none-eabi/13.2.1/../../../arm-none-eabi/lib/thumb/v7e-m/nofp/libc_nano.a(libc_a-nano-vfprintf_i.o)
                0x08003638                        . = ALIGN (0x8)
 *fill*         0x08003611        0x7 

.ARM.extab      0x08003618        0x0
                0x08003618                        . = ALIGN (0x8)
 *(.ARM.extab* .gnu.linkonce.armextab.*)
                0x08003618                        . = ALIGN (0x8)

.ARM            0x08003618        0x8
                0x08003618                        . = ALIGN (0x8)
                0x08003618                        __exidx_start = .
 *(.ARM.exidx*)
 .ARM.exidx     0x08003618        0x8 /usr/lib/gcc/arm-none-eabi/13.2.1/../../../arm-none-eabi/lib/thumb/v7e-m/nofp/libc_nano.a(libc_a-memchr.o)
 .ARM.exidx     0x08003620        0x0 /usr/lib/gcc/arm-none-eabi/13.2.1/../../../arm-none-eabi/lib/thumb/v7e-m/nofp/libc_nano.a(libc_a-memcpy.o)
                                  0x8 (size before relaxing)
 .ARM.exidx     0x08003620        0x0 /usr/lib/gcc/arm-none-eabi/13.2.1/thumb/v7e-m/nofp/libgcc.a(_udivmoddi4.o)
                                  0x8 (size before relaxing)
                0x08003620                        __exidx_end = .
                0x08003620                        . = ALIGN (0x8)

.rel.dyn        0x08003620        0x0
 .rel.iplt      0x08003620        0x0 /usr/lib/gcc/arm-none-eabi/13.2.1/thumb/v7e-m/nofp/crtbegin.o

.preinit_array  0x08003620        0x0
                0x08003620                        . = ALIGN (0x8)
                0x08003620                        PROVIDE (__preinit_array_start = .)
 *(.preinit_array*)
                0x08003620                        PROVIDE (__preinit_array_end = .)
                0x08003620                        . = ALIGN (0x8)

.init_array     0x08003620        0x8
                0x08003620                        . = ALIGN (0x8)
                0x08003620                        PROVIDE (__init_array_start = .)
 *(SORT_BY_NAME(.init_array.*))
 *(.init_array*)
 .init_array    0x08003620        0x4 /usr/lib/gcc/arm-none-eabi/13.2.1/thumb/v7e-m/nofp/crtbegin.o
                0x08003624                        PROVIDE (__init_array_end = .)
                0x08003628                        . = ALIGN (0x8)
 *fill*         0x08003624        0x4 

.fini_array     0x08003628        0x8
                0x08003628                        . = ALIGN (0x8)
                0x08003628                        PROVIDE (__fini_array_start = .)
 *(SORT_BY_NAME(.fini_array.*))
 *(.fini_array*)
 .fini_array    0x08003628        0x4 /usr/lib/gcc/arm-none-eabi/13.2.1/thumb/v7e-m/nofp/crtbegin.o
                0x0800362c                        PROVIDE (__fini_array_end = .)
                0x08003630                        . = ALIGN (0x8)
 *fill*         0x0800362c        0x4 
                0x08003630                        _sidata = LOADADDR (.data)

.data           0x20000000       0x60 load address 0x08003630
                0x20000000                        . = ALIGN (0x8)
                0x20000000                        _sdata = .
 *(.data)
 .data          0x20000000       0x50 /usr/lib/gcc/arm-none-eabi/13.2.1/../../../arm-none-eabi/lib/thumb/v7e-m/nofp/libc_nano.a(libc_a-impure.o)
                0x20000000                _impure_ptr
                0x20000004                _impure_data
 *(.data*)
 .data.SystemCoreClock
                0x20000050        0x4 build/master/system_stm32wlxx.o
                0x20000050                SystemCoreClock
 .data.uwTickFreq
                0x20000054        0x1 build/master/stm32wlxx_hal.o
                0x20000054                uwTickFreq
 *fill*         0x20000055        0x3 
 .data.uwTickPrio
                0x20000058        0x4 build/master/stm32wlxx_hal.o
                0x20000058                uwTickPrio
                0x20000060                        . = ALIGN (0x8)
 *fill*         0x2000005c        0x4 
                0x20000060                        _edata = .

.tm_clone_table
                0x20000060        0x0 load address 0x08003690
 .tm_clone_table
                0x20000060        0x0 /usr/lib/gcc/arm-none-eabi/13.2.1/thumb/v7e-m/nofp/crtbegin.o
 .tm_clone_table
                0x20000060        0x0 /usr/lib/gcc/arm-none-eabi/13.2.1/thumb/v7e-m/nofp/crtend.o

.igot.plt       0x20000060        0x0 load address 0x08003690
 .igot.plt      0x20000060        0x0 /usr/lib/gcc/arm-none-eabi/13.2.1/thumb/v7e-m/nofp/crtbegin.o
                0x20000060                        . = ALIGN (0x8)

.bss            0x20000060      0x338 load address 0x08003690
                0x20000060                        _sbss = .
                0x20000060                        __bss_start__ = _sbss
 *(.bss)
 .bss           0x20000060       0x1c /usr/lib/gcc/arm-none-eabi/13.2.1/thumb/v7e-m/nofp/crtbegin.o
 .bss           0x2000007c        0x8 /usr/lib/gcc/arm-none-eabi/13.2.1/../../../arm-none-eabi/lib/thumb/v7e-m/nofp/libc_nano.a(libc_a-mallocr.o)
                0x2000007c                __malloc_sbrk_start
                0x20000080                __malloc_free_list
 .bss           0x20000084      0x13c /usr/lib/gcc/arm-none-eabi/13.2.1/../../../arm-none-eabi/lib/thumb/v7e-m/nofp/libc_nano.a(libc_a-findfp.o)
                0x20000084                __sf
                0x200001bc                __stdio_exit_handler
 .bss           0x200001c0        0x4 /usr/lib/gcc/arm-none-eabi/13.2.1/../../../arm-none-eabi/lib/thumb/v7e-m/nofp/libc_nano.a(libc_a-reent.o)
                0x200001c0                errno
 .bss           0x200001c4        0x4 /usr/lib/gcc/arm-none-eabi/13.2.1/../../../arm-none-eabi/lib/thumb/v7e-m/nofp/libnosys.a(sbrk.o)
 *(.bss*)
 .bss.uwTick    0x200001c8        0x4 build/master/stm32wlxx_hal.o
                0x200001c8                uwTick
 .bss.huart2    0x200001cc       0x94 build/master/hw_init.o
                0x200001cc                huart2
 .bss.s_rx_buf  0x20000260      0x100 build/master/lora_p2p.o
 .bss.s_irq_pending
                0x20000360        0x1 build/master/lora_p2p.o
 *fill*         0x20000361        0x3 
 .bss.s_rx_error_cb
                0x20000364        0x4 build/master/lora_p2p.o
 .bss.s_rx_timeout_cb
                0x20000368        0x4 build/master/lora_p2p.o
 .bss.s_tx_cb   0x2000036c        0x4 build/master/lora_p2p.o
 .bss.s_rx_cb   0x20000370        0x4 build/master/lora_p2p.o
 .bss.s_cfg     0x20000374        0xc build/master/lora_p2p.o
 .bss.s_hsubghz
                0x20000380        0xc build/master/lora_p2p.o
 .bss.last_tx_tick.0
                0x2000038c        0x4 build/master/main_master.o
 .bss.rx_done   0x20000390        0x1 build/master/main_master.o
 *(COMMON)
                0x20000398                        . = ALIGN (0x8)
 *fill*         0x20000391        0x7 
                0x20000398                        _ebss = .
                0x20000398                        __bss_end__ = _ebss
                0x20000398                        . = ALIGN (0x8)

RAM1_region     0x20000398        0x0 load address 0x08003690
                0x20000398                        _sRAM1_region = .
 *(.RAM1_region)
                0x20000398                        . = ALIGN (0x8)
                0x20000398                        _eRAM1_region = .
                0x20000398                        . = ALIGN (0x8)

RAM2_region     0x20008000        0x0
                0x20008000                        _sRAM2_region = .
 *(.RAM2_region)
                0x20008000                        . = ALIGN (0x8)
                0x20008000                        _eRAM2_region = .

._user_heap_stack
                0x20000398      0x600
                0x20000398                        . = ALIGN (0x8)
                0x20000398                        PROVIDE (end = .)
                [!provide]                        PROVIDE (_end = .)
                0x20000598                        . = (. + _Min_Heap_Size)
 *fill*         0x20000398      0x200 
                0x20000998                        . = (. + _Min_Stack_Size)
 *fill*         0x20000598      0x400 
                0x20000998                        . = ALIGN (0x8)

/DISCARD/
 libc.a(*)
 libm.a(*)
 libgcc.a(*)

.ARM.attributes
                0x00000000       0x2a
 *(.ARM.attributes)
 .ARM.attributes
                0x00000000       0x1e /usr/lib/gcc/arm-none-eabi/13.2.1/thumb/v7e-m/nofp/crti.o
 .ARM.attributes
                0x0000001e       0x2e /usr/lib/gcc/arm-none-eabi/13.2.1/thumb/v7e-m/nofp/crtbegin.o
 .ARM.attributes
                0x0000004c       0x2e build/master/system_stm32wlxx.o
 .ARM.attributes
                0x0000007a       0x2e build/master/stm32wlxx_hal.o
 .ARM.attributes
                0x000000a8       0x2e build/master/stm32wlxx_hal_cortex.o
 .ARM.attributes
                0x000000d6       0x2e build/master/stm32wlxx_hal_rcc.o
 .ARM.attributes
                0x00000104       0x2e build/master/stm32wlxx_hal_gpio.o
 .ARM.attributes
                0x00000132       0x2e build/master/stm32wlxx_hal_uart.o
 .ARM.attributes
                0x00000160       0x2e build/master/stm32wlxx_hal_subghz.o
 .ARM.attributes
                0x0000018e       0x2e build/master/stm32wlxx_hal_pwr.o
 .ARM.attributes
                0x000001bc       0x2e build/master/stm32wlxx_hal_pwr_ex.o
 .ARM.attributes
                0x000001ea       0x2e build/master/hw_init.o
 .ARM.attributes
                0x00000218       0x2e build/master/lora_p2p.o
 .ARM.attributes
                0x00000246       0x2e build/master/uart_debug.o
 .ARM.attributes
                0x00000274       0x2e build/master/main_master.o
 .ARM.attributes
                0x000002a2       0x21 build/master/startup_stm32wle5xx.o
 .ARM.attributes
                0x000002c3       0x2e /usr/lib/gcc/arm-none-eabi/13.2.1/../../../arm-none-eabi/lib/thumb/v7e-m/nofp/libc_nano.a(libc_a-vsnprintf.o)
 .ARM.attributes
                0x000002f1       0x2e /usr/lib/gcc/arm-none-eabi/13.2.1/../../../arm-none-eabi/lib/thumb/v7e-m/nofp/libc_nano.a(libc_a-impure.o)
 .ARM.attributes
                0x0000031f       0x2e /usr/lib/gcc/arm-none-eabi/13.2.1/../../../arm-none-eabi/lib/thumb/v7e-m/nofp/libc_nano.a(libc_a-nano-svfprintf.o)
 .ARM.attributes
                0x0000034d       0x2e /usr/lib/gcc/arm-none-eabi/13.2.1/../../../arm-none-eabi/lib/thumb/v7e-m/nofp/libc_nano.a(libc_a-init.o)
 .ARM.attributes
                0x0000037b       0x2e /usr/lib/gcc/arm-none-eabi/13.2.1/../../../arm-none-eabi/lib/thumb/v7e-m/nofp/libc_nano.a(libc_a-memset.o)
 .ARM.attributes
                0x000003a9       0x2e /usr/lib/gcc/arm-none-eabi/13.2.1/../../../arm-none-eabi/lib/thumb/v7e-m/nofp/libc_nano.a(libc_a-mallocr.o)
 .ARM.attributes
                0x000003d7       0x2e /usr/lib/gcc/arm-none-eabi/13.2.1/../../../arm-none-eabi/lib/thumb/v7e-m/nofp/libc_nano.a(libc_a-freer.o)
 .ARM.attributes
                0x00000405       0x2e /usr/lib/gcc/arm-none-eabi/13.2.1/../../../arm-none-eabi/lib/thumb/v7e-m/nofp/libc_nano.a(libc_a-memmove.o)
 .ARM.attributes
                0x00000433       0x1c /usr/lib/gcc/arm-none-eabi/13.2.1/../../../arm-none-eabi/lib/thumb/v7e-m/nofp/libc_nano.a(libc_a-memchr.o)
 .ARM.attributes
                0x0000044f       0x1c /usr/lib/gcc/arm-none-eabi/13.2.1/../../../arm-none-eabi/lib/thumb/v7e-m/nofp/libc_nano.a(libc_a-memcpy.o)
 .ARM.attributes
                0x0000046b       0x2e /usr/lib/gcc/arm-none-eabi/13.2.1/../../../arm-none-eabi/lib/thumb/v7e-m/nofp/libc_nano.a(libc_a-reallocr.o)
 .ARM.attributes
                0x00000499       0x2e /usr/lib/gcc/arm-none-eabi/13.2.1/../../../arm-none-eabi/lib/thumb/v7e-m/nofp/libc_nano.a(libc_a-nano-vfprintf_i.o)
 .ARM.attributes
                0x000004c7       0x2e /usr/lib/gcc/arm-none-eabi/13.2.1/../../../arm-none-eabi/lib/thumb/v7e-m/nofp/libc_nano.a(libc_a-mlock.o)
 .ARM.attributes
                0x000004f5       0x2e /usr/lib/gcc/arm-none-eabi/13.2.1/../../../arm-none-eabi/lib/thumb/v7e-m/nofp/libc_nano.a(libc_a-sbrkr.o)
 .ARM.attributes
                0x00000523       0x2e /usr/lib/gcc/arm-none-eabi/13.2.1/../../../arm-none-eabi/lib/thumb/v7e-m/nofp/libc_nano.a(libc_a-msizer.o)
 .ARM.attributes
                0x00000551       0x2e /usr/lib/gcc/arm-none-eabi/13.2.1/../../../arm-none-eabi/lib/thumb/v7e-m/nofp/libc_nano.a(libc_a-findfp.o)
 .ARM.attributes
                0x0000057f       0x2e /usr/lib/gcc/arm-none-eabi/13.2.1/../../../arm-none-eabi/lib/thumb/v7e-m/nofp/libc_nano.a(libc_a-reent.o)
 .ARM.attributes
                0x000005ad       0x2e /usr/lib/gcc/arm-none-eabi/13.2.1/../../../arm-none-eabi/lib/thumb/v7e-m/nofp/libnosys.a(sbrk.o)
 .ARM.attributes
                0x000005db       0x1e /usr/lib/gcc/arm-none-eabi/13.2.1/thumb/v7e-m/nofp/libgcc.a(_aeabi_uldivmod.o)
 .ARM.attributes
                0x000005f9       0x2e /usr/lib/gcc/arm-none-eabi/13.2.1/thumb/v7e-m/nofp/libgcc.a(_udivmoddi4.o)
 .ARM.attributes
                0x00000627       0x1e /usr/lib/gcc/arm-none-eabi/13.2.1/thumb/v7e-m/nofp/libgcc.a(_dvmd_tls.o)
 .ARM.attributes
                0x00000645       0x2e /usr/lib/gcc/arm-none-eabi/13.2.1/thumb/v7e-m/nofp/crtend.o
 .ARM.attributes
                0x00000673       0x1e /usr/lib/gcc/arm-none-eabi/13.2.1/thumb/v7e-m/nofp/crtn.o
OUTPUT(build/master/master_firmware.elf elf32-littlearm)
LOAD linker stubs
LOAD /usr/lib/gcc/arm-none-eabi/13.2.1/../../../arm-none-eabi/lib/thumb/v7e-m/nofp/libc.a
LOAD /usr/lib/gcc/arm-none-eabi/13.2.1/../../../arm-none-eabi/lib/thumb/v7e-m/nofp/libm.a
LOAD /usr/lib/gcc/arm-none-eabi/13.2.1/thumb/v7e-m/nofp/libgcc.a

.comment        0x00000000       0x26
 .comment       0x00000000       0x26 /usr/lib/gcc/arm-none-eabi/13.2.1/thumb/v7e-m/nofp/crtbegin.o
                                 0x27 (size before relaxing)
 .comment       0x00000026       0x27 build/master/system_stm32wlxx.o
 .comment       0x00000026       0x27 build/master/stm32wlxx_hal.o
 .comment       0x00000026       0x27 build/master/stm32wlxx_hal_cortex.o
 .comment       0x00000026       0x27 build/master/stm32wlxx_hal_rcc.o
 .comment       0x00000026       0x27 build/master/stm32wlxx_hal_gpio.o
 .comment       0x00000026       0x27 build/master/stm32wlxx_hal_uart.o
 .comment       0x00000026       0x27 build/master/stm32wlxx_hal_subghz.o
 .comment       0x00000026       0x27 build/master/stm32wlxx_hal_pwr.o
 .comment       0x00000026       0x27 build/master/stm32wlxx_hal_pwr_ex.o
 .comment       0x00000026       0x27 build/master/hw_init.o
 .comment       0x00000026       0x27 build/master/lora_p2p.o
 .comment       0x00000026       0x27 build/master/uart_debug.o
 .comment       0x00000026       0x27 build/master/main_master.o
 .comment       0x00000026       0x27 /usr/lib/gcc/arm-none-eabi/13.2.1/../../../arm-none-eabi/lib/thumb/v7e-m/nofp/libc_nano.a(libc_a-vsnprintf.o)
 .comment       0x00000026       0x27 /usr/lib/gcc/arm-none-eabi/13.2.1/../../../arm-none-eabi/lib/thumb/v7e-m/nofp/libc_nano.a(libc_a-impure.o)
 .comment       0x00000026       0x27 /usr/lib/gcc/arm-none-eabi/13.2.1/../../../arm-none-eabi/lib/thumb/v7e-m/nofp/libc_nano.a(libc_a-nano-svfprintf.o)
 .comment       0x00000026       0x27 /usr/lib/gcc/arm-none-eabi/13.2.1/../../../arm-none-eabi/lib/thumb/v7e-m/nofp/libc_nano.a(libc_a-init.o)
 .comment       0x00000026       0x27 /usr/lib/gcc/arm-none-eabi/13.2.1/../../../arm-none-eabi/lib/thumb/v7e-m/nofp/libc_nano.a(libc_a-memset.o)
 .comment       0x00000026       0x27 /usr/lib/gcc/arm-none-eabi/13.2.1/../../../arm-none-eabi/lib/thumb/v7e-m/nofp/libc_nano.a(libc_a-mallocr.o)
 .comment       0x00000026       0x27 /usr/lib/gcc/arm-none-eabi/13.2.1/../../../arm-none-eabi/lib/thumb/v7e-m/nofp/libc_nano.a(libc_a-freer.o)
 .comment       0x00000026       0x27 /usr/lib/gcc/arm-none-eabi/13.2.1/../../../arm-none-eabi/lib/thumb/v7e-m/nofp/libc_nano.a(libc_a-memmove.o)
 .comment       0x00000026       0x27 /usr/lib/gcc/arm-none-eabi/13.2.1/../../../arm-none-eabi/lib/thumb/v7e-m/nofp/libc_nano.a(libc_a-reallocr.o)
 .comment       0x00000026       0x27 /usr/lib/gcc/arm-none-eabi/13.2.1/../../../arm-none-eabi/lib/thumb/v7e-m/nofp/libc_nano.a(libc_a-nano-vfprintf_i.o)
 .comment       0x00000026       0x27 /usr/lib/gcc/arm-none-eabi/13.2.1/../../../arm-none-eabi/lib/thumb/v7e-m/nofp/libc_nano.a(libc_a-mlock.o)
 .comment       0x00000026       0x27 /usr/lib/gcc/arm-none-eabi/13.2.1/../../../arm-none-eabi/lib/thumb/v7e-m/nofp/libc_nano.a(libc_a-sbrkr.o)
 .comment       0x00000026       0x27 /usr/lib/gcc/arm-none-eabi/13.2.1/../../../arm-none-eabi/lib/thumb/v7e-m/nofp/libc_nano.a(libc_a-msizer.o)
 .comment       0x00000026       0x27 /usr/lib/gcc/arm-none-eabi/13.2.1/../../../arm-none-eabi/lib/thumb/v7e-m/nofp/libc_nano.a(libc_a-findfp.o)
 .comment       0x00000026       0x27 /usr/lib/gcc/arm-none-eabi/13.2.1/../../../arm-none-eabi/lib/thumb/v7e-m/nofp/libc_nano.a(libc_a-reent.o)
 .comment       0x00000026       0x27 /usr/lib/gcc/arm-none-eabi/13.2.1/../../../arm-none-eabi/lib/thumb/v7e-m/nofp/libnosys.a(sbrk.o)
 .comment       0x00000026       0x27 /usr/lib/gcc/arm-none-eabi/13.2.1/thumb/v7e-m/nofp/libgcc.a(_udivmoddi4.o)
 .comment       0x00000026       0x27 /usr/lib/gcc/arm-none-eabi/13.2.1/thumb/v7e-m/nofp/crtend.o

.debug_info     0x00000000    0x1981e
 .debug_info    0x00000000      0x415 build/master/system_stm32wlxx.o
 .debug_info    0x00000415     0x1241 build/master/stm32wlxx_hal.o
 .debug_info    0x00001656      0xf7a build/master/stm32wlxx_hal_cortex.o
 .debug_info    0x000025d0     0x1a8b build/master/stm32wlxx_hal_rcc.o
 .debug_info    0x0000405b      0x68c build/master/stm32wlxx_hal_gpio.o
 .debug_info    0x000046e7     0x62dd build/master/stm32wlxx_hal_uart.o
 .debug_info    0x0000a9c4     0x1aa4 build/master/stm32wlxx_hal_subghz.o
 .debug_info    0x0000c468      0x928 build/master/stm32wlxx_hal_pwr.o
 .debug_info    0x0000cd90      0xe8e build/master/stm32wlxx_hal_pwr_ex.o
 .debug_info    0x0000dc1e      0xfb2 build/master/hw_init.o
 .debug_info    0x0000ebd0     0x1630 build/master/lora_p2p.o
 .debug_info    0x00010200      0xbba build/master/uart_debug.o
 .debug_info    0x00010dba      0x76a build/master/main_master.o
 .debug_info    0x00011524      0x95a /usr/lib/gcc/arm-none-eabi/13.2.1/../../../arm-none-eabi/lib/thumb/v7e-m/nofp/libc_nano.a(libc_a-vsnprintf.o)
 .debug_info    0x00011e7e      0x70b /usr/lib/gcc/arm-none-eabi/13.2.1/../../../arm-none-eabi/lib/thumb/v7e-m/nofp/libc_nano.a(libc_a-impure.o)
 .debug_info    0x00012589     0x1092 /usr/lib/gcc/arm-none-eabi/13.2.1/../../../arm-none-eabi/lib/thumb/v7e-m/nofp/libc_nano.a(libc_a-nano-svfprintf.o)
 .debug_info    0x0001361b      0x10b /usr/lib/gcc/arm-none-eabi/13.2.1/../../../arm-none-eabi/lib/thumb/v7e-m/nofp/libc_nano.a(libc_a-init.o)
 .debug_info    0x00013726      0x135 /usr/lib/gcc/arm-none-eabi/13.2.1/../../../arm-none-eabi/lib/thumb/v7e-m/nofp/libc_nano.a(libc_a-memset.o)
 .debug_info    0x0001385b      0x9b6 /usr/lib/gcc/arm-none-eabi/13.2.1/../../../arm-none-eabi/lib/thumb/v7e-m/nofp/libc_nano.a(libc_a-mallocr.o)
 .debug_info    0x00014211      0x87f /usr/lib/gcc/arm-none-eabi/13.2.1/../../../arm-none-eabi/lib/thumb/v7e-m/nofp/libc_nano.a(libc_a-freer.o)
 .debug_info    0x00014a90      0x148 /usr/lib/gcc/arm-none-eabi/13.2.1/../../../arm-none-eabi/lib/thumb/v7e-m/nofp/libc_nano.a(libc_a-memmove.o)
 .debug_info    0x00014bd8       0x25 /usr/lib/gcc/arm-none-eabi/13.2.1/../../../arm-none-eabi/lib/thumb/v7e-m/nofp/libc_nano.a(libc_a-memchr.o)
 .debug_info    0x00014bfd       0x33 /usr/lib/gcc/arm-none-eabi/13.2.1/../../../arm-none-eabi/lib/thumb/v7e-m/nofp/libc_nano.a(libc_a-memcpy.o)
 .debug_info    0x00014c30      0x8cd /usr/lib/gcc/arm-none-eabi/13.2.1/../../../arm-none-eabi/lib/thumb/v7e-m/nofp/libc_nano.a(libc_a-reallocr.o)
 .debug_info    0x000154fd      0xdd7 /usr/lib/gcc/arm-none-eabi/13.2.1/../../../arm-none-eabi/lib/thumb/v7e-m/nofp/libc_nano.a(libc_a-nano-vfprintf_i.o)
 .debug_info    0x000162d4      0x71c /usr/lib/gcc/arm-none-eabi/13.2.1/../../../arm-none-eabi/lib/thumb/v7e-m/nofp/libc_nano.a(libc_a-mlock.o)
 .debug_info    0x000169f0      0x778 /usr/lib/gcc/arm-none-eabi/13.2.1/../../../arm-none-eabi/lib/thumb/v7e-m/nofp/libc_nano.a(libc_a-sbrkr.o)
 .debug_info    0x00017168      0x78a /usr/lib/gcc/arm-none-eabi/13.2.1/../../../arm-none-eabi/lib/thumb/v7e-m/nofp/libc_nano.a(libc_a-msizer.o)
 .debug_info    0x000178f2      0xe8c /usr/lib/gcc/arm-none-eabi/13.2.1/../../../arm-none-eabi/lib/thumb/v7e-m/nofp/libc_nano.a(libc_a-findfp.o)
 .debug_info    0x0001877e      0x89f /usr/lib/gcc/arm-none-eabi/13.2.1/../../../arm-none-eabi/lib/thumb/v7e-m/nofp/libc_nano.a(libc_a-reent.o)
 .debug_info    0x0001901d       0xac /usr/lib/gcc/arm-none-eabi/13.2.1/../../../arm-none-eabi/lib/thumb/v7e-m/nofp/libnosys.a(sbrk.o)
 .debug_info    0x000190c9       0x24 /usr/lib/gcc/arm-none-eabi/13.2.1/thumb/v7e-m/nofp/libgcc.a(_aeabi_uldivmod.o)
 .debug_info    0x000190ed      0x6f5 /usr/lib/gcc/arm-none-eabi/13.2.1/thumb/v7e-m/nofp/libgcc.a(_udivmoddi4.o)
 .debug_info    0x000197e2       0x3c /usr/lib/gcc/arm-none-eabi/13.2.1/thumb/v7e-m/nofp/libgcc.a(_dvmd_tls.o)

.debug_abbrev   0x00000000     0x49cf
 .debug_abbrev  0x00000000      0x142 build/master/system_stm32wlxx.o
 .debug_abbrev  0x00000142      0x407 build/master/stm32wlxx_hal.o
 .debug_abbrev  0x00000549      0x378 build/master/stm32wlxx_hal_cortex.o
 .debug_abbrev  0x000008c1      0x459 build/master/stm32wlxx_hal_rcc.o
 .debug_abbrev  0x00000d1a      0x21f build/master/stm32wlxx_hal_gpio.o
 .debug_abbrev  0x00000f39      0x498 build/master/stm32wlxx_hal_uart.o
 .debug_abbrev  0x000013d1      0x411 build/master/stm32wlxx_hal_subghz.o
 .debug_abbrev  0x000017e2      0x25a build/master/stm32wlxx_hal_pwr.o
 .debug_abbrev  0x00001a3c      0x35b build/master/stm32wlxx_hal_pwr_ex.o
 .debug_abbrev  0x00001d97      0x2f4 build/master/hw_init.o
 .debug_abbrev  0x0000208b      0x478 build/master/lora_p2p.o
 .debug_abbrev  0x00002503      0x260 build/master/uart_debug.o
 .debug_abbrev  0x00002763      0x294 build/master/main_master.o
 .debug_abbrev  0x000029f7      0x281 /usr/lib/gcc/arm-none-eabi/13.2.1/../../../arm-none-eabi/lib/thumb/v7e-m/nofp/libc_nano.a(libc_a-vsnprintf.o)
 .debug_abbrev  0x00002c78      0x149 /usr/lib/gcc/arm-none-eabi/13.2.1/../../../arm-none-eabi/lib/thumb/v7e-m/nofp/libc_nano.a(libc_a-impure.o)
 .debug_abbrev  0x00002dc1      0x32f /usr/lib/gcc/arm-none-eabi/13.2.1/../../../arm-none-eabi/lib/thumb/v7e-m/nofp/libc_nano.a(libc_a-nano-svfprintf.o)
 .debug_abbrev  0x000030f0       0xc9 /usr/lib/gcc/arm-none-eabi/13.2.1/../../../arm-none-eabi/lib/thumb/v7e-m/nofp/libc_nano.a(libc_a-init.o)
 .debug_abbrev  0x000031b9       0xb7 /usr/lib/gcc/arm-none-eabi/13.2.1/../../../arm-none-eabi/lib/thumb/v7e-m/nofp/libc_nano.a(libc_a-memset.o)
 .debug_abbrev  0x00003270      0x24a /usr/lib/gcc/arm-none-eabi/13.2.1/../../../arm-none-eabi/lib/thumb/v7e-m/nofp/libc_nano.a(libc_a-mallocr.o)
 .debug_abbrev  0x000034ba      0x249 /usr/lib/gcc/arm-none-eabi/13.2.1/../../../arm-none-eabi/lib/thumb/v7e-m/nofp/libc_nano.a(libc_a-freer.o)
 .debug_abbrev  0x00003703       0xc3 /usr/lib/gcc/arm-none-eabi/13.2.1/../../../arm-none-eabi/lib/thumb/v7e-m/nofp/libc_nano.a(libc_a-memmove.o)
 .debug_abbrev  0x000037c6       0x14 /usr/lib/gcc/arm-none-eabi/13.2.1/../../../arm-none-eabi/lib/thumb/v7e-m/nofp/libc_nano.a(libc_a-memchr.o)
 .debug_abbrev  0x000037da       0x28 /usr/lib/gcc/arm-none-eabi/13.2.1/../../../arm-none-eabi/lib/thumb/v7e-m/nofp/libc_nano.a(libc_a-memcpy.o)
 .debug_abbrev  0x00003802      0x20c /usr/lib/gcc/arm-none-eabi/13.2.1/../../../arm-none-eabi/lib/thumb/v7e-m/nofp/libc_nano.a(libc_a-reallocr.o)
 .debug_abbrev  0x00003a0e      0x284 /usr/lib/gcc/arm-none-eabi/13.2.1/../../../arm-none-eabi/lib/thumb/v7e-m/nofp/libc_nano.a(libc_a-nano-vfprintf_i.o)
 .debug_abbrev  0x00003c92      0x192 /usr/lib/gcc/arm-none-eabi/13.2.1/../../../arm-none-eabi/lib/thumb/v7e-m/nofp/libc_nano.a(libc_a-mlock.o)
 .debug_abbrev  0x00003e24      0x1da /usr/lib/gcc/arm-none-eabi/13.2.1/../../../arm-none-eabi/lib/thumb/v7e-m/nofp/libc_nano.a(libc_a-sbrkr.o)
 .debug_abbrev  0x00003ffe      0x196 /usr/lib/gcc/arm-none-eabi/13.2.1/../../../arm-none-eabi/lib/thumb/v7e-m/nofp/libc_nano.a(libc_a-msizer.o)
 .debug_abbrev  0x00004194      0x408 /usr/lib/gcc/arm-none-eabi/13.2.1/../../../arm-none-eabi/lib/thumb/v7e-m/nofp/libc_nano.a(libc_a-findfp.o)
 .debug_abbrev  0x0000459c      0x1ee /usr/lib/gcc/arm-none-eabi/13.2.1/../../../arm-none-eabi/lib/thumb/v7e-m/nofp/libc_nano.a(libc_a-reent.o)
 .debug_abbrev  0x0000478a       0xa1 /usr/lib/gcc/arm-none-eabi/13.2.1/../../../arm-none-eabi/lib/thumb/v7e-m/nofp/libnosys.a(sbrk.o)
 .debug_abbrev  0x0000482b       0x14 /usr/lib/gcc/arm-none-eabi/13.2.1/thumb/v7e-m/nofp/libgcc.a(_aeabi_uldivmod.o)
 .debug_abbrev  0x0000483f      0x16a /usr/lib/gcc/arm-none-eabi/13.2.1/thumb/v7e-m/nofp/libgcc.a(_udivmoddi4.o)
 .debug_abbrev  0x000049a9       0x26 /usr/lib/gcc/arm-none-eabi/13.2.1/thumb/v7e-m/nofp/libgcc.a(_dvmd_tls.o)

.debug_loclists
                0x00000000     0x80f9
 .debug_loclists
                0x00000000       0xad build/master/system_stm32wlxx.o
 .debug_loclists
                0x000000ad      0x22a build/master/stm32wlxx_hal.o
 .debug_loclists
                0x000002d7      0x406 build/master/stm32wlxx_hal_cortex.o
 .debug_loclists
                0x000006dd      0x784 build/master/stm32wlxx_hal_rcc.o
 .debug_loclists
                0x00000e61      0x237 build/master/stm32wlxx_hal_gpio.o
 .debug_loclists
                0x00001098     0x37bd build/master/stm32wlxx_hal_uart.o
 .debug_loclists
                0x00004855      0xbea build/master/stm32wlxx_hal_subghz.o
 .debug_loclists
                0x0000543f      0x17c build/master/stm32wlxx_hal_pwr.o
 .debug_loclists
                0x000055bb      0x3c4 build/master/stm32wlxx_hal_pwr_ex.o
 .debug_loclists
                0x0000597f       0x1a build/master/hw_init.o
 .debug_loclists
                0x00005999      0x2ce build/master/lora_p2p.o
 .debug_loclists
                0x00005c67      0x166 build/master/uart_debug.o
 .debug_loclists
                0x00005dcd       0x83 build/master/main_master.o
 .debug_loclists
                0x00005e50      0x2c4 /usr/lib/gcc/arm-none-eabi/13.2.1/../../../arm-none-eabi/lib/thumb/v7e-m/nofp/libc_nano.a(libc_a-vsnprintf.o)
 .debug_loclists
                0x00006114      0x56b /usr/lib/gcc/arm-none-eabi/13.2.1/../../../arm-none-eabi/lib/thumb/v7e-m/nofp/libc_nano.a(libc_a-nano-svfprintf.o)
 .debug_loclists
                0x0000667f       0x65 /usr/lib/gcc/arm-none-eabi/13.2.1/../../../arm-none-eabi/lib/thumb/v7e-m/nofp/libc_nano.a(libc_a-init.o)
 .debug_loclists
                0x000066e4      0x1c2 /usr/lib/gcc/arm-none-eabi/13.2.1/../../../arm-none-eabi/lib/thumb/v7e-m/nofp/libc_nano.a(libc_a-memset.o)
 .debug_loclists
                0x000068a6      0x263 /usr/lib/gcc/arm-none-eabi/13.2.1/../../../arm-none-eabi/lib/thumb/v7e-m/nofp/libc_nano.a(libc_a-mallocr.o)
 .debug_loclists
                0x00006b09      0x164 /usr/lib/gcc/arm-none-eabi/13.2.1/../../../arm-none-eabi/lib/thumb/v7e-m/nofp/libc_nano.a(libc_a-freer.o)
 .debug_loclists
                0x00006c6d      0x233 /usr/lib/gcc/arm-none-eabi/13.2.1/../../../arm-none-eabi/lib/thumb/v7e-m/nofp/libc_nano.a(libc_a-memmove.o)
 .debug_loclists
                0x00006ea0      0x102 /usr/lib/gcc/arm-none-eabi/13.2.1/../../../arm-none-eabi/lib/thumb/v7e-m/nofp/libc_nano.a(libc_a-reallocr.o)
 .debug_loclists
                0x00006fa2      0x44f /usr/lib/gcc/arm-none-eabi/13.2.1/../../../arm-none-eabi/lib/thumb/v7e-m/nofp/libc_nano.a(libc_a-nano-vfprintf_i.o)
 .debug_loclists
                0x000073f1       0x4b /usr/lib/gcc/arm-none-eabi/13.2.1/../../../arm-none-eabi/lib/thumb/v7e-m/nofp/libc_nano.a(libc_a-sbrkr.o)
 .debug_loclists
                0x0000743c       0x59 /usr/lib/gcc/arm-none-eabi/13.2.1/../../../arm-none-eabi/lib/thumb/v7e-m/nofp/libc_nano.a(libc_a-msizer.o)
 .debug_loclists
                0x00007495      0x1d0 /usr/lib/gcc/arm-none-eabi/13.2.1/../../../arm-none-eabi/lib/thumb/v7e-m/nofp/libc_nano.a(libc_a-findfp.o)
 .debug_loclists
                0x00007665       0x80 /usr/lib/gcc/arm-none-eabi/13.2.1/../../../arm-none-eabi/lib/thumb/v7e-m/nofp/libc_nano.a(libc_a-reent.o)
 .debug_loclists
                0x000076e5       0x30 /usr/lib/gcc/arm-none-eabi/13.2.1/../../../arm-none-eabi/lib/thumb/v7e-m/nofp/libnosys.a(sbrk.o)
 .debug_loclists
                0x00007715      0x9e4 /usr/lib/gcc/arm-none-eabi/13.2.1/thumb/v7e-m/nofp/libgcc.a(_udivmoddi4.o)

.debug_aranges  0x00000000      0xc08
 .debug_aranges
                0x00000000       0x28 build/master/system_stm32wlxx.o
 .debug_aranges
                0x00000028      0x120 build/master/stm32wlxx_hal.o
 .debug_aranges
                0x00000148       0xb8 build/master/stm32wlxx_hal_cortex.o
 .debug_aranges
                0x00000200       0xb8 build/master/stm32wlxx_hal_rcc.o
 .debug_aranges
                0x000002b8       0x60 build/master/stm32wlxx_hal_gpio.o
 .debug_aranges
                0x00000318      0x248 build/master/stm32wlxx_hal_uart.o
 .debug_aranges
                0x00000560      0x120 build/master/stm32wlxx_hal_subghz.o
 .debug_aranges
                0x00000680       0x98 build/master/stm32wlxx_hal_pwr.o
 .debug_aranges
                0x00000718      0x140 build/master/stm32wlxx_hal_pwr_ex.o
 .debug_aranges
                0x00000858       0x28 build/master/hw_init.o
 .debug_aranges
                0x00000880       0x70 build/master/lora_p2p.o
 .debug_aranges
                0x000008f0       0x40 build/master/uart_debug.o
 .debug_aranges
                0x00000930       0x40 build/master/main_master.o
 .debug_aranges
                0x00000970       0x20 /usr/lib/gcc/arm-none-eabi/13.2.1/../../../arm-none-eabi/lib/thumb/v7e-m/nofp/libc_nano.a(libc_a-vsnprintf.o)
 .debug_aranges
                0x00000990       0x18 /usr/lib/gcc/arm-none-eabi/13.2.1/../../../arm-none-eabi/lib/thumb/v7e-m/nofp/libc_nano.a(libc_a-impure.o)
 .debug_aranges
                0x000009a8       0x20 /usr/lib/gcc/arm-none-eabi/13.2.1/../../../arm-none-eabi/lib/thumb/v7e-m/nofp/libc_nano.a(libc_a-nano-svfprintf.o)
 .debug_aranges
                0x000009c8       0x20 /usr/lib/gcc/arm-none-eabi/13.2.1/../../../arm-none-eabi/lib/thumb/v7e-m/nofp/libc_nano.a(libc_a-init.o)
 .debug_aranges
                0x000009e8       0x20 /usr/lib/gcc/arm-none-eabi/13.2.1/../../../arm-none-eabi/lib/thumb/v7e-m/nofp/libc_nano.a(libc_a-memset.o)
 .debug_aranges
                0x00000a08       0x20 /usr/lib/gcc/arm-none-eabi/13.2.1/../../../arm-none-eabi/lib/thumb/v7e-m/nofp/libc_nano.a(libc_a-mallocr.o)
 .debug_aranges
                0x00000a28       0x20 /usr/lib/gcc/arm-none-eabi/13.2.1/../../../arm-none-eabi/lib/thumb/v7e-m/nofp/libc_nano.a(libc_a-freer.o)
 .debug_aranges
                0x00000a48       0x20 /usr/lib/gcc/arm-none-eabi/13.2.1/../../../arm-none-eabi/lib/thumb/v7e-m/nofp/libc_nano.a(libc_a-memmove.o)
 .debug_aranges
                0x00000a68       0x20 /usr/lib/gcc/arm-none-eabi/13.2.1/../../../arm-none-eabi/lib/thumb/v7e-m/nofp/libc_nano.a(libc_a-memchr.o)
 .debug_aranges
                0x00000a88       0x20 /usr/lib/gcc/arm-none-eabi/13.2.1/../../../arm-none-eabi/lib/thumb/v7e-m/nofp/libc_nano.a(libc_a-memcpy.o)
 .debug_aranges
                0x00000aa8       0x20 /usr/lib/gcc/arm-none-eabi/13.2.1/../../../arm-none-eabi/lib/thumb/v7e-m/nofp/libc_nano.a(libc_a-reallocr.o)
 .debug_aranges
                0x00000ac8       0x20 /usr/lib/gcc/arm-none-eabi/13.2.1/../../../arm-none-eabi/lib/thumb/v7e-m/nofp/libc_nano.a(libc_a-nano-vfprintf_i.o)
 .debug_aranges
                0x00000ae8       0x20 /usr/lib/gcc/arm-none-eabi/13.2.1/../../../arm-none-eabi/lib/thumb/v7e-m/nofp/libc_nano.a(libc_a-mlock.o)
 .debug_aranges
                0x00000b08       0x20 /usr/lib/gcc/arm-none-eabi/13.2.1/../../../arm-none-eabi/lib/thumb/v7e-m/nofp/libc_nano.a(libc_a-sbrkr.o)
 .debug_aranges
                0x00000b28       0x20 /usr/lib/gcc/arm-none-eabi/13.2.1/../../../arm-none-eabi/lib/thumb/v7e-m/nofp/libc_nano.a(libc_a-msizer.o)
 .debug_aranges
                0x00000b48       0x20 /usr/lib/gcc/arm-none-eabi/13.2.1/../../../arm-none-eabi/lib/thumb/v7e-m/nofp/libc_nano.a(libc_a-findfp.o)
 .debug_aranges
                0x00000b68       0x20 /usr/lib/gcc/arm-none-eabi/13.2.1/../../../arm-none-eabi/lib/thumb/v7e-m/nofp/libc_nano.a(libc_a-reent.o)
 .debug_aranges
                0x00000b88       0x20 /usr/lib/gcc/arm-none-eabi/13.2.1/../../../arm-none-eabi/lib/thumb/v7e-m/nofp/libnosys.a(sbrk.o)
 .debug_aranges
                0x00000ba8       0x20 /usr/lib/gcc/arm-none-eabi/13.2.1/thumb/v7e-m/nofp/libgcc.a(_aeabi_uldivmod.o)
 .debug_aranges
                0x00000bc8       0x20 /usr/lib/gcc/arm-none-eabi/13.2.1/thumb/v7e-m/nofp/libgcc.a(_udivmoddi4.o)
 .debug_aranges
                0x00000be8       0x20 /usr/lib/gcc/arm-none-eabi/13.2.1/thumb/v7e-m/nofp/libgcc.a(_dvmd_tls.o)

.debug_rnglists
                0x00000000      0xce2
 .debug_rnglists
                0x00000000       0x1a build/master/system_stm32wlxx.o
 .debug_rnglists
                0x0000001a       0xeb build/master/stm32wlxx_hal.o
 .debug_rnglists
                0x00000105       0xee build/master/stm32wlxx_hal_cortex.o
 .debug_rnglists
                0x000001f3      0x1a2 build/master/stm32wlxx_hal_rcc.o
 .debug_rnglists
                0x00000395       0x45 build/master/stm32wlxx_hal_gpio.o
 .debug_rnglists
                0x000003da      0x273 build/master/stm32wlxx_hal_uart.o
 .debug_rnglists
                0x0000064d      0x181 build/master/stm32wlxx_hal_subghz.o
 .debug_rnglists
                0x000007ce       0x6d build/master/stm32wlxx_hal_pwr.o
 .debug_rnglists
                0x0000083b       0xf7 build/master/stm32wlxx_hal_pwr_ex.o
 .debug_rnglists
                0x00000932       0x26 build/master/hw_init.o
 .debug_rnglists
                0x00000958       0xdf build/master/lora_p2p.o
 .debug_rnglists
                0x00000a37       0x66 build/master/uart_debug.o
 .debug_rnglists
                0x00000a9d       0x55 build/master/main_master.o
 .debug_rnglists
                0x00000af2       0x1c /usr/lib/gcc/arm-none-eabi/13.2.1/../../../arm-none-eabi/lib/thumb/v7e-m/nofp/libc_nano.a(libc_a-vsnprintf.o)
 .debug_rnglists
                0x00000b0e       0x42 /usr/lib/gcc/arm-none-eabi/13.2.1/../../../arm-none-eabi/lib/thumb/v7e-m/nofp/libc_nano.a(libc_a-nano-svfprintf.o)
 .debug_rnglists
                0x00000b50       0x1e /usr/lib/gcc/arm-none-eabi/13.2.1/../../../arm-none-eabi/lib/thumb/v7e-m/nofp/libc_nano.a(libc_a-mallocr.o)
 .debug_rnglists
                0x00000b6e       0x13 /usr/lib/gcc/arm-none-eabi/13.2.1/../../../arm-none-eabi/lib/thumb/v7e-m/nofp/libc_nano.a(libc_a-freer.o)
 .debug_rnglists
                0x00000b81       0x66 /usr/lib/gcc/arm-none-eabi/13.2.1/../../../arm-none-eabi/lib/thumb/v7e-m/nofp/libc_nano.a(libc_a-nano-vfprintf_i.o)
 .debug_rnglists
                0x00000be7       0x77 /usr/lib/gcc/arm-none-eabi/13.2.1/../../../arm-none-eabi/lib/thumb/v7e-m/nofp/libc_nano.a(libc_a-findfp.o)
 .debug_rnglists
                0x00000c5e       0x84 /usr/lib/gcc/arm-none-eabi/13.2.1/thumb/v7e-m/nofp/libgcc.a(_udivmoddi4.o)

.debug_line     0x00000000     0xdb12
 .debug_line    0x00000000      0x210 build/master/system_stm32wlxx.o
 .debug_line    0x00000210      0x8df build/master/stm32wlxx_hal.o
 .debug_line    0x00000aef      0x785 build/master/stm32wlxx_hal_cortex.o
 .debug_line    0x00001274     0x16e0 build/master/stm32wlxx_hal_rcc.o
 .debug_line    0x00002954      0x5f8 build/master/stm32wlxx_hal_gpio.o
 .debug_line    0x00002f4c     0x4bac build/master/stm32wlxx_hal_uart.o
 .debug_line    0x00007af8      0xe7c build/master/stm32wlxx_hal_subghz.o
 .debug_line    0x00008974      0x42d build/master/stm32wlxx_hal_pwr.o
 .debug_line    0x00008da1      0x8c7 build/master/stm32wlxx_hal_pwr_ex.o
 .debug_line    0x00009668      0x2db build/master/hw_init.o
 .debug_line    0x00009943      0x6ed build/master/lora_p2p.o
 .debug_line    0x0000a030      0x364 build/master/uart_debug.o
 .debug_line    0x0000a394      0x259 build/master/main_master.o
 .debug_line    0x0000a5ed      0x335 /usr/lib/gcc/arm-none-eabi/13.2.1/../../../arm-none-eabi/lib/thumb/v7e-m/nofp/libc_nano.a(libc_a-vsnprintf.o)
 .debug_line    0x0000a922       0xe7 /usr/lib/gcc/arm-none-eabi/13.2.1/../../../arm-none-eabi/lib/thumb/v7e-m/nofp/libc_nano.a(libc_a-impure.o)
 .debug_line    0x0000aa09      0x854 /usr/lib/gcc/arm-none-eabi/13.2.1/../../../arm-none-eabi/lib/thumb/v7e-m/nofp/libc_nano.a(libc_a-nano-svfprintf.o)
 .debug_line    0x0000b25d      0x11e /usr/lib/gcc/arm-none-eabi/13.2.1/../../../arm-none-eabi/lib/thumb/v7e-m/nofp/libc_nano.a(libc_a-init.o)
 .debug_line    0x0000b37b      0x1b6 /usr/lib/gcc/arm-none-eabi/13.2.1/../../../arm-none-eabi/lib/thumb/v7e-m/nofp/libc_nano.a(libc_a-memset.o)
 .debug_line    0x0000b531      0x446 /usr/lib/gcc/arm-none-eabi/13.2.1/../../../arm-none-eabi/lib/thumb/v7e-m/nofp/libc_nano.a(libc_a-mallocr.o)
 .debug_line    0x0000b977      0x2c3 /usr/lib/gcc/arm-none-eabi/13.2.1/../../../arm-none-eabi/lib/thumb/v7e-m/nofp/libc_nano.a(libc_a-freer.o)
 .debug_line    0x0000bc3a      0x1f1 /usr/lib/gcc/arm-none-eabi/13.2.1/../../../arm-none-eabi/lib/thumb/v7e-m/nofp/libc_nano.a(libc_a-memmove.o)
 .debug_line    0x0000be2b       0x84 /usr/lib/gcc/arm-none-eabi/13.2.1/../../../arm-none-eabi/lib/thumb/v7e-m/nofp/libc_nano.a(libc_a-memchr.o)
 .debug_line    0x0000beaf       0xb9 /usr/lib/gcc/arm-none-eabi/13.2.1/../../../arm-none-eabi/lib/thumb/v7e-m/nofp/libc_nano.a(libc_a-memcpy.o)
 .debug_line    0x0000bf68      0x1f8 /usr/lib/gcc/arm-none-eabi/13.2.1/../../../arm-none-eabi/lib/thumb/v7e-m/nofp/libc_nano.a(libc_a-reallocr.o)
 .debug_line    0x0000c160      0x75d /usr/lib/gcc/arm-none-eabi/13.2.1/../../../arm-none-eabi/lib/thumb/v7e-m/nofp/libc_nano.a(libc_a-nano-vfprintf_i.o)
 .debug_line    0x0000c8bd      0x153 /usr/lib/gcc/arm-none-eabi/13.2.1/../../../arm-none-eabi/lib/thumb/v7e-m/nofp/libc_nano.a(libc_a-mlock.o)
 .debug_line    0x0000ca10      0x193 /usr/lib/gcc/arm-none-eabi/13.2.1/../../../arm-none-eabi/lib/thumb/v7e-m/nofp/libc_nano.a(libc_a-sbrkr.o)
 .debug_line    0x0000cba3      0x176 /usr/lib/gcc/arm-none-eabi/13.2.1/../../../arm-none-eabi/lib/thumb/v7e-m/nofp/libc_nano.a(libc_a-msizer.o)
 .debug_line    0x0000cd19      0x4fc /usr/lib/gcc/arm-none-eabi/13.2.1/../../../arm-none-eabi/lib/thumb/v7e-m/nofp/libc_nano.a(libc_a-findfp.o)
 .debug_line    0x0000d215      0x27b /usr/lib/gcc/arm-none-eabi/13.2.1/../../../arm-none-eabi/lib/thumb/v7e-m/nofp/libc_nano.a(libc_a-reent.o)
 .debug_line    0x0000d490       0x76 /usr/lib/gcc/arm-none-eabi/13.2.1/../../../arm-none-eabi/lib/thumb/v7e-m/nofp/libnosys.a(sbrk.o)
 .debug_line    0x0000d506       0x4e /usr/lib/gcc/arm-none-eabi/13.2.1/thumb/v7e-m/nofp/libgcc.a(_aeabi_uldivmod.o)
 .debug_line    0x0000d554      0x574 /usr/lib/gcc/arm-none-eabi/13.2.1/thumb/v7e-m/nofp/libgcc.a(_udivmoddi4.o)
 .debug_line    0x0000dac8       0x4a /usr/lib/gcc/arm-none-eabi/13.2.1/thumb/v7e-m/nofp/libgcc.a(_dvmd_tls.o)

.debug_str      0x00000000     0x590c
 .debug_str     0x00000000     0x590c build/master/system_stm32wlxx.o
                                0x367 (size before relaxing)
 .debug_str     0x0000590c      0xea8 build/master/stm32wlxx_hal.o
 .debug_str     0x0000590c      0xaec build/master/stm32wlxx_hal_cortex.o
 .debug_str     0x0000590c      0xd37 build/master/stm32wlxx_hal_rcc.o
 .debug_str     0x0000590c      0x417 build/master/stm32wlxx_hal_gpio.o
 .debug_str     0x0000590c     0x121e build/master/stm32wlxx_hal_uart.o
 .debug_str     0x0000590c      0xd06 build/master/stm32wlxx_hal_subghz.o
 .debug_str     0x0000590c      0x5e5 build/master/stm32wlxx_hal_pwr.o
 .debug_str     0x0000590c      0x9e3 build/master/stm32wlxx_hal_pwr_ex.o
 .debug_str     0x0000590c      0xac2 build/master/hw_init.o
 .debug_str     0x0000590c      0xfe3 build/master/lora_p2p.o
 .debug_str     0x0000590c      0x7b6 build/master/uart_debug.o
 .debug_str     0x0000590c      0x42d build/master/main_master.o
 .debug_str     0x0000590c      0x507 /usr/lib/gcc/arm-none-eabi/13.2.1/../../../arm-none-eabi/lib/thumb/v7e-m/nofp/libc_nano.a(libc_a-vsnprintf.o)
 .debug_str     0x0000590c      0x4b6 /usr/lib/gcc/arm-none-eabi/13.2.1/../../../arm-none-eabi/lib/thumb/v7e-m/nofp/libc_nano.a(libc_a-impure.o)
 .debug_str     0x0000590c      0x7ff /usr/lib/gcc/arm-none-eabi/13.2.1/../../../arm-none-eabi/lib/thumb/v7e-m/nofp/libc_nano.a(libc_a-nano-svfprintf.o)
 .debug_str     0x0000590c      0x1f4 /usr/lib/gcc/arm-none-eabi/13.2.1/../../../arm-none-eabi/lib/thumb/v7e-m/nofp/libc_nano.a(libc_a-init.o)
 .debug_str     0x0000590c      0x1a7 /usr/lib/gcc/arm-none-eabi/13.2.1/../../../arm-none-eabi/lib/thumb/v7e-m/nofp/libc_nano.a(libc_a-memset.o)
 .debug_str     0x0000590c      0x597 /usr/lib/gcc/arm-none-eabi/13.2.1/../../../arm-none-eabi/lib/thumb/v7e-m/nofp/libc_nano.a(libc_a-mallocr.o)
 .debug_str     0x0000590c      0x536 /usr/lib/gcc/arm-none-eabi/13.2.1/../../../arm-none-eabi/lib/thumb/v7e-m/nofp/libc_nano.a(libc_a-freer.o)
 .debug_str     0x0000590c      0x1c6 /usr/lib/gcc/arm-none-eabi/13.2.1/../../../arm-none-eabi/lib/thumb/v7e-m/nofp/libc_nano.a(libc_a-memmove.o)
 .debug_str     0x0000590c       0x9b /usr/lib/gcc/arm-none-eabi/13.2.1/../../../arm-none-eabi/lib/thumb/v7e-m/nofp/libc_nano.a(libc_a-memchr.o)
 .debug_str     0x0000590c       0xa9 /usr/lib/gcc/arm-none-eabi/13.2.1/../../../arm-none-eabi/lib/thumb/v7e-m/nofp/libc_nano.a(libc_a-memcpy.o)
 .debug_str     0x0000590c      0x52c /usr/lib/gcc/arm-none-eabi/13.2.1/../../../arm-none-eabi/lib/thumb/v7e-m/nofp/libc_nano.a(libc_a-reallocr.o)
 .debug_str     0x0000590c      0x795 /usr/lib/gcc/arm-none-eabi/13.2.1/../../../arm-none-eabi/lib/thumb/v7e-m/nofp/libc_nano.a(libc_a-nano-vfprintf_i.o)
 .debug_str     0x0000590c      0x4d4 /usr/lib/gcc/arm-none-eabi/13.2.1/../../../arm-none-eabi/lib/thumb/v7e-m/nofp/libc_nano.a(libc_a-mlock.o)
 .debug_str     0x0000590c      0x4bf /usr/lib/gcc/arm-none-eabi/13.2.1/../../../arm-none-eabi/lib/thumb/v7e-m/nofp/libc_nano.a(libc_a-sbrkr.o)
 .debug_str     0x0000590c      0x4ff /usr/lib/gcc/arm-none-eabi/13.2.1/../../../arm-none-eabi/lib/thumb/v7e-m/nofp/libc_nano.a(libc_a-msizer.o)
 .debug_str     0x0000590c      0x6b9 /usr/lib/gcc/arm-none-eabi/13.2.1/../../../arm-none-eabi/lib/thumb/v7e-m/nofp/libc_nano.a(libc_a-findfp.o)
 .debug_str     0x0000590c      0x4d5 /usr/lib/gcc/arm-none-eabi/13.2.1/../../../arm-none-eabi/lib/thumb/v7e-m/nofp/libc_nano.a(libc_a-reent.o)
 .debug_str     0x0000590c      0x117 /usr/lib/gcc/arm-none-eabi/13.2.1/../../../arm-none-eabi/lib/thumb/v7e-m/nofp/libnosys.a(sbrk.o)
 .debug_str     0x0000590c       0xa0 /usr/lib/gcc/arm-none-eabi/13.2.1/thumb/v7e-m/nofp/libgcc.a(_aeabi_uldivmod.o)
 .debug_str     0x0000590c      0x67f /usr/lib/gcc/arm-none-eabi/13.2.1/thumb/v7e-m/nofp/libgcc.a(_udivmoddi4.o)
 .debug_str     0x0000590c       0xc0 /usr/lib/gcc/arm-none-eabi/13.2.1/thumb/v7e-m/nofp/libgcc.a(_dvmd_tls.o)

.debug_frame    0x00000000     0x1c14
 .debug_frame   0x00000000       0x30 build/master/system_stm32wlxx.o
 .debug_frame   0x00000030      0x260 build/master/stm32wlxx_hal.o
 .debug_frame   0x00000290      0x170 build/master/stm32wlxx_hal_cortex.o
 .debug_frame   0x00000400      0x1f4 build/master/stm32wlxx_hal_rcc.o
 .debug_frame   0x000005f4       0xe0 build/master/stm32wlxx_hal_gpio.o
 .debug_frame   0x000006d4      0x6cc build/master/stm32wlxx_hal_uart.o
 .debug_frame   0x00000da0      0x2f0 build/master/stm32wlxx_hal_subghz.o
 .debug_frame   0x00001090      0x118 build/master/stm32wlxx_hal_pwr.o
 .debug_frame   0x000011a8      0x268 build/master/stm32wlxx_hal_pwr_ex.o
 .debug_frame   0x00001410       0x48 build/master/hw_init.o
 .debug_frame   0x00001458      0x130 build/master/lora_p2p.o
 .debug_frame   0x00001588       0xdc build/master/uart_debug.o
 .debug_frame   0x00001664       0xa4 build/master/main_master.o
 .debug_frame   0x00001708       0x60 /usr/lib/gcc/arm-none-eabi/13.2.1/../../../arm-none-eabi/lib/thumb/v7e-m/nofp/libc_nano.a(libc_a-vsnprintf.o)
 .debug_frame   0x00001768       0x98 /usr/lib/gcc/arm-none-eabi/13.2.1/../../../arm-none-eabi/lib/thumb/v7e-m/nofp/libc_nano.a(libc_a-nano-svfprintf.o)
 .debug_frame   0x00001800       0x2c /usr/lib/gcc/arm-none-eabi/13.2.1/../../../arm-none-eabi/lib/thumb/v7e-m/nofp/libc_nano.a(libc_a-init.o)
 .debug_frame   0x0000182c       0x2c /usr/lib/gcc/arm-none-eabi/13.2.1/../../../arm-none-eabi/lib/thumb/v7e-m/nofp/libc_nano.a(libc_a-memset.o)
 .debug_frame   0x00001858       0x50 /usr/lib/gcc/arm-none-eabi/13.2.1/../../../arm-none-eabi/lib/thumb/v7e-m/nofp/libc_nano.a(libc_a-mallocr.o)
 .debug_frame   0x000018a8       0x58 /usr/lib/gcc/arm-none-eabi/13.2.1/../../../arm-none-eabi/lib/thumb/v7e-m/nofp/libc_nano.a(libc_a-freer.o)
 .debug_frame   0x00001900       0x40 /usr/lib/gcc/arm-none-eabi/13.2.1/../../../arm-none-eabi/lib/thumb/v7e-m/nofp/libc_nano.a(libc_a-memmove.o)
 .debug_frame   0x00001940       0x38 /usr/lib/gcc/arm-none-eabi/13.2.1/../../../arm-none-eabi/lib/thumb/v7e-m/nofp/libc_nano.a(libc_a-reallocr.o)
 .debug_frame   0x00001978       0x6c /usr/lib/gcc/arm-none-eabi/13.2.1/../../../arm-none-eabi/lib/thumb/v7e-m/nofp/libc_nano.a(libc_a-nano-vfprintf_i.o)
 .debug_frame   0x000019e4       0x30 /usr/lib/gcc/arm-none-eabi/13.2.1/../../../arm-none-eabi/lib/thumb/v7e-m/nofp/libc_nano.a(libc_a-mlock.o)
 .debug_frame   0x00001a14       0x2c /usr/lib/gcc/arm-none-eabi/13.2.1/../../../arm-none-eabi/lib/thumb/v7e-m/nofp/libc_nano.a(libc_a-sbrkr.o)
 .debug_frame   0x00001a40       0x20 /usr/lib/gcc/arm-none-eabi/13.2.1/../../../arm-none-eabi/lib/thumb/v7e-m/nofp/libc_nano.a(libc_a-msizer.o)
 .debug_frame   0x00001a60       0xf4 /usr/lib/gcc/arm-none-eabi/13.2.1/../../../arm-none-eabi/lib/thumb/v7e-m/nofp/libc_nano.a(libc_a-findfp.o)
 .debug_frame   0x00001b54       0x40 /usr/lib/gcc/arm-none-eabi/13.2.1/../../../arm-none-eabi/lib/thumb/v7e-m/nofp/libc_nano.a(libc_a-reent.o)
 .debug_frame   0x00001b94       0x20 /usr/lib/gcc/arm-none-eabi/13.2.1/../../../arm-none-eabi/lib/thumb/v7e-m/nofp/libnosys.a(sbrk.o)
 .debug_frame   0x00001bb4       0x2c /usr/lib/gcc/arm-none-eabi/13.2.1/thumb/v7e-m/nofp/libgcc.a(_aeabi_uldivmod.o)
 .debug_frame   0x00001be0       0x34 /usr/lib/gcc/arm-none-eabi/13.2.1/thumb/v7e-m/nofp/libgcc.a(_udivmoddi4.o)

.debug_line_str
                0x00000000      0x13f
 .debug_line_str
                0x00000000      0x13f /usr/lib/gcc/arm-none-eabi/13.2.1/../../../arm-none-eabi/lib/thumb/v7e-m/nofp/libc_nano.a(libc_a-memchr.o)
                                 0x8f (size before relaxing)
 .debug_line_str
                0x0000013f       0x96 /usr/lib/gcc/arm-none-eabi/13.2.1/../../../arm-none-eabi/lib/thumb/v7e-m/nofp/libc_nano.a(libc_a-memcpy.o)
 .debug_line_str
                0x0000013f       0x94 /usr/lib/gcc/arm-none-eabi/13.2.1/thumb/v7e-m/nofp/libgcc.a(_aeabi_uldivmod.o)
 .debug_line_str
                0x0000013f       0x98 /usr/lib/gcc/arm-none-eabi/13.2.1/thumb/v7e-m/nofp/libgcc.a(_dvmd_tls.o)

Cross Reference Table

Symbol                                            File
ADC_IRQHandler                                    build/master/startup_stm32wle5xx.o
AES_IRQHandler                                    build/master/startup_stm32wle5xx.o
AHBPrescTable                                     build/master/system_stm32wlxx.o
                                                  build/master/stm32wlxx_hal_rcc_ex.o
                                                  build/master/stm32wlxx_hal_rcc.o
APBPrescTable                                     build/master/system_stm32wlxx.o
                                                  build/master/stm32wlxx_hal_rcc_ex.o
                                                  build/master/stm32wlxx_hal_rcc.o
BusFault_Handler                                  build/master/startup_stm32wle5xx.o
COMP_IRQHandler                                   build/master/startup_stm32wle5xx.o
DAC_IRQHandler                                    build/master/startup_stm32wle5xx.o
DMA1_Channel1_IRQHandler                          build/master/startup_stm32wle5xx.o
DMA1_Channel2_IRQHandler                          build/master/startup_stm32wle5xx.o
DMA1_Channel3_IRQHandler                          build/master/startup_stm32wle5xx.o
DMA1_Channel4_IRQHandler                          build/master/startup_stm32wle5xx.o
DMA1_Channel5_IRQHandler                          build/master/startup_stm32wle5xx.o
DMA1_Channel6_IRQHandler                          build/master/startup_stm32wle5xx.o
DMA1_Channel7_IRQHandler                          build/master/startup_stm32wle5xx.o
DMA2_Channel1_IRQHandler                          build/master/startup_stm32wle5xx.o
DMA2_Channel2_IRQHandler                          build/master/startup_stm32wle5xx.o
DMA2_Channel3_IRQHandler                          build/master/startup_stm32wle5xx.o
DMA2_Channel4_IRQHandler                          build/master/startup_stm32wle5xx.o
DMA2_Channel5_IRQHandler                          build/master/startup_stm32wle5xx.o
DMA2_Channel6_IRQHandler                          build/master/startup_stm32wle5xx.o
DMA2_Channel7_IRQHandler                          build/master/startup_stm32wle5xx.o
DMAMUX1_OVR_IRQHandler                            build/master/startup_stm32wle5xx.o
DebugMon_Handler                                  build/master/startup_stm32wle5xx.o
Default_Handler                                   build/master/startup_stm32wle5xx.o
EXTI0_IRQHandler                                  build/master/startup_stm32wle5xx.o
EXTI15_10_IRQHandler                              build/master/startup_stm32wle5xx.o
EXTI1_IRQHandler                                  build/master/startup_stm32wle5xx.o
EXTI2_IRQHandler                                  build/master/startup_stm32wle5xx.o
EXTI3_IRQHandler                                  build/master/startup_stm32wle5xx.o
EXTI4_IRQHandler                                  build/master/startup_stm32wle5xx.o
EXTI9_5_IRQHandler                                build/master/startup_stm32wle5xx.o
FLASH_IRQHandler                                  build/master/startup_stm32wle5xx.o
FLASH_PageErase                                   build/master/stm32wlxx_hal_flash_ex.o
                                                  build/master/stm32wlxx_hal_flash.o
FLASH_WaitForLastOperation                        build/master/stm32wlxx_hal_flash.o
                                                  build/master/stm32wlxx_hal_flash_ex.o
HAL_DBGMCU_DisableDBGSleepMode                    build/master/stm32wlxx_hal.o
HAL_DBGMCU_DisableDBGStandbyMode                  build/master/stm32wlxx_hal.o
HAL_DBGMCU_DisableDBGStopMode                     build/master/stm32wlxx_hal.o
HAL_DBGMCU_EnableDBGSleepMode                     build/master/stm32wlxx_hal.o
HAL_DBGMCU_EnableDBGStandbyMode                   build/master/stm32wlxx_hal.o
HAL_DBGMCU_EnableDBGStopMode                      build/master/stm32wlxx_hal.o
HAL_DMA_Abort                                     build/master/stm32wlxx_hal_dma.o
                                                  build/master/stm32wlxx_hal_uart.o
HAL_DMA_Abort_IT                                  build/master/stm32wlxx_hal_dma.o
                                                  build/master/stm32wlxx_hal_uart.o
HAL_DMA_DeInit                                    build/master/stm32wlxx_hal_dma.o
HAL_DMA_GetError                                  build/master/stm32wlxx_hal_dma.o
                                                  build/master/stm32wlxx_hal_uart.o
HAL_DMA_GetState                                  build/master/stm32wlxx_hal_dma.o
HAL_DMA_IRQHandler                                build/master/stm32wlxx_hal_dma.o
HAL_DMA_Init                                      build/master/stm32wlxx_hal_dma.o
HAL_DMA_PollForTransfer                           build/master/stm32wlxx_hal_dma.o
HAL_DMA_RegisterCallback                          build/master/stm32wlxx_hal_dma.o
HAL_DMA_Start                                     build/master/stm32wlxx_hal_dma.o
HAL_DMA_Start_IT                                  build/master/stm32wlxx_hal_dma.o
                                                  build/master/stm32wlxx_hal_uart.o
HAL_DMA_UnRegisterCallback                        build/master/stm32wlxx_hal_dma.o
HAL_DeInit                                        build/master/stm32wlxx_hal.o
HAL_Delay                                         build/master/stm32wlxx_hal.o
                                                  build/master/main_master.o
                                                  build/master/lora_p2p.o
HAL_FLASHEx_AllowOperation                        build/master/stm32wlxx_hal_flash_ex.o
HAL_FLASHEx_Erase                                 build/master/stm32wlxx_hal_flash_ex.o
HAL_FLASHEx_Erase_IT                              build/master/stm32wlxx_hal_flash_ex.o
HAL_FLASHEx_FlashEmptyCheck                       build/master/stm32wlxx_hal_flash_ex.o
HAL_FLASHEx_ForceFlashEmpty                       build/master/stm32wlxx_hal_flash_ex.o
HAL_FLASHEx_IsOperationSuspended                  build/master/stm32wlxx_hal_flash_ex.o
HAL_FLASHEx_OBGetConfig                           build/master/stm32wlxx_hal_flash_ex.o
HAL_FLASHEx_OBProgram                             build/master/stm32wlxx_hal_flash_ex.o
HAL_FLASHEx_SuspendOperation                      build/master/stm32wlxx_hal_flash_ex.o
HAL_FLASH_EndOfOperationCallback                  build/master/stm32wlxx_hal_flash.o
HAL_FLASH_GetError                                build/master/stm32wlxx_hal_flash.o
HAL_FLASH_IRQHandler                              build/master/stm32wlxx_hal_flash.o
HAL_FLASH_Lock                                    build/master/stm32wlxx_hal_flash.o
HAL_FLASH_OB_Launch                               build/master/stm32wlxx_hal_flash.o
HAL_FLASH_OB_Lock                                 build/master/stm32wlxx_hal_flash.o
HAL_FLASH_OB_Unlock                               build/master/stm32wlxx_hal_flash.o
HAL_FLASH_OperationErrorCallback                  build/master/stm32wlxx_hal_flash.o
HAL_FLASH_Program                                 build/master/stm32wlxx_hal_flash.o
HAL_FLASH_Program_IT                              build/master/stm32wlxx_hal_flash.o
HAL_FLASH_Unlock                                  build/master/stm32wlxx_hal_flash.o
HAL_GPIO_DeInit                                   build/master/stm32wlxx_hal_gpio.o
HAL_GPIO_EXTI_Callback                            build/master/stm32wlxx_hal_gpio.o
HAL_GPIO_EXTI_IRQHandler                          build/master/stm32wlxx_hal_gpio.o
HAL_GPIO_Init                                     build/master/stm32wlxx_hal_gpio.o
                                                  build/master/hw_init.o
                                                  build/master/stm32wlxx_hal_rcc.o
HAL_GPIO_LockPin                                  build/master/stm32wlxx_hal_gpio.o
HAL_GPIO_ReadPin                                  build/master/stm32wlxx_hal_gpio.o
HAL_GPIO_TogglePin                                build/master/stm32wlxx_hal_gpio.o
HAL_GPIO_WriteMultipleStatePin                    build/master/stm32wlxx_hal_gpio.o
HAL_GPIO_WritePin                                 build/master/stm32wlxx_hal_gpio.o
HAL_GetDEVID                                      build/master/stm32wlxx_hal.o
HAL_GetHalVersion                                 build/master/stm32wlxx_hal.o
HAL_GetREVID                                      build/master/stm32wlxx_hal.o
HAL_GetTick                                       build/master/stm32wlxx_hal.o
                                                  build/master/main_master.o
                                                  build/master/stm32wlxx_hal_flash.o
                                                  build/master/stm32wlxx_hal_dma.o
                                                  build/master/stm32wlxx_hal_uart_ex.o
                                                  build/master/stm32wlxx_hal_uart.o
                                                  build/master/stm32wlxx_hal_rcc_ex.o
                                                  build/master/stm32wlxx_hal_rcc.o
HAL_GetTickFreq                                   build/master/stm32wlxx_hal.o
HAL_GetTickPrio                                   build/master/stm32wlxx_hal.o
HAL_GetUIDw0                                      build/master/stm32wlxx_hal.o
HAL_GetUIDw1                                      build/master/stm32wlxx_hal.o
HAL_GetUIDw2                                      build/master/stm32wlxx_hal.o
HAL_HalfDuplex_EnableReceiver                     build/master/stm32wlxx_hal_uart.o
HAL_HalfDuplex_EnableTransmitter                  build/master/stm32wlxx_hal_uart.o
HAL_HalfDuplex_Init                               build/master/stm32wlxx_hal_uart.o
HAL_IncTick                                       build/master/stm32wlxx_hal.o
HAL_Init                                          build/master/stm32wlxx_hal.o
                                                  build/master/hw_init.o
HAL_InitTick                                      build/master/stm32wlxx_hal.o
                                                  build/master/stm32wlxx_hal_rcc.o
HAL_LIN_Init                                      build/master/stm32wlxx_hal_uart.o
HAL_LIN_SendBreak                                 build/master/stm32wlxx_hal_uart.o
HAL_MPU_ConfigRegion                              build/master/stm32wlxx_hal_cortex.o
HAL_MPU_Disable                                   build/master/stm32wlxx_hal_cortex.o
HAL_MPU_DisableRegion                             build/master/stm32wlxx_hal_cortex.o
HAL_MPU_Enable                                    build/master/stm32wlxx_hal_cortex.o
HAL_MPU_EnableRegion                              build/master/stm32wlxx_hal_cortex.o
HAL_MspDeInit                                     build/master/stm32wlxx_hal.o
HAL_MspInit                                       build/master/stm32wlxx_hal.o
HAL_MultiProcessorEx_AddressLength_Set            build/master/stm32wlxx_hal_uart_ex.o
HAL_MultiProcessor_DisableMuteMode                build/master/stm32wlxx_hal_uart.o
HAL_MultiProcessor_EnableMuteMode                 build/master/stm32wlxx_hal_uart.o
HAL_MultiProcessor_EnterMuteMode                  build/master/stm32wlxx_hal_uart.o
HAL_MultiProcessor_Init                           build/master/stm32wlxx_hal_uart.o
HAL_NVIC_ClearPendingIRQ                          build/master/stm32wlxx_hal_cortex.o
HAL_NVIC_DisableIRQ                               build/master/stm32wlxx_hal_cortex.o
HAL_NVIC_EnableIRQ                                build/master/stm32wlxx_hal_cortex.o
                                                  build/master/lora_p2p.o
HAL_NVIC_GetActive                                build/master/stm32wlxx_hal_cortex.o
HAL_NVIC_GetPendingIRQ                            build/master/stm32wlxx_hal_cortex.o
HAL_NVIC_GetPriority                              build/master/stm32wlxx_hal_cortex.o
HAL_NVIC_GetPriorityGrouping                      build/master/stm32wlxx_hal_cortex.o
HAL_NVIC_SetPendingIRQ                            build/master/stm32wlxx_hal_cortex.o
HAL_NVIC_SetPriority                              build/master/stm32wlxx_hal_cortex.o
                                                  build/master/lora_p2p.o
                                                  build/master/stm32wlxx_hal.o
HAL_NVIC_SetPriorityGrouping                      build/master/stm32wlxx_hal_cortex.o
                                                  build/master/stm32wlxx_hal.o
HAL_NVIC_SystemReset                              build/master/stm32wlxx_hal_cortex.o
HAL_PWREx_ConfigPVM                               build/master/stm32wlxx_hal_pwr_ex.o
HAL_PWREx_ControlVoltageScaling                   build/master/stm32wlxx_hal_pwr_ex.o
HAL_PWREx_DisableBORPVD_ULP                       build/master/stm32wlxx_hal_pwr_ex.o
HAL_PWREx_DisableBatteryCharging                  build/master/stm32wlxx_hal_pwr_ex.o
HAL_PWREx_DisableFlashPowerDown                   build/master/stm32wlxx_hal_pwr_ex.o
HAL_PWREx_DisableGPIOPullDown                     build/master/stm32wlxx_hal_pwr_ex.o
HAL_PWREx_DisableGPIOPullUp                       build/master/stm32wlxx_hal_pwr_ex.o
HAL_PWREx_DisableInternalWakeUpLine               build/master/stm32wlxx_hal_pwr_ex.o
HAL_PWREx_DisableLowPowerRunMode                  build/master/stm32wlxx_hal_pwr_ex.o
                                                  build/master/stm32wlxx_hal_pwr.o
HAL_PWREx_DisablePVM3                             build/master/stm32wlxx_hal_pwr_ex.o
HAL_PWREx_DisablePullUpPullDownConfig             build/master/stm32wlxx_hal_pwr_ex.o
HAL_PWREx_DisableSRAMRetention                    build/master/stm32wlxx_hal_pwr_ex.o
HAL_PWREx_DisableWPVD                             build/master/stm32wlxx_hal_pwr_ex.o
HAL_PWREx_EnableBORPVD_ULP                        build/master/stm32wlxx_hal_pwr_ex.o
HAL_PWREx_EnableBatteryCharging                   build/master/stm32wlxx_hal_pwr_ex.o
HAL_PWREx_EnableFlashPowerDown                    build/master/stm32wlxx_hal_pwr_ex.o
HAL_PWREx_EnableGPIOPullDown                      build/master/stm32wlxx_hal_pwr_ex.o
HAL_PWREx_EnableGPIOPullUp                        build/master/stm32wlxx_hal_pwr_ex.o
HAL_PWREx_EnableInternalWakeUpLine                build/master/stm32wlxx_hal_pwr_ex.o
HAL_PWREx_EnableLowPowerRunMode                   build/master/stm32wlxx_hal_pwr_ex.o
                                                  build/master/stm32wlxx_hal_pwr.o
HAL_PWREx_EnablePVM3                              build/master/stm32wlxx_hal_pwr_ex.o
HAL_PWREx_EnablePullUpPullDownConfig              build/master/stm32wlxx_hal_pwr_ex.o
HAL_PWREx_EnableSRAMRetention                     build/master/stm32wlxx_hal_pwr_ex.o
HAL_PWREx_EnableWPVD                              build/master/stm32wlxx_hal_pwr_ex.o
HAL_PWREx_EnterSHUTDOWNMode                       build/master/stm32wlxx_hal_pwr_ex.o
HAL_PWREx_EnterSTOP0Mode                          build/master/stm32wlxx_hal_pwr_ex.o
                                                  build/master/stm32wlxx_hal_pwr.o
HAL_PWREx_EnterSTOP1Mode                          build/master/stm32wlxx_hal_pwr_ex.o
                                                  build/master/stm32wlxx_hal_pwr.o
HAL_PWREx_EnterSTOP2Mode                          build/master/stm32wlxx_hal_pwr_ex.o
HAL_PWREx_GetVoltageRange                         build/master/stm32wlxx_hal_pwr_ex.o
                                                  build/master/stm32wlxx_hal_rcc.o
HAL_PWREx_PVD_PVM_IRQHandler                      build/master/stm32wlxx_hal_pwr_ex.o
HAL_PWREx_PVM3Callback                            build/master/stm32wlxx_hal_pwr_ex.o
HAL_PWREx_SMPS_GetEffectiveMode                   build/master/stm32wlxx_hal_pwr_ex.o
HAL_PWREx_SMPS_SetMode                            build/master/stm32wlxx_hal_pwr_ex.o
HAL_PWREx_SetRadioBusyPolarity                    build/master/stm32wlxx_hal_pwr_ex.o
HAL_PWREx_SetRadioBusyTrigger                     build/master/stm32wlxx_hal_pwr_ex.o
HAL_PWREx_SetRadioEOL                             build/master/stm32wlxx_hal_pwr_ex.o
HAL_PWREx_SetRadioIRQTrigger                      build/master/stm32wlxx_hal_pwr_ex.o
HAL_PWR_ConfigPVD                                 build/master/stm32wlxx_hal_pwr.o
HAL_PWR_DeInit                                    build/master/stm32wlxx_hal_pwr.o
HAL_PWR_DisableBkUpAccess                         build/master/stm32wlxx_hal_pwr.o
HAL_PWR_DisablePVD                                build/master/stm32wlxx_hal_pwr.o
HAL_PWR_DisableSEVOnPend                          build/master/stm32wlxx_hal_pwr.o
HAL_PWR_DisableSleepOnExit                        build/master/stm32wlxx_hal_pwr.o
HAL_PWR_DisableWakeUpPin                          build/master/stm32wlxx_hal_pwr.o
HAL_PWR_EnableBkUpAccess                          build/master/stm32wlxx_hal_pwr.o
                                                  build/master/stm32wlxx_hal_rcc_ex.o
                                                  build/master/stm32wlxx_hal_rcc.o
HAL_PWR_EnablePVD                                 build/master/stm32wlxx_hal_pwr.o
HAL_PWR_EnableSEVOnPend                           build/master/stm32wlxx_hal_pwr.o
HAL_PWR_EnableSleepOnExit                         build/master/stm32wlxx_hal_pwr.o
HAL_PWR_EnableWakeUpPin                           build/master/stm32wlxx_hal_pwr.o
HAL_PWR_EnterSLEEPMode                            build/master/stm32wlxx_hal_pwr.o
HAL_PWR_EnterSTANDBYMode                          build/master/stm32wlxx_hal_pwr.o
HAL_PWR_EnterSTOPMode                             build/master/stm32wlxx_hal_pwr.o
HAL_PWR_PVDCallback                               build/master/stm32wlxx_hal_pwr.o
                                                  build/master/stm32wlxx_hal_pwr_ex.o
HAL_RCCEx_DisableLSCO                             build/master/stm32wlxx_hal_rcc_ex.o
HAL_RCCEx_DisableLSECSS                           build/master/stm32wlxx_hal_rcc_ex.o
HAL_RCCEx_DisableMSIPLLMode                       build/master/stm32wlxx_hal_rcc_ex.o
HAL_RCCEx_EnableLSCO                              build/master/stm32wlxx_hal_rcc_ex.o
HAL_RCCEx_EnableLSECSS                            build/master/stm32wlxx_hal_rcc_ex.o
HAL_RCCEx_EnableLSECSS_IT                         build/master/stm32wlxx_hal_rcc_ex.o
HAL_RCCEx_EnableMSIPLLMode                        build/master/stm32wlxx_hal_rcc_ex.o
HAL_RCCEx_GetPeriphCLKConfig                      build/master/stm32wlxx_hal_rcc_ex.o
HAL_RCCEx_GetPeriphCLKFreq                        build/master/stm32wlxx_hal_rcc_ex.o
HAL_RCCEx_LSECSS_Callback                         build/master/stm32wlxx_hal_rcc_ex.o
HAL_RCCEx_LSECSS_IRQHandler                       build/master/stm32wlxx_hal_rcc_ex.o
HAL_RCCEx_PeriphCLKConfig                         build/master/stm32wlxx_hal_rcc_ex.o
HAL_RCCEx_WakeUpStopCLKConfig                     build/master/stm32wlxx_hal_rcc_ex.o
HAL_RCC_CSSCallback                               build/master/stm32wlxx_hal_rcc.o
HAL_RCC_ClockConfig                               build/master/stm32wlxx_hal_rcc.o
                                                  build/master/hw_init.o
HAL_RCC_DeInit                                    build/master/stm32wlxx_hal_rcc.o
HAL_RCC_EnableCSS                                 build/master/stm32wlxx_hal_rcc.o
HAL_RCC_GetClockConfig                            build/master/stm32wlxx_hal_rcc.o
HAL_RCC_GetHCLK3Freq                              build/master/stm32wlxx_hal_rcc.o
HAL_RCC_GetHCLKFreq                               build/master/stm32wlxx_hal_rcc.o
                                                  build/master/stm32wlxx_hal.o
HAL_RCC_GetOscConfig                              build/master/stm32wlxx_hal_rcc.o
HAL_RCC_GetPCLK1Freq                              build/master/stm32wlxx_hal_rcc.o
                                                  build/master/stm32wlxx_hal_uart.o
HAL_RCC_GetPCLK2Freq                              build/master/stm32wlxx_hal_rcc.o
                                                  build/master/stm32wlxx_hal_uart.o
HAL_RCC_GetResetSource                            build/master/stm32wlxx_hal_rcc.o
HAL_RCC_GetSysClockFreq                           build/master/stm32wlxx_hal_rcc.o
                                                  build/master/stm32wlxx_hal_uart.o
                                                  build/master/stm32wlxx_hal_rcc_ex.o
HAL_RCC_MCOConfig                                 build/master/stm32wlxx_hal_rcc.o
HAL_RCC_NMI_IRQHandler                            build/master/stm32wlxx_hal_rcc.o
HAL_RCC_OscConfig                                 build/master/stm32wlxx_hal_rcc.o
                                                  build/master/hw_init.o
HAL_RS485Ex_Init                                  build/master/stm32wlxx_hal_uart_ex.o
HAL_ResumeTick                                    build/master/stm32wlxx_hal.o
HAL_SUBGHZ_CADStatusCallback                      build/master/stm32wlxx_hal_subghz.o
HAL_SUBGHZ_CRCErrorCallback                       build/master/stm32wlxx_hal_subghz.o
HAL_SUBGHZ_DeInit                                 build/master/stm32wlxx_hal_subghz.o
HAL_SUBGHZ_ExecGetCmd                             build/master/stm32wlxx_hal_subghz.o
                                                  build/master/lora_p2p.o
HAL_SUBGHZ_ExecSetCmd                             build/master/stm32wlxx_hal_subghz.o
                                                  build/master/lora_p2p.o
HAL_SUBGHZ_GetError                               build/master/stm32wlxx_hal_subghz.o
HAL_SUBGHZ_GetState                               build/master/stm32wlxx_hal_subghz.o
HAL_SUBGHZ_HeaderErrorCallback                    build/master/stm32wlxx_hal_subghz.o
HAL_SUBGHZ_HeaderValidCallback                    build/master/stm32wlxx_hal_subghz.o
HAL_SUBGHZ_IRQHandler                             build/master/stm32wlxx_hal_subghz.o
HAL_SUBGHZ_Init                                   build/master/stm32wlxx_hal_subghz.o
                                                  build/master/lora_p2p.o
HAL_SUBGHZ_LrFhssHopCallback                      build/master/stm32wlxx_hal_subghz.o
HAL_SUBGHZ_MspDeInit                              build/master/stm32wlxx_hal_subghz.o
HAL_SUBGHZ_MspInit                                build/master/stm32wlxx_hal_subghz.o
HAL_SUBGHZ_PreambleDetectedCallback               build/master/stm32wlxx_hal_subghz.o
HAL_SUBGHZ_ReadBuffer                             build/master/stm32wlxx_hal_subghz.o
                                                  build/master/lora_p2p.o
HAL_SUBGHZ_ReadRegister                           build/master/stm32wlxx_hal_subghz.o
HAL_SUBGHZ_ReadRegisters                          build/master/stm32wlxx_hal_subghz.o
HAL_SUBGHZ_RxCpltCallback                         build/master/stm32wlxx_hal_subghz.o
HAL_SUBGHZ_RxTxTimeoutCallback                    build/master/stm32wlxx_hal_subghz.o
HAL_SUBGHZ_SyncWordValidCallback                  build/master/stm32wlxx_hal_subghz.o
HAL_SUBGHZ_TxCpltCallback                         build/master/stm32wlxx_hal_subghz.o
HAL_SUBGHZ_WriteBuffer                            build/master/stm32wlxx_hal_subghz.o
                                                  build/master/lora_p2p.o
HAL_SUBGHZ_WriteRegister                          build/master/stm32wlxx_hal_subghz.o
HAL_SUBGHZ_WriteRegisters                         build/master/stm32wlxx_hal_subghz.o